# benchlocal-cli sandbox log — cli-40
# container_id: b7750d354e3efcec4b3cc2c7ac60446acd5bad8b65a964bec6b2e89383baf52c
# captured_at: 2026-09-27T18:33:54Z

=== STDOUT ===

=== STDERR ===
[cli-sandbox] listening on :9000
[cli-sandbox] "GET /health HTTP/1.1" 200 -
[cli-sandbox] "POST /verify HTTP/1.1" 200 -
[cli-sandbox] "POST /verify HTTP/1.1" 200 -
[cli-sandbox] "POST /verify-start HTTP/1.1" 200 -
[cli-sandbox] "POST /verify-turn HTTP/1.1" 200 -
[cli-sandbox] "POST /verify-turn HTTP/1.1" 200 -
[cli-sandbox] "POST /verify-turn HTTP/1.1" 200 -
[cli-sandbox] "POST /verify-turn HTTP/1.1" 200 -
[cli-sandbox] "POST /verify-turn HTTP/1.1" 200 -
[cli-sandbox] "POST /verify-start HTTP/1.1" 200 -
[cli-sandbox] "POST /verify-turn HTTP/1.1" 200 -
[cli-sandbox] "POST /verify-turn HTTP/1.1" 200 -
[cli-sandbox] "POST /verify-turn HTTP/1.1" 200 -
[cli-sandbox] "POST /verify-turn HTTP/1.1" 200 -

