[07:26:49][pq2/1 gpu1] gguf $MODEL_ROOT/bonsai2-gguf/27B/Ternary-Bonsai-2-27B-PQ2_0.gguf, ctx 196608, slots 8, port 19101, pool final-pool/half1.jsonl
[07:26:54][pq2/1 gpu1] ready after 10s
[07:26:54][pq2/1 gpu1] === EFFORT GATE (template) ===
[07:26:54][pq2/1 gpu1] OK: low and xhigh lines rendered
[07:26:54][pq2/1 gpu1] === STAGE: --efforts xhigh --repeats 1 ===
150 tasks x ['xhigh'] x 1 = 150 calls, concurrency 8
[1/150] rg-propositional_logic-005 xhigh r1 rt=None ct=175 $0.00 
[2/150] rg-intermediate_integration-003 xhigh r1 rt=None ct=1233 $0.00 
[3/150] rg-intermediate_integration-009 xhigh r1 rt=None ct=1301 $0.00 
[4/150] rg-propositional_logic-003 xhigh r1 rt=None ct=1569 $0.00 
[5/150] rg-intermediate_integration-007 xhigh r1 rt=None ct=1858 $0.00 
[6/150] rg-propositional_logic-009 xhigh r1 rt=None ct=874 $0.00 
[7/150] rg-word_ladder-003 xhigh r1 rt=None ct=1241 $0.00 
[8/150] rg-intermediate_integration-001 xhigh r1 rt=None ct=2919 $0.00 
[9/150] rg-number_sequence-003 xhigh r1 rt=None ct=86 $0.00 
[10/150] rg-word_ladder-007 xhigh r1 rt=None ct=994 $0.00 
[11/150] rg-intermediate_integration-005 xhigh r1 rt=None ct=3356 $0.00 
[12/150] rg-number_sequence-001 xhigh r1 rt=None ct=712 $0.00 
[13/150] rg-propositional_logic-007 xhigh r1 rt=None ct=4780 $0.00 
[14/150] rg-number_sequence-007 xhigh r1 rt=None ct=1953 $0.00 
[15/150] rg-word_ladder-001 xhigh r1 rt=None ct=4132 $0.00 
[16/150] rg-number_sequence-005 xhigh r1 rt=None ct=2569 $0.00 
[17/150] rg-propositional_logic-001 xhigh r1 rt=None ct=11937 $0.00 
[18/150] rg-word_ladder-005 xhigh r1 rt=None ct=11365 $0.00 
[19/150] ma-hmmt_feb_2026-13 xhigh r1 rt=None ct=12334 $0.00 
run-bonsai.sh: line 64: 2522756 Killed                  ./venv/bin/python harness/run_devpool.py --run-name "$RUN" --pool "$POOL" --concurrency "$PAR" "$@"
[07:48:54][pq2/1 gpu1] !! stage failed: --efforts xhigh --repeats 1
[07:48:54][pq2/1 gpu1] === STAGE: --efforts off low medium --repeats 1 ===
150 tasks x ['off', 'low', 'medium'] x 1 = 450 calls, concurrency 8
[07:48:54][pq2/1 gpu1] stopping server
