===== restart on quarter pools 07:49:26
[07:49:26][pq2/quarter3 gpu3] gguf $MODEL_ROOT/bonsai2-gguf/27B/Ternary-Bonsai-2-27B-PQ2_0.gguf, ctx 196608, slots 8, port 19103, pool final-pool/quarter3.jsonl
[07:49:41][pq2/quarter3 gpu3] ready after 20s
[07:49:41][pq2/quarter3 gpu3] === EFFORT GATE (template) ===
[07:49:41][pq2/quarter3 gpu3] OK: low and xhigh lines rendered
[07:49:41][pq2/quarter3 gpu3] === STAGE: --efforts xhigh --repeats 1 ===
75 tasks x ['xhigh'] x 1 = 75 calls, concurrency 8
[10/75] if-49 xhigh r1 rt=None ct=6991 $0.00 
[11/75] if-239 xhigh r1 rt=None ct=4004 $0.00 
[12/75] if-283 xhigh r1 rt=None ct=1918 $0.00 
[13/75] bfcl-live_multiple_562-155-2 xhigh r1 rt=None ct=97 $0.00 
[14/75] bfcl-live_multiple_1030-258-0 xhigh r1 rt=None ct=360 $0.00 
[15/75] bfcl-live_simple_173-99-7 xhigh r1 rt=None ct=57 $0.00 
[16/75] bfcl-live_simple_234-123-1 xhigh r1 rt=None ct=485 $0.00 
[17/75] bfcl-irrelevance_221 xhigh r1 rt=None ct=253 $0.00 
[18/75] bfcl-live_parallel_multiple_19-16-1 xhigh r1 rt=None ct=277 $0.00 
[19/75] rg-intermediate_integration-113 xhigh r1 rt=None ct=1162 $0.00 
[20/75] ma-hmmt_feb_2026-32 xhigh r1 rt=None ct=16334 $0.00 
[21/75] rg-intermediate_integration-121 xhigh r1 rt=None ct=629 $0.00 
[22/75] if-204 xhigh r1 rt=None ct=18464 $0.00 
[23/75] rg-intermediate_integration-117 xhigh r1 rt=None ct=3045 $0.00 
[24/75] rg-intermediate_integration-125 xhigh r1 rt=None ct=2215 $0.00 
[25/75] rg-propositional_logic-117 xhigh r1 rt=None ct=177 $0.00 
[26/75] rg-propositional_logic-121 xhigh r1 rt=None ct=478 $0.00 
[27/75] rg-intermediate_integration-130 xhigh r1 rt=None ct=2090 $0.00 
[28/75] rg-propositional_logic-129 xhigh r1 rt=None ct=785 $0.00 
[29/75] rg-word_ladder-111 xhigh r1 rt=None ct=1997 $0.00 
[30/75] rg-propositional_logic-125 xhigh r1 rt=None ct=5053 $0.00 
[31/75] rg-word_ladder-119 xhigh r1 rt=None ct=1788 $0.00 
[32/75] rg-propositional_logic-113 xhigh r1 rt=None ct=8760 $0.00 
[33/75] rg-number_sequence-111 xhigh r1 rt=None ct=128 $0.00 
[34/75] rg-number_sequence-115 xhigh r1 rt=None ct=54 $0.00 
[35/75] rg-number_sequence-119 xhigh r1 rt=None ct=735 $0.00 
[36/75] rg-number_sequence-123 xhigh r1 rt=None ct=69 $0.00 
[37/75] rg-number_sequence-127 xhigh r1 rt=None ct=100 $0.00 
[38/75] rg-word_ladder-115 xhigh r1 rt=None ct=5386 $0.00 
[39/75] rg-word_ladder-123 xhigh r1 rt=None ct=3519 $0.00 
[40/75] ma-hmmt_feb_2026-24 xhigh r1 rt=None ct=2040 $0.00 
===== restart 4 slots 229K 08:32:23
[08:32:23][pq2/quarter3 gpu3] gguf $MODEL_ROOT/bonsai2-gguf/27B/Ternary-Bonsai-2-27B-PQ2_0.gguf, ctx 229376, slots 6, port 19103, pool final-pool/quarter3.jsonl
[08:32:33][pq2/quarter3 gpu3] ready after 15s
[08:32:33][pq2/quarter3 gpu3] === EFFORT GATE (template) ===
[08:32:33][pq2/quarter3 gpu3] OK: low and xhigh lines rendered
[08:32:33][pq2/quarter3 gpu3] === STAGE: --efforts xhigh --repeats 1 ===
75 tasks x ['xhigh'] x 1 = 75 calls, concurrency 6
===== restart 4 slots 229K (actual) 08:33:41
[08:33:42][pq2/quarter3 gpu3] gguf $MODEL_ROOT/bonsai2-gguf/27B/Ternary-Bonsai-2-27B-PQ2_0.gguf, ctx 229376, slots 4, port 19103, pool final-pool/quarter3.jsonl
[08:33:52][pq2/quarter3 gpu3] ready after 15s
[08:33:52][pq2/quarter3 gpu3] === EFFORT GATE (template) ===
[08:33:52][pq2/quarter3 gpu3] OK: low and xhigh lines rendered
[08:33:52][pq2/quarter3 gpu3] === STAGE: --efforts xhigh --repeats 1 ===
75 tasks x ['xhigh'] x 1 = 75 calls, concurrency 4
[11/75] ma-hmmt_feb_2026-9 xhigh r1 rt=None ct=37009 $0.00 
===== restart timeout 3600 09:15:35
[09:15:35][pq2/quarter3 gpu3] gguf $MODEL_ROOT/bonsai2-gguf/27B/Ternary-Bonsai-2-27B-PQ2_0.gguf, ctx 229376, slots 4, port 19103, pool final-pool/quarter3.jsonl
[09:15:46][pq2/quarter3 gpu3] ready after 15s
[09:15:46][pq2/quarter3 gpu3] === EFFORT GATE (template) ===
[09:15:46][pq2/quarter3 gpu3] OK: low and xhigh lines rendered
[09:15:46][pq2/quarter3 gpu3] === STAGE: --efforts xhigh --repeats 1 ===
75 tasks x ['xhigh'] x 1 = 75 calls, concurrency 4
[13/75] rg-rush_hour-003 xhigh r1 rt=None ct=22424 $0.00 
[42/75] rg-rush_hour-107 xhigh r1 rt=None ct=8528 $0.00 
===== restart timeout 14400 09:36:26
[09:36:26][pq2/quarter3 gpu3] gguf $MODEL_ROOT/bonsai2-gguf/27B/Ternary-Bonsai-2-27B-PQ2_0.gguf, ctx 229376, slots 4, port 19103, pool final-pool/quarter3.jsonl
[09:36:36][pq2/quarter3 gpu3] ready after 15s
[09:36:36][pq2/quarter3 gpu3] === EFFORT GATE (template) ===
[09:36:36][pq2/quarter3 gpu3] OK: low and xhigh lines rendered
[09:36:36][pq2/quarter3 gpu3] === STAGE: --efforts xhigh --repeats 1 ===
75 tasks x ['xhigh'] x 1 = 75 calls, concurrency 4
[43/75] ma-hmmt_feb_2026-10 xhigh r1 rt=None ct=31961 $0.00 
[45/75] if-124 xhigh r1 rt=None ct=38141 $0.00 
[46/75] if-11 xhigh r1 rt=None ct=6978 $0.00 
[47/75] if-30 xhigh r1 rt=None ct=2433 $0.00 
[48/75] if-69 xhigh r1 rt=None ct=3145 $0.00 
[49/75] if-91 xhigh r1 rt=None ct=7776 $0.00 
[50/75] if-125 xhigh r1 rt=None ct=7019 $0.00 
[51/75] if-156 xhigh r1 rt=None ct=1186 $0.00 
[52/75] if-140 xhigh r1 rt=None ct=3272 $0.00 
[53/75] if-198 xhigh r1 rt=None ct=1268 $0.00 
[54/75] if-173 xhigh r1 rt=None ct=3516 $0.00 
[55/75] if-244 xhigh r1 rt=None ct=2093 $0.00 
[56/75] ma-aime_2026-30 xhigh r1 rt=None ct=58818 $0.00 
[57/75] if-299 xhigh r1 rt=None ct=5549 $0.00 
[58/75] bfcl-live_multiple_203-90-5 xhigh r1 rt=None ct=189 $0.00 
[59/75] bfcl-live_multiple_501-148-11 xhigh r1 rt=None ct=153 $0.00 
[60/75] bfcl-live_multiple_832-178-7 xhigh r1 rt=None ct=138 $0.00 
[61/75] bfcl-live_multiple_949-199-0 xhigh r1 rt=None ct=136 $0.00 
[62/75] bfcl-live_multiple_1007-236-0 xhigh r1 rt=None ct=71 $0.00 
[63/75] bfcl-live_simple_61-29-1 xhigh r1 rt=None ct=79 $0.00 
[64/75] bfcl-live_simple_126-82-0 xhigh r1 rt=None ct=152 $0.00 
[65/75] bfcl-live_simple_150-95-7 xhigh r1 rt=None ct=377 $0.00 
[66/75] bfcl-live_simple_210-117-2 xhigh r1 rt=None ct=91 $0.00 
[67/75] bfcl-live_simple_237-125-0 xhigh r1 rt=None ct=89 $0.00 
[68/75] bfcl-irrelevance_115 xhigh r1 rt=None ct=279 $0.00 
[69/75] bfcl-irrelevance_218 xhigh r1 rt=None ct=111 $0.00 
[70/75] bfcl-live_parallel_multiple_3-2-1 xhigh r1 rt=None ct=303 $0.00 
[71/75] bfcl-live_parallel_multiple_15-13-0 xhigh r1 rt=None ct=135 $0.00 
[72/75] bfcl-live_parallel_multiple_21-18-0 xhigh r1 rt=None ct=264 $0.00 
[73/75] ma-hmmt_feb_2026-25 xhigh r1 rt=None ct=74464 $0.00 
[74/75] if-278 xhigh r1 rt=None ct=23538 $0.00 
[75/75] if-230 xhigh r1 rt=None ct=42979 $0.00 
done in 105.5 min: ok=32 skip=43 err=0 cost=$0.00
[11:22:07][pq2/quarter3 gpu3] === STAGE: --efforts off low medium --repeats 1 ===
75 tasks x ['off', 'low', 'medium'] x 1 = 225 calls, concurrency 4
[1/225] rg-intermediate_integration-007 off r1 rt=None ct=538 $0.00 
[2/225] rg-propositional_logic-009 off r1 rt=None ct=9 $0.00 
[3/225] rg-word_ladder-003 off r1 rt=None ct=31 $0.00 
[4/225] rg-propositional_logic-005 off r1 rt=None ct=868 $0.00 
[5/225] rg-intermediate_integration-003 off r1 rt=None ct=907 $0.00 
[6/225] rg-number_sequence-003 off r1 rt=None ct=130 $0.00 
[7/225] rg-propositional_logic-001 off r1 rt=None ct=1002 $0.00 
[8/225] rg-number_sequence-007 off r1 rt=None ct=1571 $0.00 
[9/225] rg-word_ladder-007 off r1 rt=None ct=2484 $0.00 
[10/225] ma-hmmt_feb_2026-32 off r1 rt=None ct=3902 $0.00 
[11/225] ma-hmmt_feb_2026-9 off r1 rt=None ct=9391 $0.00 
[12/225] if-49 off r1 rt=None ct=707 $0.00 
[13/225] rg-rush_hour-003 off r1 rt=None ct=13467 $0.00 
[14/225] if-204 off r1 rt=None ct=203 $0.00 
[15/225] if-239 off r1 rt=None ct=208 $0.00 
[16/225] if-283 off r1 rt=None ct=8 $0.00 
[17/225] bfcl-live_multiple_562-155-2 off r1 rt=None ct=45 $0.00 
[18/225] bfcl-live_multiple_1030-258-0 off r1 rt=None ct=33 $0.00 
[19/225] bfcl-live_simple_173-99-7 off r1 rt=None ct=29 $0.00 
[20/225] bfcl-live_simple_234-123-1 off r1 rt=None ct=59 $0.00 
[21/225] ma-hmmt_feb_2026-25 off r1 rt=None ct=12623 $0.00 
[22/225] bfcl-live_parallel_multiple_19-16-1 off r1 rt=None ct=65 $0.00 
[23/225] bfcl-irrelevance_221 off r1 rt=None ct=404 $0.00 
[24/225] rg-intermediate_integration-113 off r1 rt=None ct=1104 $0.00 
[25/225] rg-intermediate_integration-117 off r1 rt=None ct=1426 $0.00 
[26/225] rg-intermediate_integration-121 off r1 rt=None ct=654 $0.00 
[27/225] ma-aime_2026-30 off r1 rt=None ct=12211 $0.00 
[28/225] rg-intermediate_integration-130 off r1 rt=None ct=2790 $0.00 
[29/225] rg-propositional_logic-117 off r1 rt=None ct=9 $0.00 
[30/225] rg-propositional_logic-121 off r1 rt=None ct=331 $0.00 
[31/225] rg-propositional_logic-125 off r1 rt=None ct=31 $0.00 
[32/225] if-124 off r1 rt=None ct=9608 $0.00 
[33/225] rg-propositional_logic-129 off r1 rt=None ct=1134 $0.00 
[34/225] rg-word_ladder-115 off r1 rt=None ct=26 $0.00 
[35/225] rg-intermediate_integration-125 off r1 rt=None ct=5589 $0.00 
[36/225] rg-word_ladder-119 off r1 rt=None ct=2189 $0.00 
[37/225] rg-number_sequence-111 off r1 rt=None ct=338 $0.00 
[38/225] rg-number_sequence-115 off r1 rt=None ct=82 $0.00 
[39/225] rg-propositional_logic-113 off r1 rt=None ct=6242 $0.00 
[40/225] rg-number_sequence-123 off r1 rt=None ct=167 $0.00 
[41/225] rg-number_sequence-127 off r1 rt=None ct=165 $0.00 
[42/225] rg-word_ladder-111 off r1 rt=None ct=5155 $0.00 
[43/225] rg-number_sequence-119 off r1 rt=None ct=2403 $0.00 
[44/225] rg-word_ladder-123 off r1 rt=None ct=5478 $0.00 
[45/225] if-11 off r1 rt=None ct=148 $0.00 
[46/225] ma-hmmt_feb_2026-24 off r1 rt=None ct=1951 $0.00 
[47/225] if-30 off r1 rt=None ct=265 $0.00 
[48/225] if-91 off r1 rt=None ct=11 $0.00 
[49/225] if-125 off r1 rt=None ct=48 $0.00 
[50/225] if-69 off r1 rt=None ct=506 $0.00 
[51/225] if-156 off r1 rt=None ct=263 $0.00 
[52/225] if-173 off r1 rt=None ct=91 $0.00 
[53/225] if-140 off r1 rt=None ct=739 $0.00 
[54/225] if-198 off r1 rt=None ct=118 $0.00 
[55/225] if-244 off r1 rt=None ct=483 $0.00 
[56/225] if-230 off r1 rt=None ct=591 $0.00 
[57/225] if-299 off r1 rt=None ct=80 $0.00 
[58/225] bfcl-live_multiple_203-90-5 off r1 rt=None ct=33 $0.00 
[59/225] bfcl-live_multiple_501-148-11 off r1 rt=None ct=66 $0.00 
[60/225] bfcl-live_multiple_832-178-7 off r1 rt=None ct=47 $0.00 
[61/225] bfcl-live_multiple_949-199-0 off r1 rt=None ct=28 $0.00 
[62/225] bfcl-live_multiple_1007-236-0 off r1 rt=None ct=29 $0.00 
[63/225] bfcl-live_simple_61-29-1 off r1 rt=None ct=42 $0.00 
[64/225] bfcl-live_simple_126-82-0 off r1 rt=None ct=90 $0.00 
[65/225] bfcl-live_simple_150-95-7 off r1 rt=None ct=34 $0.00 
[66/225] bfcl-live_simple_210-117-2 off r1 rt=None ct=59 $0.00 
[67/225] bfcl-live_simple_237-125-0 off r1 rt=None ct=49 $0.00 
[68/225] bfcl-irrelevance_115 off r1 rt=None ct=97 $0.00 
[69/225] bfcl-irrelevance_218 off r1 rt=None ct=133 $0.00 
[70/225] bfcl-live_parallel_multiple_3-2-1 off r1 rt=None ct=177 $0.00 
[71/225] bfcl-live_parallel_multiple_15-13-0 off r1 rt=None ct=78 $0.00 
[72/225] bfcl-live_parallel_multiple_21-18-0 off r1 rt=None ct=122 $0.00 
[73/225] if-278 off r1 rt=None ct=1512 $0.00 
[74/225] rg-intermediate_integration-003 low r1 rt=None ct=1449 $0.00 
[75/225] rg-intermediate_integration-007 low r1 rt=None ct=1517 $0.00 
[76/225] rg-rush_hour-107 off r1 rt=None ct=7293 $0.00 
[77/225] rg-propositional_logic-005 low r1 rt=None ct=396 $0.00 
[78/225] rg-propositional_logic-009 low r1 rt=None ct=119 $0.00 
[79/225] rg-word_ladder-003 low r1 rt=None ct=2769 $0.00 
[80/225] rg-number_sequence-003 low r1 rt=None ct=67 $0.00 
[81/225] rg-word_ladder-007 low r1 rt=None ct=3437 $0.00 
[82/225] ma-hmmt_feb_2026-10 off r1 rt=None ct=11882 $0.00 
[83/225] rg-number_sequence-007 low r1 rt=None ct=2077 $0.00 
[84/225] rg-propositional_logic-001 low r1 rt=None ct=10175 $0.00 
[85/225] ma-hmmt_feb_2026-32 low r1 rt=None ct=5186 $0.00 
[86/225] rg-rush_hour-003 low r1 rt=None ct=26446 $0.00 
[87/225] if-49 low r1 rt=None ct=6556 $0.00 
[88/225] ma-aime_2026-30 low r1 rt=None ct=42111 $0.00 
[89/225] if-204 low r1 rt=None ct=16105 $0.00 
[90/225] if-239 low r1 rt=None ct=5271 $0.00 
[91/225] if-283 low r1 rt=None ct=1027 $0.00 
[92/225] bfcl-live_multiple_562-155-2 low r1 rt=None ct=84 $0.00 
[93/225] bfcl-live_multiple_1030-258-0 low r1 rt=None ct=123 $0.00 
[94/225] bfcl-live_simple_173-99-7 low r1 rt=None ct=61 $0.00 
[95/225] bfcl-live_simple_234-123-1 low r1 rt=None ct=325 $0.00 
[96/225] bfcl-irrelevance_221 low r1 rt=None ct=351 $0.00 
[97/225] bfcl-live_parallel_multiple_19-16-1 low r1 rt=None ct=261 $0.00 
[98/225] rg-intermediate_integration-113 low r1 rt=None ct=1449 $0.00 
[99/225] rg-intermediate_integration-117 low r1 rt=None ct=3625 $0.00 
[100/225] rg-intermediate_integration-121 low r1 rt=None ct=732 $0.00 
[101/225] if-124 low r1 rt=None ct=52390 $0.00 
[102/225] rg-intermediate_integration-125 low r1 rt=None ct=4615 $0.00 
[103/225] rg-intermediate_integration-130 low r1 rt=None ct=4109 $0.00 
[104/225] rg-propositional_logic-117 low r1 rt=None ct=198 $0.00 
[105/225] rg-propositional_logic-121 low r1 rt=None ct=770 $0.00 
[106/225] rg-propositional_logic-125 low r1 rt=None ct=3323 $0.00 
[107/225] rg-propositional_logic-129 low r1 rt=None ct=398 $0.00 
[108/225] rg-word_ladder-111 low r1 rt=None ct=2872 $0.00 
[109/225] rg-propositional_logic-113 low r1 rt=None ct=10402 $0.00 
[110/225] rg-word_ladder-115 low r1 rt=None ct=1142 $0.00 
[111/225] ma-hmmt_feb_2026-25 low r1 rt=None ct=96900 $0.00 
[112/225] rg-number_sequence-111 low r1 rt=None ct=116 $0.00 
[113/225] rg-number_sequence-115 low r1 rt=None ct=55 $0.00 
[114/225] rg-number_sequence-119 low r1 rt=None ct=448 $0.00 
[115/225] rg-number_sequence-123 low r1 rt=None ct=64 $0.00 
[116/225] rg-number_sequence-127 low r1 rt=None ct=54 $0.00 
[117/225] rg-word_ladder-119 low r1 rt=None ct=5529 $0.00 
[118/225] rg-rush_hour-107 low r1 rt=None ct=9880 $0.00 
[119/225] ma-hmmt_feb_2026-24 low r1 rt=None ct=3178 $0.00 
[120/225] rg-word_ladder-123 low r1 rt=None ct=14402 $0.00 
[121/225] if-30 low r1 rt=None ct=2477 $0.00 
[122/225] if-69 low r1 rt=None ct=2416 $0.00 
[123/225] if-91 low r1 rt=None ct=2040 $0.00 
[124/225] if-11 low r1 rt=None ct=7995 $0.00 
[125/225] if-125 low r1 rt=None ct=1557 $0.00 
[126/225] if-140 low r1 rt=None ct=1788 $0.00 
[127/225] if-156 low r1 rt=None ct=1638 $0.00 
[128/225] if-198 low r1 rt=None ct=1313 $0.00 
[129/225] if-173 low r1 rt=None ct=3037 $0.00 
[130/225] if-244 low r1 rt=None ct=1624 $0.00 
[131/225] ma-hmmt_feb_2026-9 low r1 rt=None ct=131072 $0.00 
[132/225] if-299 low r1 rt=None ct=3850 $0.00 
[133/225] bfcl-live_multiple_203-90-5 low r1 rt=None ct=108 $0.00 
[134/225] bfcl-live_multiple_501-148-11 low r1 rt=None ct=141 $0.00 
[135/225] bfcl-live_multiple_832-178-7 low r1 rt=None ct=141 $0.00 
[136/225] bfcl-live_multiple_949-199-0 low r1 rt=None ct=163 $0.00 
[137/225] bfcl-live_multiple_1007-236-0 low r1 rt=None ct=68 $0.00 
[138/225] bfcl-live_simple_61-29-1 low r1 rt=None ct=60 $0.00 
[139/225] bfcl-live_simple_126-82-0 low r1 rt=None ct=188 $0.00 
[140/225] bfcl-live_simple_150-95-7 low r1 rt=None ct=392 $0.00 
[141/225] bfcl-live_simple_210-117-2 low r1 rt=None ct=120 $0.00 
[142/225] bfcl-live_simple_237-125-0 low r1 rt=None ct=82 $0.00 
[143/225] bfcl-irrelevance_115 low r1 rt=None ct=212 $0.00 
[144/225] bfcl-irrelevance_218 low r1 rt=None ct=381 $0.00 
[145/225] bfcl-live_parallel_multiple_3-2-1 low r1 rt=None ct=295 $0.00 
[146/225] bfcl-live_parallel_multiple_15-13-0 low r1 rt=None ct=133 $0.00 
[147/225] bfcl-live_parallel_multiple_21-18-0 low r1 rt=None ct=273 $0.00 
[148/225] rg-intermediate_integration-003 medium r1 rt=None ct=564 $0.00 
[149/225] rg-intermediate_integration-007 medium r1 rt=None ct=906 $0.00 
[150/225] rg-propositional_logic-001 medium r1 rt=None ct=1071 $0.00 
[151/225] rg-propositional_logic-005 medium r1 rt=None ct=565 $0.00 
[152/225] rg-propositional_logic-009 medium r1 rt=None ct=255 $0.00 
[153/225] rg-word_ladder-003 medium r1 rt=None ct=993 $0.00 
[154/225] rg-word_ladder-007 medium r1 rt=None ct=811 $0.00 
[155/225] rg-number_sequence-003 medium r1 rt=None ct=174 $0.00 
[156/225] rg-number_sequence-007 medium r1 rt=None ct=905 $0.00 
[157/225] if-278 low r1 rt=None ct=20061 $0.00 
[158/225] ma-hmmt_feb_2026-10 low r1 rt=None ct=52172 $0.00 
[159/225] rg-rush_hour-003 medium r1 rt=None ct=25737 $0.00 
[160/225] if-230 low r1 rt=None ct=47255 $0.00 
[161/225] ma-hmmt_feb_2026-32 medium r1 rt=None ct=6501 $0.00 
[162/225] if-49 medium r1 rt=None ct=6388 $0.00 
[163/225] ma-hmmt_feb_2026-25 medium r1 rt=None ct=29186 $0.00 
[164/225] if-124 medium r1 rt=None ct=9010 $0.00 
[165/225] if-204 medium r1 rt=None ct=8619 $0.00 
[166/225] if-283 medium r1 rt=None ct=217 $0.00 
[167/225] bfcl-live_multiple_562-155-2 medium r1 rt=None ct=108 $0.00 
[168/225] bfcl-live_multiple_1030-258-0 medium r1 rt=None ct=151 $0.00 
[169/225] bfcl-live_simple_173-99-7 medium r1 rt=None ct=55 $0.00 
[170/225] bfcl-live_simple_234-123-1 medium r1 rt=None ct=600 $0.00 
[171/225] if-239 medium r1 rt=None ct=1998 $0.00 
[172/225] bfcl-irrelevance_221 medium r1 rt=None ct=365 $0.00 
[173/225] bfcl-live_parallel_multiple_19-16-1 medium r1 rt=None ct=272 $0.00 
[174/225] rg-intermediate_integration-113 medium r1 rt=None ct=1085 $0.00 
[175/225] rg-intermediate_integration-121 medium r1 rt=None ct=913 $0.00 
[176/225] rg-intermediate_integration-117 medium r1 rt=None ct=2293 $0.00 
[177/225] ma-hmmt_feb_2026-9 medium r1 rt=None ct=51292 $0.00 
[178/225] rg-propositional_logic-113 medium r1 rt=None ct=1463 $0.00 
[179/225] rg-intermediate_integration-125 medium r1 rt=None ct=2705 $0.00 
[180/225] rg-propositional_logic-117 medium r1 rt=None ct=285 $0.00 
[181/225] rg-propositional_logic-121 medium r1 rt=None ct=323 $0.00 
[182/225] rg-intermediate_integration-130 medium r1 rt=None ct=2573 $0.00 
[183/225] rg-propositional_logic-129 medium r1 rt=None ct=600 $0.00 
[184/225] rg-propositional_logic-125 medium r1 rt=None ct=989 $0.00 
[185/225] rg-word_ladder-119 medium r1 rt=None ct=788 $0.00 
[186/225] rg-word_ladder-115 medium r1 rt=None ct=1042 $0.00 
[187/225] rg-number_sequence-111 medium r1 rt=None ct=372 $0.00 
[188/225] rg-number_sequence-115 medium r1 rt=None ct=162 $0.00 
[189/225] rg-number_sequence-119 medium r1 rt=None ct=435 $0.00 
[190/225] rg-number_sequence-123 medium r1 rt=None ct=159 $0.00 
[191/225] rg-number_sequence-127 medium r1 rt=None ct=179 $0.00 
[192/225] rg-word_ladder-123 medium r1 rt=None ct=1413 $0.00 
[193/225] rg-word_ladder-111 medium r1 rt=None ct=3115 $0.00 
[194/225] rg-rush_hour-107 medium r1 rt=None ct=2100 $0.00 
[195/225] ma-hmmt_feb_2026-24 medium r1 rt=None ct=3122 $0.00 
[196/225] if-30 medium r1 rt=None ct=3924 $0.00 
[197/225] if-11 medium r1 rt=None ct=6706 $0.00 
[198/225] if-69 medium r1 rt=None ct=2480 $0.00 
[199/225] if-125 medium r1 rt=None ct=1615 $0.00 
[200/225] if-140 medium r1 rt=None ct=1442 $0.00 
[201/225] if-91 medium r1 rt=None ct=6456 $0.00 
[202/225] if-156 medium r1 rt=None ct=5585 $0.00 
[203/225] if-173 medium r1 rt=None ct=3244 $0.00 
[204/225] ma-aime_2026-30 medium r1 rt=None ct=50606 $0.00 
[205/225] if-198 medium r1 rt=None ct=2055 $0.00 
[206/225] if-278 medium r1 rt=None ct=2916 $0.00 
[207/225] if-299 medium r1 rt=None ct=2066 $0.00 
[208/225] bfcl-live_multiple_203-90-5 medium r1 rt=None ct=133 $0.00 
[209/225] bfcl-live_multiple_501-148-11 medium r1 rt=None ct=138 $0.00 
[210/225] if-244 medium r1 rt=None ct=6688 $0.00 
[211/225] bfcl-live_multiple_832-178-7 medium r1 rt=None ct=157 $0.00 
[212/225] bfcl-live_multiple_949-199-0 medium r1 rt=None ct=103 $0.00 
[213/225] bfcl-live_multiple_1007-236-0 medium r1 rt=None ct=66 $0.00 
[214/225] bfcl-live_simple_61-29-1 medium r1 rt=None ct=79 $0.00 
[215/225] bfcl-live_simple_126-82-0 medium r1 rt=None ct=179 $0.00 
[216/225] bfcl-live_simple_210-117-2 medium r1 rt=None ct=100 $0.00 
[217/225] bfcl-live_simple_237-125-0 medium r1 rt=None ct=136 $0.00 
[218/225] bfcl-live_simple_150-95-7 medium r1 rt=None ct=422 $0.00 
[219/225] bfcl-irrelevance_115 medium r1 rt=None ct=225 $0.00 
[220/225] bfcl-irrelevance_218 medium r1 rt=None ct=273 $0.00 
[221/225] bfcl-live_parallel_multiple_15-13-0 medium r1 rt=None ct=131 $0.00 
[222/225] bfcl-live_parallel_multiple_3-2-1 medium r1 rt=None ct=339 $0.00 
[223/225] bfcl-live_parallel_multiple_21-18-0 medium r1 rt=None ct=268 $0.00 
[224/225] ma-hmmt_feb_2026-10 medium r1 rt=None ct=41272 $0.00 
[225/225] if-230 medium r1 rt=None ct=26564 $0.00 
done in 219.8 min: ok=225 skip=0 err=0 cost=$0.00
[15:01:53][pq2/quarter3 gpu3] === STAGE: --efforts xhigh --repeats 3 ===
75 tasks x ['xhigh'] x 3 = 225 calls, concurrency 4
[76/225] rg-intermediate_integration-007 xhigh r2 rt=None ct=1973 $0.00 
[77/225] rg-intermediate_integration-003 xhigh r2 rt=None ct=1999 $0.00 
[78/225] rg-propositional_logic-009 xhigh r2 rt=None ct=246 $0.00 
[79/225] rg-word_ladder-003 xhigh r2 rt=None ct=1382 $0.00 
[80/225] rg-word_ladder-007 xhigh r2 rt=None ct=1221 $0.00 
[81/225] rg-number_sequence-003 xhigh r2 rt=None ct=99 $0.00 
[82/225] rg-propositional_logic-005 xhigh r2 rt=None ct=4304 $0.00 
[83/225] rg-number_sequence-007 xhigh r2 rt=None ct=1040 $0.00 
[84/225] rg-propositional_logic-001 xhigh r2 rt=None ct=10429 $0.00 
[85/225] ma-hmmt_feb_2026-9 xhigh r2 rt=None ct=20525 $0.00 
[86/225] ma-hmmt_feb_2026-32 xhigh r2 rt=None ct=15087 $0.00 
[87/225] if-49 xhigh r2 rt=None ct=3171 $0.00 
[88/225] rg-rush_hour-003 xhigh r2 rt=None ct=57632 $0.00 
[89/225] ma-aime_2026-30 xhigh r2 rt=None ct=50433 $0.00 
[90/225] if-204 xhigh r2 rt=None ct=15399 $0.00 
[91/225] if-283 xhigh r2 rt=None ct=1906 $0.00 
[92/225] bfcl-live_multiple_562-155-2 xhigh r2 rt=None ct=101 $0.00 
[93/225] bfcl-live_multiple_1030-258-0 xhigh r2 rt=None ct=506 $0.00 
[94/225] bfcl-live_simple_173-99-7 xhigh r2 rt=None ct=57 $0.00 
[95/225] bfcl-live_simple_234-123-1 xhigh r2 rt=None ct=230 $0.00 
[96/225] bfcl-irrelevance_221 xhigh r2 rt=None ct=501 $0.00 
[97/225] if-239 xhigh r2 rt=None ct=4585 $0.00 
[98/225] bfcl-live_parallel_multiple_19-16-1 xhigh r2 rt=None ct=212 $0.00 
[99/225] rg-intermediate_integration-113 xhigh r2 rt=None ct=1203 $0.00 
[100/225] if-124 xhigh r2 rt=None ct=53117 $0.00 
[101/225] rg-intermediate_integration-121 xhigh r2 rt=None ct=900 $0.00 
[102/225] rg-intermediate_integration-117 xhigh r2 rt=None ct=2249 $0.00 
[103/225] rg-intermediate_integration-130 xhigh r2 rt=None ct=1504 $0.00 
[104/225] rg-propositional_logic-117 xhigh r2 rt=None ct=233 $0.00 
[105/225] rg-propositional_logic-121 xhigh r2 rt=None ct=192 $0.00 
[106/225] rg-propositional_logic-125 xhigh r2 rt=None ct=3223 $0.00 
[107/225] rg-propositional_logic-129 xhigh r2 rt=None ct=269 $0.00 
[108/225] rg-intermediate_integration-125 xhigh r2 rt=None ct=6729 $0.00 
[109/225] ma-hmmt_feb_2026-25 xhigh r2 rt=None ct=84524 $0.00 
[110/225] rg-word_ladder-115 xhigh r2 rt=None ct=632 $0.00 
[111/225] rg-word_ladder-111 xhigh r2 rt=None ct=2393 $0.00 
[112/225] rg-number_sequence-111 xhigh r2 rt=None ct=116 $0.00 
[113/225] rg-number_sequence-115 xhigh r2 rt=None ct=116 $0.00 
[114/225] rg-word_ladder-123 xhigh r2 rt=None ct=932 $0.00 
[115/225] rg-number_sequence-123 xhigh r2 rt=None ct=129 $0.00 
[116/225] rg-number_sequence-127 xhigh r2 rt=None ct=51 $0.00 
[117/225] rg-number_sequence-119 xhigh r2 rt=None ct=316 $0.00 
[118/225] rg-word_ladder-119 xhigh r2 rt=None ct=1472 $0.00 
[119/225] rg-propositional_logic-113 xhigh r2 rt=None ct=9229 $0.00 
[120/225] ma-hmmt_feb_2026-24 xhigh r2 rt=None ct=4131 $0.00 
[121/225] if-11 xhigh r2 rt=None ct=5535 $0.00 
[122/225] if-69 xhigh r2 rt=None ct=2917 $0.00 
[123/225] if-30 xhigh r2 rt=None ct=6648 $0.00 
[124/225] rg-rush_hour-107 xhigh r2 rt=None ct=13213 $0.00 
[125/225] if-91 xhigh r2 rt=None ct=3724 $0.00 
[126/225] if-156 xhigh r2 rt=None ct=918 $0.00 
[127/225] if-125 xhigh r2 rt=None ct=4003 $0.00 
[128/225] if-140 xhigh r2 rt=None ct=2045 $0.00 
[129/225] if-198 xhigh r2 rt=None ct=1373 $0.00 
[130/225] if-173 xhigh r2 rt=None ct=2893 $0.00 
[131/225] if-244 xhigh r2 rt=None ct=1698 $0.00 
[132/225] if-299 xhigh r2 rt=None ct=1400 $0.00 
[133/225] bfcl-live_multiple_203-90-5 xhigh r2 rt=None ct=197 $0.00 
[134/225] bfcl-live_multiple_501-148-11 xhigh r2 rt=None ct=133 $0.00 
[135/225] bfcl-live_multiple_832-178-7 xhigh r2 rt=None ct=100 $0.00 
[136/225] bfcl-live_multiple_949-199-0 xhigh r2 rt=None ct=59 $0.00 
[137/225] bfcl-live_multiple_1007-236-0 xhigh r2 rt=None ct=70 $0.00 
[138/225] bfcl-live_simple_61-29-1 xhigh r2 rt=None ct=73 $0.00 
[139/225] bfcl-live_simple_126-82-0 xhigh r2 rt=None ct=193 $0.00 
[140/225] bfcl-live_simple_150-95-7 xhigh r2 rt=None ct=413 $0.00 
[141/225] bfcl-live_simple_210-117-2 xhigh r2 rt=None ct=106 $0.00 
[142/225] bfcl-live_simple_237-125-0 xhigh r2 rt=None ct=122 $0.00 
[143/225] bfcl-irrelevance_115 xhigh r2 rt=None ct=241 $0.00 
[144/225] bfcl-irrelevance_218 xhigh r2 rt=None ct=580 $0.00 
[145/225] bfcl-live_parallel_multiple_3-2-1 xhigh r2 rt=None ct=333 $0.00 
[146/225] bfcl-live_parallel_multiple_15-13-0 xhigh r2 rt=None ct=133 $0.00 
[147/225] bfcl-live_parallel_multiple_21-18-0 xhigh r2 rt=None ct=286 $0.00 
[148/225] rg-intermediate_integration-003 xhigh r3 rt=None ct=934 $0.00 
[149/225] rg-intermediate_integration-007 xhigh r3 rt=None ct=1260 $0.00 
[150/225] rg-propositional_logic-001 xhigh r3 rt=None ct=6644 $0.00 
[151/225] rg-propositional_logic-005 xhigh r3 rt=None ct=1738 $0.00 
[152/225] rg-propositional_logic-009 xhigh r3 rt=None ct=124 $0.00 
[153/225] if-278 xhigh r2 rt=None ct=16496 $0.00 
[154/225] rg-word_ladder-003 xhigh r3 rt=None ct=554 $0.00 
[155/225] rg-number_sequence-003 xhigh r3 rt=None ct=89 $0.00 
[156/225] rg-word_ladder-007 xhigh r3 rt=None ct=679 $0.00 
[157/225] rg-number_sequence-007 xhigh r3 rt=None ct=1412 $0.00 
[158/225] ma-hmmt_feb_2026-10 xhigh r2 rt=None ct=51590 $0.00 
[159/225] if-230 xhigh r2 rt=None ct=47335 $0.00 
===== stopped by Alexey 16:53:52
