[15:58:44][0] cards 0,1, port 18310, seqs 4, pool final-pool/half0.jsonl, power: 0, 300.00 W 1, 300.00 W 2, 300.00 W 3, 300.00 W 
[15:58:44][0] server pid 1563446
[16:01:50][0] ready after 190s
[16:01:50][0] === ANTI-FAKE GATE: effort must reach the model ===
effort gradient on rg-propositional_logic-001 (reference: 500 -> 12331 tok, 24.7x):
  low    completion=    470 thinking_chars=   1021 answer_chars=   287 finish=stop
  xhigh  completion=  14425 thinking_chars=  47908 answer_chars=    38 finish=stop
OK: xhigh spends 30.7x the tokens of low (reference 24.7x on the same task)
[16:06:52][0] === HEALTH: one long xhigh generation, repetition per quarter ===
  rg-propositional_logic-115: ref 20314 tok, got 6087 tok, finish=stop, 50.1 tok/s, distinct by quarter [0.999, 0.999, 1.0, 1.0]
  ma-hmmt_feb_2026-30: ref 20671 tok, got 49258 tok, finish=stop, 45.9 tok/s, distinct by quarter [0.998, 1.0, 1.0, 1.0]
HEALTHY
[16:26:46][0] === STAGE: --efforts xhigh --repeats 1 ===
150 tasks x ['xhigh'] x 1 = 150 calls, concurrency 4
[1/150] rg-intermediate_integration-002 xhigh r1 rt=928 ct=1096 $0.00 
[2/150] rg-intermediate_integration-004 xhigh r1 rt=1192 ct=1468 $0.00 
[3/150] rg-propositional_logic-000 xhigh r1 rt=225 ct=237 $0.00 
[4/150] rg-intermediate_integration-008 xhigh r1 rt=638 ct=734 $0.00 
[5/150] rg-intermediate_integration-000 xhigh r1 rt=1979 ct=2150 $0.00 
[6/150] rg-propositional_logic-006 xhigh r1 rt=198 ct=207 $0.00 
[7/150] rg-intermediate_integration-006 xhigh r1 rt=2115 ct=2431 $0.00 
[8/150] rg-propositional_logic-008 xhigh r1 rt=677 ct=689 $0.00 
[9/150] rg-propositional_logic-002 xhigh r1 rt=1704 ct=1716 $0.00 
[10/150] rg-word_ladder-000 xhigh r1 rt=1051 ct=1068 $0.00 
[11/150] rg-word_ladder-002 xhigh r1 rt=1346 ct=1364 $0.00 
[12/150] rg-propositional_logic-004 xhigh r1 rt=3771 ct=3787 $0.00 
[13/150] rg-number_sequence-002 xhigh r1 rt=101 ct=111 $0.00 
[14/150] rg-number_sequence-004 xhigh r1 rt=50 ct=61 $0.00 
[15/150] rg-number_sequence-000 xhigh r1 rt=1603 ct=1711 $0.00 
[16/150] rg-word_ladder-004 xhigh r1 rt=10693 ct=10714 $0.00 
[17/150] rg-rush_hour-002 xhigh r1 rt=3815 ct=3835 $0.00 
[18/150] rg-word_ladder-006 xhigh r1 rt=18120 ct=18146 $0.00 
===== restart with 8 seqs 2026-09-26 16:38:19
[16:38:19][0] cards 0,1, port 18310, seqs 8, pool final-pool/half0.jsonl, power: 0, 300.00 W 1, 300.00 W 2, 300.00 W 3, 300.00 W 
[16:38:19][0] server pid 1606864
[16:41:20][0] ready after 185s
[16:41:20][0] === ANTI-FAKE GATE: effort must reach the model ===
effort gradient on rg-propositional_logic-001 (reference: 500 -> 12331 tok, 24.7x):
  low    completion=    725 thinking_chars=   1633 answer_chars=   536 finish=stop
  xhigh  completion=   7580 thinking_chars=  24894 answer_chars=    36 finish=stop
OK: xhigh spends 10.5x the tokens of low (reference 24.7x on the same task)
[16:44:06][0] === HEALTH: one long xhigh generation, repetition per quarter ===
  rg-propositional_logic-115: ref 20314 tok, got 5021 tok, finish=stop, 50.1 tok/s, distinct by quarter [1.0, 0.989, 1.0, 1.0]
  ma-hmmt_feb_2026-30: ref 20671 tok, got 47242 tok, finish=stop, 46.1 tok/s, distinct by quarter [1.0, 1.0, 1.0, 0.997]
HEALTHY
[17:02:52][0] === STAGE: --efforts xhigh --repeats 1 ===
150 tasks x ['xhigh'] x 1 = 150 calls, concurrency 8
[19/150] ma-hmmt_feb_2026-11 xhigh r1 rt=649 ct=1003 $0.00 
[20/150] rg-number_sequence-006 xhigh r1 rt=2049 ct=2112 $0.00 
[21/150] ma-aime_2026-2 xhigh r1 rt=2158 ct=2853 $0.00 
[22/150] ma-hmmt_feb_2026-14 xhigh r1 rt=4809 ct=5154 $0.00 
[23/150] ma-hmmt_feb_2026-4 xhigh r1 rt=6796 ct=7130 $0.00 
[24/150] if-44 xhigh r1 rt=1956 ct=2071 $0.00 
[25/150] if-99 xhigh r1 rt=735 ct=854 $0.00 
[26/150] if-89 xhigh r1 rt=3057 ct=3107 $0.00 
[27/150] if-160 xhigh r1 rt=4126 ct=4274 $0.00 
[28/150] if-197 xhigh r1 rt=3862 ct=3984 $0.00 
[29/150] if-5 xhigh r1 rt=9976 ct=10736 $0.00 
[30/150] ma-aime_2026-21 xhigh r1 rt=12497 ct=13017 $0.00 
[31/150] if-245 xhigh r1 rt=2177 ct=2562 $0.00 
[32/150] bfcl-live_multiple_121-46-0 xhigh r1 rt=330 ct=448 $0.00 
[33/150] bfcl-live_multiple_316-132-6 xhigh r1 rt=72 ct=135 $0.00 
[34/150] bfcl-live_multiple_607-159-0 xhigh r1 rt=325 ct=346 $0.00 
[35/150] bfcl-live_multiple_802-175-8 xhigh r1 rt=58 ct=113 $0.00 
[36/150] bfcl-live_simple_4-3-0 xhigh r1 rt=61 ct=106 $0.00 
[37/150] bfcl-live_simple_158-95-15 xhigh r1 rt=34 ct=71 $0.00 
[38/150] bfcl-live_simple_176-102-0 xhigh r1 rt=146 ct=188 $0.00 
[39/150] bfcl-live_simple_222-117-14 xhigh r1 rt=107 ct=174 $0.00 
[40/150] if-221 xhigh r1 rt=4522 ct=4609 $0.00 
[41/150] bfcl-irrelevance_1 xhigh r1 rt=108 ct=234 $0.00 
[42/150] bfcl-live_parallel_multiple_4-3-0 xhigh r1 rt=321 ct=419 $0.00 
[43/150] bfcl-live_parallel_multiple_16-14-0 xhigh r1 rt=101 ct=160 $0.00 
[44/150] rg-intermediate_integration-110 xhigh r1 rt=892 ct=1199 $0.00 
[45/150] bfcl-irrelevance_149 xhigh r1 rt=1958 ct=2027 $0.00 
[46/150] rg-intermediate_integration-114 xhigh r1 rt=1018 ct=1139 $0.00 
[47/150] rg-intermediate_integration-112 xhigh r1 rt=1780 ct=2184 $0.00 
[48/150] if-268 xhigh r1 rt=6978 ct=8248 $0.00 
[49/150] rg-intermediate_integration-116 xhigh r1 rt=1109 ct=1397 $0.00 
[50/150] rg-intermediate_integration-122 xhigh r1 rt=526 ct=655 $0.00 
[51/150] rg-intermediate_integration-120 xhigh r1 rt=2319 ct=2505 $0.00 
[52/150] rg-intermediate_integration-126 xhigh r1 rt=1378 ct=1733 $0.00 
[53/150] rg-intermediate_integration-128 xhigh r1 rt=290 ct=458 $0.00 
[54/150] rg-intermediate_integration-124 xhigh r1 rt=4160 ct=4679 $0.00 
[55/150] rg-propositional_logic-112 xhigh r1 rt=885 ct=896 $0.00 
[56/150] rg-propositional_logic-114 xhigh r1 rt=277 ct=289 $0.00 
[57/150] if-205 xhigh r1 rt=22508 ct=22640 $0.00 
[58/150] rg-propositional_logic-118 xhigh r1 rt=1037 ct=1049 $0.00 
[59/150] rg-propositional_logic-116 xhigh r1 rt=6523 ct=6534 $0.00 
[60/150] rg-propositional_logic-120 xhigh r1 rt=1627 ct=1636 $0.00 
[61/150] rg-propositional_logic-124 xhigh r1 rt=93 ct=102 $0.00 
[62/150] rg-intermediate_integration-118 xhigh r1 rt=14710 ct=15131 $0.00 
[63/150] rg-propositional_logic-122 xhigh r1 rt=2321 ct=2331 $0.00 
[64/150] rg-rush_hour-000 xhigh r1 rt=40766 ct=40944 $0.00 
[65/150] rg-word_ladder-110 xhigh r1 rt=2033 ct=2058 $0.00 
[66/150] rg-propositional_logic-128 xhigh r1 rt=7040 ct=7053 $0.00 
[67/150] rg-word_ladder-112 xhigh r1 rt=4580 ct=4600 $0.00 
[68/150] rg-word_ladder-108 xhigh r1 rt=11263 ct=11283 $0.00 
[69/150] rg-word_ladder-118 xhigh r1 rt=432 ct=447 $0.00 
[70/150] rg-propositional_logic-126 xhigh r1 rt=13560 ct=13570 $0.00 
[71/150] rg-word_ladder-116 xhigh r1 rt=5336 ct=5358 $0.00 
[72/150] rg-propositional_logic-110 xhigh r1 rt=25153 ct=25168 $0.00 
[73/150] rg-word_ladder-120 xhigh r1 rt=7980 ct=7998 $0.00 
[74/150] rg-number_sequence-112 xhigh r1 rt=497 ct=508 $0.00 
[75/150] rg-number_sequence-114 xhigh r1 rt=85 ct=96 $0.00 
[76/150] rg-number_sequence-108 xhigh r1 rt=6398 ct=6457 $0.00 
[77/150] rg-number_sequence-118 xhigh r1 rt=48 ct=59 $0.00 
[78/150] rg-number_sequence-120 xhigh r1 rt=421 ct=540 $0.00 
[79/150] rg-number_sequence-122 xhigh r1 rt=54 ct=116 $0.00 
[80/150] rg-word_ladder-122 xhigh r1 rt=9080 ct=9099 $0.00 
[81/150] rg-number_sequence-124 xhigh r1 rt=333 ct=388 $0.00 
[82/150] rg-number_sequence-110 xhigh r1 rt=8207 ct=8228 $0.00 
[83/150] ma-hmmt_feb_2026-26 xhigh r1 rt=62061 ct=63136 $0.00 
[84/150] rg-word_ladder-114 xhigh r1 rt=19705 ct=19726 $0.00 
[85/150] rg-number_sequence-126 xhigh r1 rt=13848 ct=13982 $0.00 
[86/150] rg-rush_hour-106 xhigh r1 rt=17437 ct=17478 $0.00 
[87/150] rg-number_sequence-116 xhigh r1 rt=22571 ct=22627 $0.00 
[88/150] ma-hmmt_feb_2026-2 xhigh r1 rt=23046 ct=23943 $0.00 
[89/150] ma-hmmt_feb_2026-30 xhigh r1 rt=101130 ct=102241 $0.00 
[90/150] if-12 xhigh r1 rt=9303 ct=9706 $0.00 
[91/150] if-29 xhigh r1 rt=8834 ct=9459 $0.00 
[92/150] if-33 xhigh r1 rt=441 ct=475 $0.00 
[93/150] if-66 xhigh r1 rt=381 ct=443 $0.00 
[94/150] if-74 xhigh r1 rt=3132 ct=3247 $0.00 
[95/150] rg-rush_hour-104 xhigh r1 rt=67620 ct=67667 $0.00 
[96/150] if-94 xhigh r1 rt=179 ct=189 $0.00 
[97/150] if-84 xhigh r1 rt=3679 ct=4988 $0.00 
[98/150] ma-hmmt_feb_2026-7 xhigh r1 rt=131072 ct=131072 $0.00 
[99/150] if-112 xhigh r1 rt=5055 ct=5126 $0.00 
[100/150] ma-hmmt_feb_2026-31 xhigh r1 rt=46571 ct=47423 $0.00 
[101/150] if-139 xhigh r1 rt=4135 ct=4716 $0.00 
[102/150] if-155 xhigh r1 rt=1892 ct=2053 $0.00 
[103/150] if-161 xhigh r1 rt=1492 ct=1618 $0.00 
[104/150] if-133 xhigh r1 rt=9073 ct=9414 $0.00 
[105/150] if-195 xhigh r1 rt=6315 ct=7347 $0.00 
[106/150] if-179 xhigh r1 rt=18740 ct=18791 $0.00 
[107/150] if-149 xhigh r1 rt=23356 ct=23412 $0.00 
[108/150] if-224 xhigh r1 rt=3559 ct=3574 $0.00 
[109/150] if-234 xhigh r1 rt=3472 ct=3571 $0.00 
[110/150] if-243 xhigh r1 rt=3764 ct=3962 $0.00 
[111/150] if-276 xhigh r1 rt=679 ct=940 $0.00 
[112/150] ma-hmmt_feb_2026-23 xhigh r1 rt=85080 ct=86054 $0.00 
[113/150] if-298 xhigh r1 rt=565 ct=582 $0.00 
[114/150] bfcl-live_multiple_59-22-6 xhigh r1 rt=124 ct=176 $0.00 
[115/150] bfcl-live_multiple_128-50-0 xhigh r1 rt=123 ct=196 $0.00 
[116/150] bfcl-live_multiple_367-134-12 xhigh r1 rt=50 ct=110 $0.00 
[117/150] bfcl-live_multiple_432-141-21 xhigh r1 rt=105 ct=213 $0.00 
[118/150] bfcl-live_multiple_556-154-2 xhigh r1 rt=150 ct=261 $0.00 
[119/150] bfcl-live_multiple_663-162-5 xhigh r1 rt=68 ct=134 $0.00 
[120/150] bfcl-live_multiple_900-185-10 xhigh r1 rt=61 ct=135 $0.00 
[121/150] bfcl-live_multiple_943-196-1 xhigh r1 rt=33 ct=62 $0.00 
[122/150] bfcl-live_multiple_951-200-0 xhigh r1 rt=37 ct=58 $0.00 
[123/150] bfcl-live_multiple_974-214-0 xhigh r1 rt=1143 ct=1280 $0.00 
[124/150] bfcl-live_simple_24-5-2 xhigh r1 rt=128 ct=161 $0.00 
[125/150] bfcl-live_simple_55-25-1 xhigh r1 rt=42 ct=88 $0.00 
[126/150] bfcl-live_simple_87-48-0 xhigh r1 rt=38 ct=83 $0.00 
[127/150] bfcl-live_simple_105-62-0 xhigh r1 rt=153 ct=208 $0.00 
[128/150] bfcl-live_simple_130-84-0 xhigh r1 rt=88 ct=198 $0.00 
[129/150] bfcl-live_simple_139-92-0 xhigh r1 rt=185 ct=262 $0.00 
[130/150] if-285 xhigh r1 rt=4554 ct=4569 $0.00 
[131/150] bfcl-live_simple_195-116-3 xhigh r1 rt=86 ct=140 $0.00 
[132/150] bfcl-live_simple_181-106-0 xhigh r1 rt=144 ct=216 $0.00 
[133/150] bfcl-live_simple_219-117-11 xhigh r1 rt=54 ct=119 $0.00 
[134/150] bfcl-live_simple_233-123-0 xhigh r1 rt=162 ct=222 $0.00 
[135/150] bfcl-irrelevance_106 xhigh r1 rt=160 ct=226 $0.00 
[136/150] bfcl-irrelevance_68 xhigh r1 rt=825 ct=1018 $0.00 
[137/150] bfcl-irrelevance_132 xhigh r1 rt=798 ct=936 $0.00 
[138/150] bfcl-irrelevance_172 xhigh r1 rt=322 ct=374 $0.00 
[139/150] bfcl-live_parallel_multiple_2-2-0 xhigh r1 rt=347 ct=385 $0.00 
[140/150] bfcl-live_parallel_multiple_0-0-0 xhigh r1 rt=279 ct=530 $0.00 
[141/150] bfcl-live_parallel_multiple_12-10-1 xhigh r1 rt=116 ct=187 $0.00 
[142/150] bfcl-live_parallel_multiple_14-12-0 xhigh r1 rt=168 ct=252 $0.00 
[143/150] bfcl-live_parallel_multiple_17-15-0 xhigh r1 rt=119 ct=220 $0.00 
[144/150] bfcl-live_parallel_multiple_20-17-0 xhigh r1 rt=117 ct=280 $0.00 
[145/150] if-166 xhigh r1 rt=37877 ct=37916 $0.00 
[146/150] if-206 xhigh r1 rt=29078 ct=29150 $0.00 
[147/150] ma-hmmt_feb_2026-8 xhigh r1 rt=131072 ct=131072 $0.00 
[148/150] if-249 xhigh r1 rt=37311 ct=37502 $0.00 
[149/150] ma-hmmt_feb_2026-18 xhigh r1 rt=131072 ct=131072 $0.00 
[150/150] ma-hmmt_feb_2026-27 xhigh r1 rt=131072 ct=131072 $0.00 
done in 160.5 min: ok=132 skip=18 err=0 cost=$0.00
[19:43:25][0] === STAGE: --efforts off low medium --repeats 1 ===
150 tasks x ['off', 'low', 'medium'] x 1 = 450 calls, concurrency 8
[1/450] rg-propositional_logic-000 off r1 rt=0 ct=281 $0.00 
[2/450] rg-propositional_logic-006 off r1 rt=0 ct=159 $0.00 
[3/450] rg-intermediate_integration-000 off r1 rt=0 ct=600 $0.00 
[4/450] rg-intermediate_integration-002 off r1 rt=0 ct=758 $0.00 
[5/450] rg-word_ladder-000 off r1 rt=0 ct=164 $0.00 
[6/450] rg-intermediate_integration-006 off r1 rt=0 ct=789 $0.00 
[7/450] rg-intermediate_integration-008 off r1 rt=0 ct=989 $0.00 
[8/450] rg-propositional_logic-004 off r1 rt=0 ct=1006 $0.00 
[9/450] rg-propositional_logic-008 off r1 rt=0 ct=571 $0.00 
[10/450] rg-number_sequence-004 off r1 rt=0 ct=155 $0.00 
[11/450] rg-intermediate_integration-004 off r1 rt=0 ct=1172 $0.00 
[12/450] rg-number_sequence-002 off r1 rt=0 ct=200 $0.00 
[13/450] rg-propositional_logic-002 off r1 rt=0 ct=1473 $0.00 
[14/450] rg-word_ladder-004 off r1 rt=0 ct=1041 $0.00 
[15/450] rg-number_sequence-000 off r1 rt=0 ct=1020 $0.00 
[16/450] rg-number_sequence-006 off r1 rt=0 ct=1593 $0.00 
[17/450] ma-hmmt_feb_2026-11 off r1 rt=0 ct=1595 $0.00 
[18/450] ma-hmmt_feb_2026-4 off r1 rt=0 ct=2215 $0.00 
[19/450] rg-rush_hour-000 off r1 rt=0 ct=2926 $0.00 
[20/450] ma-hmmt_feb_2026-14 off r1 rt=0 ct=2497 $0.00 
[21/450] rg-word_ladder-006 off r1 rt=0 ct=5569 $0.00 
[22/450] if-5 off r1 rt=0 ct=1336 $0.00 
[23/450] ma-aime_2026-2 off r1 rt=0 ct=3640 $0.00 
[24/450] if-44 off r1 rt=0 ct=124 $0.00 
[25/450] if-89 off r1 rt=0 ct=125 $0.00 
[26/450] if-99 off r1 rt=0 ct=135 $0.00 
[27/450] if-160 off r1 rt=0 ct=155 $0.00 
[28/450] if-197 off r1 rt=0 ct=141 $0.00 
[29/450] if-205 off r1 rt=0 ct=330 $0.00 
[30/450] if-245 off r1 rt=0 ct=334 $0.00 
[31/450] if-268 off r1 rt=0 ct=54 $0.00 
[32/450] bfcl-live_multiple_121-46-0 off r1 rt=0 ct=116 $0.00 
[33/450] bfcl-live_multiple_316-132-6 off r1 rt=0 ct=61 $0.00 
[34/450] if-221 off r1 rt=0 ct=872 $0.00 
[35/450] bfcl-live_multiple_607-159-0 off r1 rt=0 ct=65 $0.00 
[36/450] bfcl-live_multiple_802-175-8 off r1 rt=0 ct=53 $0.00 
[37/450] bfcl-live_simple_4-3-0 off r1 rt=0 ct=43 $0.00 
[38/450] bfcl-live_simple_158-95-15 off r1 rt=0 ct=35 $0.00 
[39/450] bfcl-live_simple_176-102-0 off r1 rt=0 ct=28 $0.00 
[40/450] bfcl-live_simple_222-117-14 off r1 rt=0 ct=65 $0.00 
[41/450] bfcl-irrelevance_149 off r1 rt=0 ct=97 $0.00 
[42/450] bfcl-live_parallel_multiple_4-3-0 off r1 rt=0 ct=53 $0.00 
[43/450] bfcl-live_parallel_multiple_16-14-0 off r1 rt=0 ct=57 $0.00 
[44/450] bfcl-irrelevance_1 off r1 rt=0 ct=448 $0.00 
[45/450] rg-rush_hour-002 off r1 rt=0 ct=8515 $0.00 
[46/450] rg-intermediate_integration-110 off r1 rt=0 ct=783 $0.00 
[47/450] rg-intermediate_integration-112 off r1 rt=0 ct=1012 $0.00 
[48/450] rg-intermediate_integration-116 off r1 rt=0 ct=757 $0.00 
[49/450] rg-intermediate_integration-114 off r1 rt=0 ct=1161 $0.00 
[50/450] rg-intermediate_integration-122 off r1 rt=0 ct=434 $0.00 
[51/450] rg-intermediate_integration-124 off r1 rt=0 ct=1282 $0.00 
[52/450] rg-intermediate_integration-120 off r1 rt=0 ct=1959 $0.00 
[53/450] rg-intermediate_integration-128 off r1 rt=0 ct=399 $0.00 
[54/450] rg-intermediate_integration-118 off r1 rt=0 ct=2899 $0.00 
[55/450] rg-intermediate_integration-126 off r1 rt=0 ct=868 $0.00 
[56/450] rg-propositional_logic-114 off r1 rt=0 ct=176 $0.00 
[57/450] ma-aime_2026-21 off r1 rt=0 ct=8428 $0.00 
[58/450] ma-hmmt_feb_2026-30 off r1 rt=0 ct=10135 $0.00 
[59/450] rg-word_ladder-002 off r1 rt=0 ct=13189 $0.00 
[60/450] rg-propositional_logic-118 off r1 rt=0 ct=372 $0.00 
[61/450] rg-propositional_logic-112 off r1 rt=0 ct=761 $0.00 
[62/450] rg-propositional_logic-124 off r1 rt=0 ct=125 $0.00 
[63/450] rg-propositional_logic-120 off r1 rt=0 ct=479 $0.00 
[64/450] rg-propositional_logic-116 off r1 rt=0 ct=995 $0.00 
[65/450] rg-propositional_logic-128 off r1 rt=0 ct=499 $0.00 
[66/450] rg-propositional_logic-122 off r1 rt=0 ct=830 $0.00 
[67/450] rg-propositional_logic-126 off r1 rt=0 ct=668 $0.00 
[68/450] rg-word_ladder-108 off r1 rt=0 ct=625 $0.00 
[69/450] rg-word_ladder-112 off r1 rt=0 ct=558 $0.00 
[70/450] rg-word_ladder-110 off r1 rt=0 ct=818 $0.00 
[71/450] rg-word_ladder-122 off r1 rt=0 ct=558 $0.00 
[72/450] ma-hmmt_feb_2026-26 off r1 rt=0 ct=12693 $0.00 
[73/450] rg-word_ladder-118 off r1 rt=0 ct=1610 $0.00 
[74/450] rg-number_sequence-112 off r1 rt=0 ct=447 $0.00 
[75/450] rg-number_sequence-110 off r1 rt=0 ct=691 $0.00 
[76/450] rg-number_sequence-114 off r1 rt=0 ct=149 $0.00 
[77/450] rg-number_sequence-118 off r1 rt=0 ct=180 $0.00 
[78/450] rg-number_sequence-108 off r1 rt=0 ct=1594 $0.00 
[79/450] rg-number_sequence-122 off r1 rt=0 ct=172 $0.00 
[80/450] rg-number_sequence-120 off r1 rt=0 ct=845 $0.00 
[81/450] rg-propositional_logic-110 off r1 rt=0 ct=5079 $0.00 
[82/450] rg-number_sequence-124 off r1 rt=0 ct=651 $0.00 
[83/450] rg-word_ladder-120 off r1 rt=0 ct=4203 $0.00 
[84/450] rg-word_ladder-116 off r1 rt=0 ct=4767 $0.00 
[85/450] rg-number_sequence-126 off r1 rt=0 ct=2888 $0.00 
[86/450] ma-hmmt_feb_2026-7 off r1 rt=0 ct=20697 $0.00 
[87/450] rg-word_ladder-114 off r1 rt=0 ct=8169 $0.00 
[88/450] ma-hmmt_feb_2026-2 off r1 rt=0 ct=4075 $0.00 
[89/450] rg-number_sequence-116 off r1 rt=0 ct=6595 $0.00 
[90/450] if-12 off r1 rt=0 ct=466 $0.00 
[91/450] ma-hmmt_feb_2026-23 off r1 rt=0 ct=2861 $0.00 
[92/450] if-33 off r1 rt=0 ct=33 $0.00 
[93/450] if-66 off r1 rt=0 ct=71 $0.00 
[94/450] if-29 off r1 rt=0 ct=1826 $0.00 
[95/450] if-74 off r1 rt=0 ct=431 $0.00 
[96/450] if-94 off r1 rt=0 ct=8 $0.00 
[97/450] if-84 off r1 rt=0 ct=600 $0.00 
[98/450] if-133 off r1 rt=0 ct=213 $0.00 
[99/450] if-139 off r1 rt=0 ct=756 $0.00 
[100/450] if-149 off r1 rt=0 ct=103 $0.00 
[101/450] if-155 off r1 rt=0 ct=90 $0.00 
[102/450] if-161 off r1 rt=0 ct=137 $0.00 
[103/450] if-166 off r1 rt=0 ct=30 $0.00 
[104/450] if-179 off r1 rt=0 ct=424 $0.00 
[105/450] if-195 off r1 rt=0 ct=446 $0.00 
[106/450] rg-rush_hour-104 off r1 rt=0 ct=11106 $0.00 
[107/450] if-224 off r1 rt=0 ct=1128 $0.00 
[108/450] if-112 off r1 rt=0 ct=4670 $0.00 
[109/450] if-243 off r1 rt=0 ct=115 $0.00 
[110/450] if-249 off r1 rt=0 ct=132 $0.00 
[111/450] if-234 off r1 rt=0 ct=314 $0.00 
[112/450] if-285 off r1 rt=0 ct=35 $0.00 
[113/450] if-298 off r1 rt=0 ct=10 $0.00 
[114/450] bfcl-live_multiple_59-22-6 off r1 rt=0 ct=106 $0.00 
[115/450] bfcl-live_multiple_128-50-0 off r1 rt=0 ct=32 $0.00 
[116/450] bfcl-live_multiple_367-134-12 off r1 rt=0 ct=58 $0.00 
[117/450] if-276 off r1 rt=0 ct=298 $0.00 
[118/450] bfcl-live_multiple_432-141-21 off r1 rt=0 ct=106 $0.00 
[119/450] bfcl-live_multiple_556-154-2 off r1 rt=0 ct=131 $0.00 
[120/450] bfcl-live_multiple_663-162-5 off r1 rt=0 ct=64 $0.00 
[121/450] bfcl-live_multiple_943-196-1 off r1 rt=0 ct=27 $0.00 
[122/450] bfcl-live_multiple_900-185-10 off r1 rt=0 ct=72 $0.00 
[123/450] bfcl-live_multiple_951-200-0 off r1 rt=0 ct=19 $0.00 
[124/450] bfcl-live_simple_24-5-2 off r1 rt=0 ct=31 $0.00 
[125/450] bfcl-live_simple_55-25-1 off r1 rt=0 ct=44 $0.00 
[126/450] bfcl-live_simple_87-48-0 off r1 rt=0 ct=43 $0.00 
[127/450] bfcl-live_multiple_974-214-0 off r1 rt=0 ct=130 $0.00 
[128/450] bfcl-live_simple_105-62-0 off r1 rt=0 ct=53 $0.00 
[129/450] bfcl-live_simple_130-84-0 off r1 rt=0 ct=108 $0.00 
[130/450] bfcl-live_simple_139-92-0 off r1 rt=0 ct=75 $0.00 
[131/450] bfcl-live_simple_195-116-3 off r1 rt=0 ct=52 $0.00 
[132/450] bfcl-live_simple_181-106-0 off r1 rt=0 ct=70 $0.00 
[133/450] bfcl-live_simple_233-123-0 off r1 rt=0 ct=58 $0.00 
[134/450] bfcl-live_simple_219-117-11 off r1 rt=0 ct=63 $0.00 
[135/450] bfcl-irrelevance_106 off r1 rt=0 ct=129 $0.00 
[136/450] bfcl-irrelevance_132 off r1 rt=0 ct=207 $0.00 
[137/450] if-206 off r1 rt=0 ct=3400 $0.00 
[138/450] ma-hmmt_feb_2026-8 off r1 rt=0 ct=12470 $0.00 
[139/450] bfcl-irrelevance_172 off r1 rt=0 ct=50 $0.00 
[140/450] bfcl-live_parallel_multiple_12-10-1 off r1 rt=0 ct=28 $0.00 
[141/450] bfcl-live_parallel_multiple_2-2-0 off r1 rt=0 ct=36 $0.00 
[142/450] bfcl-live_parallel_multiple_17-15-0 off r1 rt=0 ct=29 $0.00 
[143/450] bfcl-live_parallel_multiple_14-12-0 off r1 rt=0 ct=82 $0.00 
[144/450] bfcl-irrelevance_68 off r1 rt=0 ct=510 $0.00 
[145/450] bfcl-live_parallel_multiple_0-0-0 off r1 rt=0 ct=128 $0.00 
[146/450] bfcl-live_parallel_multiple_20-17-0 off r1 rt=0 ct=187 $0.00 
[147/450] ma-hmmt_feb_2026-31 off r1 rt=0 ct=8866 $0.00 
[148/450] rg-intermediate_integration-000 low r1 rt=378 ct=751 $0.00 
[149/450] rg-intermediate_integration-008 low r1 rt=599 ct=783 $0.00 
[150/450] rg-intermediate_integration-006 low r1 rt=408 ct=840 $0.00 
[151/450] rg-intermediate_integration-004 low r1 rt=577 ct=1060 $0.00 
[152/450] rg-intermediate_integration-002 low r1 rt=695 ct=1062 $0.00 
[153/450] rg-propositional_logic-000 low r1 rt=231 ct=373 $0.00 
[154/450] rg-propositional_logic-006 low r1 rt=79 ct=138 $0.00 
[155/450] rg-word_ladder-000 low r1 rt=188 ct=261 $0.00 
[156/450] rg-propositional_logic-008 low r1 rt=271 ct=407 $0.00 
[157/450] rg-propositional_logic-004 low r1 rt=473 ct=707 $0.00 
[158/450] rg-word_ladder-004 low r1 rt=375 ct=394 $0.00 
[159/450] rg-number_sequence-002 low r1 rt=48 ct=87 $0.00 
[160/450] rg-propositional_logic-002 low r1 rt=803 ct=946 $0.00 
[161/450] rg-number_sequence-004 low r1 rt=95 ct=173 $0.00 
[162/450] rg-word_ladder-002 low r1 rt=1195 ct=1301 $0.00 
[163/450] rg-number_sequence-006 low r1 rt=605 ct=737 $0.00 
[164/450] rg-number_sequence-000 low r1 rt=836 ct=1035 $0.00 
[165/450] rg-word_ladder-006 low r1 rt=1712 ct=1829 $0.00 
[166/450] ma-hmmt_feb_2026-11 low r1 rt=890 ct=1285 $0.00 
[167/450] rg-rush_hour-002 low r1 rt=2377 ct=2673 $0.00 
[168/450] rg-rush_hour-000 low r1 rt=3169 ct=3602 $0.00 
[169/450] rg-rush_hour-106 off r1 rt=0 ct=19447 $0.00 
[170/450] ma-hmmt_feb_2026-14 low r1 rt=1541 ct=2009 $0.00 
[171/450] ma-hmmt_feb_2026-27 off r1 rt=0 ct=15930 $0.00 
[172/450] ma-hmmt_feb_2026-18 off r1 rt=0 ct=18662 $0.00 
[173/450] ma-hmmt_feb_2026-4 low r1 rt=4221 ct=5102 $0.00 
[174/450] if-5 low r1 rt=1000 ct=1810 $0.00 
[175/450] ma-aime_2026-21 low r1 rt=1535 ct=2171 $0.00 
[176/450] if-44 low r1 rt=1382 ct=1503 $0.00 
[177/450] if-99 low r1 rt=385 ct=570 $0.00 
[178/450] if-160 low r1 rt=512 ct=985 $0.00 
[179/450] ma-aime_2026-2 low r1 rt=3498 ct=4177 $0.00 
[180/450] if-197 low r1 rt=1108 ct=1225 $0.00 
[181/450] if-221 low r1 rt=570 ct=737 $0.00 
[182/450] bfcl-live_multiple_121-46-0 low r1 rt=220 ct=338 $0.00 
[183/450] bfcl-live_multiple_316-132-6 low r1 rt=40 ct=103 $0.00 
[184/450] if-89 low r1 rt=3238 ct=3344 $0.00 
[185/450] bfcl-live_multiple_607-159-0 low r1 rt=96 ct=163 $0.00 
[186/450] bfcl-live_multiple_802-175-8 low r1 rt=40 ct=95 $0.00 
[187/450] bfcl-live_simple_4-3-0 low r1 rt=43 ct=88 $0.00 
[188/450] bfcl-live_simple_158-95-15 low r1 rt=30 ct=67 $0.00 
[189/450] bfcl-live_simple_222-117-14 low r1 rt=46 ct=113 $0.00 
[190/450] bfcl-live_simple_176-102-0 low r1 rt=275 ct=305 $0.00 
[191/450] bfcl-irrelevance_1 low r1 rt=205 ct=435 $0.00 
[192/450] bfcl-irrelevance_149 low r1 rt=206 ct=378 $0.00 
[193/450] if-245 low r1 rt=1586 ct=2067 $0.00 
[194/450] bfcl-live_parallel_multiple_16-14-0 low r1 rt=47 ct=124 $0.00 
[195/450] bfcl-live_parallel_multiple_4-3-0 low r1 rt=326 ct=446 $0.00 
[196/450] rg-intermediate_integration-114 low r1 rt=389 ct=687 $0.00 
[197/450] rg-intermediate_integration-110 low r1 rt=642 ct=1055 $0.00 
[198/450] rg-intermediate_integration-116 low r1 rt=626 ct=1080 $0.00 
[199/450] rg-intermediate_integration-120 low r1 rt=686 ct=1259 $0.00 
[200/450] rg-intermediate_integration-122 low r1 rt=144 ct=329 $0.00 
[201/450] rg-intermediate_integration-118 low r1 rt=2138 ct=2743 $0.00 
[202/450] rg-intermediate_integration-112 low r1 rt=3307 ct=3931 $0.00 
[203/450] rg-intermediate_integration-128 low r1 rt=170 ct=310 $0.00 
[204/450] rg-propositional_logic-110 low r1 rt=309 ct=449 $0.00 
[205/450] rg-intermediate_integration-126 low r1 rt=785 ct=1274 $0.00 
[206/450] rg-propositional_logic-112 low r1 rt=478 ct=616 $0.00 
[207/450] rg-propositional_logic-114 low r1 rt=291 ct=354 $0.00 
[208/450] rg-intermediate_integration-124 low r1 rt=1295 ct=1811 $0.00 
[209/450] rg-propositional_logic-118 low r1 rt=200 ct=343 $0.00 
[210/450] rg-propositional_logic-120 low r1 rt=177 ct=283 $0.00 
[211/450] rg-propositional_logic-124 low r1 rt=66 ct=117 $0.00 
[212/450] rg-propositional_logic-122 low r1 rt=355 ct=457 $0.00 
[213/450] rg-propositional_logic-116 low r1 rt=843 ct=1023 $0.00 
[214/450] rg-propositional_logic-126 low r1 rt=378 ct=564 $0.00 
[215/450] rg-propositional_logic-128 low r1 rt=655 ct=805 $0.00 
[216/450] rg-word_ladder-108 low r1 rt=491 ct=643 $0.00 
[217/450] rg-word_ladder-112 low r1 rt=274 ct=347 $0.00 
[218/450] rg-word_ladder-116 low r1 rt=1639 ct=1640 $0.00 
[219/450] rg-word_ladder-118 low r1 rt=500 ct=607 $0.00 
[220/450] rg-word_ladder-114 low r1 rt=2716 ct=2811 $0.00 
[221/450] rg-word_ladder-120 low r1 rt=368 ct=462 $0.00 
[222/450] if-205 low r1 rt=13550 ct=13643 $0.00 
[223/450] rg-number_sequence-108 low r1 rt=618 ct=805 $0.00 
[224/450] rg-word_ladder-122 low r1 rt=1027 ct=1115 $0.00 
[225/450] rg-number_sequence-114 low r1 rt=125 ct=248 $0.00 
[226/450] rg-number_sequence-112 low r1 rt=525 ct=721 $0.00 
[227/450] rg-number_sequence-118 low r1 rt=95 ct=174 $0.00 
[228/450] if-268 low r1 rt=12654 ct=13541 $0.00 
[229/450] rg-number_sequence-116 low r1 rt=587 ct=707 $0.00 
[230/450] rg-number_sequence-122 low r1 rt=103 ct=195 $0.00 
[231/450] rg-number_sequence-120 low r1 rt=325 ct=462 $0.00 
[232/450] rg-number_sequence-110 low r1 rt=1459 ct=1583 $0.00 
[233/450] rg-number_sequence-124 low r1 rt=638 ct=728 $0.00 
[234/450] rg-rush_hour-106 low r1 rt=5520 ct=5830 $0.00 
[235/450] ma-hmmt_feb_2026-26 low r1 rt=24527 ct=25732 $0.00 
[236/450] rg-number_sequence-126 low r1 rt=7642 ct=7847 $0.00 
[237/450] ma-hmmt_feb_2026-2 low r1 rt=11205 ct=11947 $0.00 
[238/450] rg-word_ladder-110 low r1 rt=18256 ct=18467 $0.00 
[239/450] ma-hmmt_feb_2026-23 low r1 rt=11880 ct=12792 $0.00 
[240/450] if-12 low r1 rt=2558 ct=3054 $0.00 
[241/450] ma-hmmt_feb_2026-31 low r1 rt=10948 ct=11853 $0.00 
[242/450] if-33 low r1 rt=123 ct=166 $0.00 
[243/450] if-66 low r1 rt=109 ct=155 $0.00 
[244/450] if-74 low r1 rt=68 ct=302 $0.00 
[245/450] if-29 low r1 rt=937 ct=3084 $0.00 
[246/450] if-94 low r1 rt=51 ct=141 $0.00 
[247/450] if-84 low r1 rt=230 ct=2753 $0.00 
[248/450] if-112 low r1 rt=1534 ct=1745 $0.00 
[249/450] if-139 low r1 rt=565 ct=1184 $0.00 
[250/450] if-149 low r1 rt=489 ct=711 $0.00 
[251/450] if-133 low r1 rt=3489 ct=3864 $0.00 
[252/450] if-155 low r1 rt=1219 ct=1445 $0.00 
[253/450] if-161 low r1 rt=1151 ct=1401 $0.00 
[254/450] if-179 low r1 rt=3481 ct=3507 $0.00 
[255/450] if-195 low r1 rt=3140 ct=4298 $0.00 
[256/450] rg-rush_hour-104 low r1 rt=41084 ct=41085 $0.00 
[257/450] if-224 low r1 rt=1863 ct=1901 $0.00 
[258/450] ma-hmmt_feb_2026-8 low r1 rt=38425 ct=38426 $0.00 
[259/450] if-234 low r1 rt=1724 ct=1967 $0.00 
[260/450] if-243 low r1 rt=1627 ct=1841 $0.00 
[261/450] if-276 low r1 rt=989 ct=1338 $0.00 
[262/450] if-166 low r1 rt=16259 ct=16280 $0.00 
[263/450] if-285 low r1 rt=838 ct=1098 $0.00 
[264/450] bfcl-live_multiple_59-22-6 low r1 rt=115 ct=173 $0.00 
[265/450] bfcl-live_multiple_128-50-0 low r1 rt=107 ct=142 $0.00 
[266/450] bfcl-live_multiple_367-134-12 low r1 rt=33 ct=93 $0.00 
[267/450] bfcl-live_multiple_432-141-21 low r1 rt=133 ct=241 $0.00 
[268/450] bfcl-live_multiple_556-154-2 low r1 rt=99 ct=210 $0.00 
[269/450] bfcl-live_multiple_663-162-5 low r1 rt=38 ct=104 $0.00 
[270/450] bfcl-live_multiple_900-185-10 low r1 rt=76 ct=150 $0.00 
[271/450] bfcl-live_multiple_943-196-1 low r1 rt=26 ct=55 $0.00 
[272/450] bfcl-live_multiple_951-200-0 low r1 rt=37 ct=58 $0.00 
[273/450] if-298 low r1 rt=2136 ct=2180 $0.00 
[274/450] bfcl-live_multiple_974-214-0 low r1 rt=326 ct=470 $0.00 
[275/450] bfcl-live_simple_24-5-2 low r1 rt=39 ct=72 $0.00 
[276/450] bfcl-live_simple_55-25-1 low r1 rt=39 ct=85 $0.00 
[277/450] bfcl-live_simple_87-48-0 low r1 rt=42 ct=87 $0.00 
[278/450] bfcl-live_simple_105-62-0 low r1 rt=105 ct=160 $0.00 
[279/450] bfcl-live_simple_130-84-0 low r1 rt=112 ct=222 $0.00 
[280/450] bfcl-live_simple_139-92-0 low r1 rt=63 ct=140 $0.00 
[281/450] bfcl-live_simple_181-106-0 low r1 rt=112 ct=184 $0.00 
[282/450] bfcl-live_simple_195-116-3 low r1 rt=57 ct=111 $0.00 
[283/450] bfcl-live_simple_219-117-11 low r1 rt=52 ct=117 $0.00 
[284/450] bfcl-live_simple_233-123-0 low r1 rt=100 ct=160 $0.00 
[285/450] bfcl-irrelevance_68 low r1 rt=251 ct=399 $0.00 
[286/450] bfcl-irrelevance_106 low r1 rt=260 ct=683 $0.00 
[287/450] bfcl-irrelevance_132 low r1 rt=225 ct=411 $0.00 
[288/450] bfcl-irrelevance_172 low r1 rt=79 ct=159 $0.00 
[289/450] bfcl-live_parallel_multiple_0-0-0 low r1 rt=118 ct=248 $0.00 
[290/450] bfcl-live_parallel_multiple_2-2-0 low r1 rt=191 ct=229 $0.00 
[291/450] bfcl-live_parallel_multiple_12-10-1 low r1 rt=64 ct=135 $0.00 
[292/450] bfcl-live_parallel_multiple_14-12-0 low r1 rt=60 ct=144 $0.00 
[293/450] bfcl-live_parallel_multiple_17-15-0 low r1 rt=70 ct=152 $0.00 
[294/450] bfcl-live_parallel_multiple_20-17-0 low r1 rt=82 ct=297 $0.00 
[295/450] rg-intermediate_integration-000 medium r1 rt=284 ct=544 $0.00 
[296/450] rg-intermediate_integration-002 medium r1 rt=379 ct=649 $0.00 
[297/450] rg-intermediate_integration-004 medium r1 rt=591 ct=1121 $0.00 
[298/450] rg-intermediate_integration-006 medium r1 rt=466 ct=904 $0.00 
[299/450] rg-propositional_logic-000 medium r1 rt=152 ct=299 $0.00 
[300/450] rg-intermediate_integration-008 medium r1 rt=588 ct=751 $0.00 
[301/450] if-206 low r1 rt=14316 ct=14382 $0.00 
[302/450] rg-propositional_logic-006 medium r1 rt=118 ct=193 $0.00 
[303/450] rg-propositional_logic-002 medium r1 rt=1123 ct=1300 $0.00 
[304/450] rg-propositional_logic-004 medium r1 rt=755 ct=955 $0.00 
[305/450] rg-propositional_logic-008 medium r1 rt=307 ct=514 $0.00 
[306/450] rg-word_ladder-000 medium r1 rt=456 ct=588 $0.00 
[307/450] rg-word_ladder-002 medium r1 rt=519 ct=641 $0.00 
[308/450] rg-number_sequence-000 medium r1 rt=972 ct=1184 $0.00 
[309/450] rg-number_sequence-002 medium r1 rt=44 ct=102 $0.00 
[310/450] rg-number_sequence-004 medium r1 rt=98 ct=181 $0.00 
[311/450] rg-number_sequence-006 medium r1 rt=838 ct=1010 $0.00 
[312/450] ma-hmmt_feb_2026-7 low r1 rt=81188 ct=81189 $0.00 
[313/450] rg-rush_hour-002 medium r1 rt=2615 ct=3000 $0.00 
[314/450] rg-rush_hour-000 medium r1 rt=4956 ct=5242 $0.00 
[315/450] rg-word_ladder-004 medium r1 rt=10791 ct=10942 $0.00 
[316/450] rg-word_ladder-006 medium r1 rt=11293 ct=11461 $0.00 
[317/450] ma-hmmt_feb_2026-11 medium r1 rt=958 ct=1208 $0.00 
[318/450] ma-hmmt_feb_2026-14 medium r1 rt=2363 ct=3085 $0.00 
[319/450] ma-hmmt_feb_2026-30 low r1 rt=91183 ct=91184 $0.00 
[320/450] ma-hmmt_feb_2026-27 low r1 rt=60298 ct=60299 $0.00 
[321/450] ma-aime_2026-2 medium r1 rt=4973 ct=6129 $0.00 
[322/450] ma-hmmt_feb_2026-4 medium r1 rt=16094 ct=16625 $0.00 
[323/450] if-44 medium r1 rt=1780 ct=1888 $0.00 
[324/450] if-5 medium r1 rt=2823 ct=3850 $0.00 
[325/450] if-99 medium r1 rt=658 ct=856 $0.00 
[326/450] if-89 medium r1 rt=2875 ct=3042 $0.00 
[327/450] if-160 medium r1 rt=2447 ct=2812 $0.00 
[328/450] ma-hmmt_feb_2026-18 low r1 rt=80688 ct=80689 $0.00 
[329/450] if-197 medium r1 rt=3351 ct=3459 $0.00 
[330/450] ma-aime_2026-21 medium r1 rt=14891 ct=15395 $0.00 
[331/450] if-221 medium r1 rt=930 ct=1075 $0.00 
[332/450] bfcl-live_multiple_121-46-0 medium r1 rt=223 ct=345 $0.00 
[333/450] bfcl-live_multiple_316-132-6 medium r1 rt=48 ct=111 $0.00 
[334/450] bfcl-live_multiple_607-159-0 medium r1 rt=191 ct=258 $0.00 
[335/450] bfcl-live_multiple_802-175-8 medium r1 rt=60 ct=115 $0.00 
[336/450] bfcl-live_simple_4-3-0 medium r1 rt=58 ct=103 $0.00 
[337/450] bfcl-live_simple_158-95-15 medium r1 rt=21 ct=58 $0.00 
[338/450] bfcl-live_simple_176-102-0 medium r1 rt=118 ct=148 $0.00 
[339/450] bfcl-live_simple_222-117-14 medium r1 rt=42 ct=109 $0.00 
[340/450] bfcl-irrelevance_1 medium r1 rt=268 ct=557 $0.00 
[341/450] if-245 medium r1 rt=1962 ct=2699 $0.00 
[342/450] bfcl-live_parallel_multiple_4-3-0 medium r1 rt=124 ct=222 $0.00 
[343/450] bfcl-live_parallel_multiple_16-14-0 medium r1 rt=125 ct=184 $0.00 
[344/450] bfcl-irrelevance_149 medium r1 rt=536 ct=738 $0.00 
[345/450] rg-intermediate_integration-110 medium r1 rt=511 ct=941 $0.00 
[346/450] rg-intermediate_integration-112 medium r1 rt=682 ct=1187 $0.00 
[347/450] if-249 low r1 rt=47433 ct=47434 $0.00 
[348/450] rg-intermediate_integration-114 medium r1 rt=566 ct=1024 $0.00 
[349/450] rg-intermediate_integration-116 medium r1 rt=268 ct=705 $0.00 
[350/450] rg-intermediate_integration-122 medium r1 rt=183 ct=351 $0.00 
[351/450] rg-intermediate_integration-120 medium r1 rt=887 ct=1410 $0.00 
[352/450] rg-intermediate_integration-126 medium r1 rt=675 ct=1079 $0.00 
[353/450] rg-intermediate_integration-124 medium r1 rt=1593 ct=2198 $0.00 
[354/450] rg-intermediate_integration-128 medium r1 rt=163 ct=365 $0.00 
[355/450] rg-intermediate_integration-118 medium r1 rt=2630 ct=3344 $0.00 
[356/450] if-205 medium r1 rt=9501 ct=9586 $0.00 
[357/450] rg-propositional_logic-114 medium r1 rt=91 ct=162 $0.00 
[358/450] rg-propositional_logic-118 medium r1 rt=310 ct=445 $0.00 
[359/450] rg-propositional_logic-112 medium r1 rt=744 ct=903 $0.00 
[360/450] rg-propositional_logic-116 medium r1 rt=710 ct=887 $0.00 
[361/450] rg-propositional_logic-124 medium r1 rt=53 ct=62 $0.00 
[362/450] rg-propositional_logic-120 medium r1 rt=388 ct=531 $0.00 
[363/450] rg-propositional_logic-110 medium r1 rt=1218 ct=1521 $0.00 
[364/450] rg-propositional_logic-122 medium r1 rt=444 ct=572 $0.00 
[365/450] rg-propositional_logic-126 medium r1 rt=478 ct=673 $0.00 
[366/450] rg-propositional_logic-128 medium r1 rt=582 ct=746 $0.00 
[367/450] rg-word_ladder-112 medium r1 rt=527 ct=600 $0.00 
[368/450] rg-word_ladder-108 medium r1 rt=1348 ct=1510 $0.00 
[369/450] rg-word_ladder-110 medium r1 rt=1495 ct=1648 $0.00 
[370/450] rg-word_ladder-120 medium r1 rt=340 ct=371 $0.00 
[371/450] rg-word_ladder-116 medium r1 rt=1010 ct=1120 $0.00 
[372/450] rg-word_ladder-122 medium r1 rt=401 ct=418 $0.00 
[373/450] rg-number_sequence-108 medium r1 rt=945 ct=1150 $0.00 
[374/450] rg-number_sequence-112 medium r1 rt=295 ct=558 $0.00 
[375/450] rg-number_sequence-114 medium r1 rt=110 ct=241 $0.00 
[376/450] if-268 medium r1 rt=12546 ct=13359 $0.00 
[377/450] ma-hmmt_feb_2026-30 medium r1 rt=29717 ct=30694 $0.00 
[378/450] rg-number_sequence-118 medium r1 rt=101 ct=193 $0.00 
[379/450] rg-number_sequence-122 medium r1 rt=116 ct=229 $0.00 
[380/450] rg-number_sequence-120 medium r1 rt=416 ct=573 $0.00 
[381/450] rg-number_sequence-124 medium r1 rt=213 ct=310 $0.00 
[382/450] rg-number_sequence-116 medium r1 rt=1138 ct=1303 $0.00 
[383/450] rg-word_ladder-118 medium r1 rt=4436 ct=4617 $0.00 
[384/450] rg-number_sequence-110 medium r1 rt=4106 ct=4200 $0.00 
[385/450] rg-word_ladder-114 medium r1 rt=6653 ct=6830 $0.00 
[386/450] rg-number_sequence-126 medium r1 rt=4783 ct=5013 $0.00 
[387/450] rg-rush_hour-106 medium r1 rt=12684 ct=12959 $0.00 
[388/450] ma-hmmt_feb_2026-2 medium r1 rt=16259 ct=17227 $0.00 
[389/450] ma-hmmt_feb_2026-31 medium r1 rt=12180 ct=13070 $0.00 
[390/450] rg-rush_hour-104 medium r1 rt=33290 ct=33291 $0.00 
[391/450] ma-hmmt_feb_2026-8 medium r1 rt=34112 ct=34113 $0.00 
[392/450] if-29 medium r1 rt=986 ct=3067 $0.00 
[393/450] if-33 medium r1 rt=704 ct=757 $0.00 
[394/450] if-66 medium r1 rt=190 ct=246 $0.00 
[395/450] if-74 medium r1 rt=223 ct=416 $0.00 
[396/450] if-94 medium r1 rt=669 ct=808 $0.00 
[397/450] if-112 medium r1 rt=1201 ct=1421 $0.00 
[398/450] if-84 medium r1 rt=610 ct=2638 $0.00 
[399/450] if-12 medium r1 rt=8823 ct=9309 $0.00 
[400/450] if-139 medium r1 rt=702 ct=1570 $0.00 
[401/450] if-149 medium r1 rt=844 ct=1096 $0.00 
[402/450] if-155 medium r1 rt=879 ct=1110 $0.00 
[403/450] if-161 medium r1 rt=1767 ct=2129 $0.00 
[404/450] ma-hmmt_feb_2026-23 medium r1 rt=42215 ct=42932 $0.00 
[405/450] if-133 medium r1 rt=9495 ct=10070 $0.00 
[406/450] if-179 medium r1 rt=7049 ct=7234 $0.00 
[407/450] if-166 medium r1 rt=9726 ct=9754 $0.00 
[408/450] if-195 medium r1 rt=3568 ct=4924 $0.00 
[409/450] if-224 medium r1 rt=1901 ct=1938 $0.00 
[410/450] if-234 medium r1 rt=2313 ct=2637 $0.00 
[411/450] if-243 medium r1 rt=2142 ct=2291 $0.00 
[412/450] if-276 medium r1 rt=598 ct=890 $0.00 
[413/450] if-298 medium r1 rt=212 ct=265 $0.00 
[414/450] bfcl-live_multiple_59-22-6 medium r1 rt=123 ct=190 $0.00 
[415/450] bfcl-live_multiple_128-50-0 medium r1 rt=64 ct=123 $0.00 
[416/450] bfcl-live_multiple_367-134-12 medium r1 rt=95 ct=155 $0.00 
[417/450] bfcl-live_multiple_432-141-21 medium r1 rt=137 ct=245 $0.00 
[418/450] bfcl-live_multiple_556-154-2 medium r1 rt=184 ct=295 $0.00 
[419/450] bfcl-live_multiple_663-162-5 medium r1 rt=71 ct=137 $0.00 
[420/450] bfcl-live_multiple_900-185-10 medium r1 rt=72 ct=146 $0.00 
[421/450] if-285 medium r1 rt=1429 ct=1694 $0.00 
[422/450] bfcl-live_multiple_943-196-1 medium r1 rt=26 ct=55 $0.00 
[423/450] bfcl-live_multiple_951-200-0 medium r1 rt=35 ct=56 $0.00 
[424/450] bfcl-live_simple_24-5-2 medium r1 rt=70 ct=103 $0.00 
[425/450] bfcl-live_simple_55-25-1 medium r1 rt=38 ct=84 $0.00 
[426/450] bfcl-live_simple_87-48-0 medium r1 rt=42 ct=87 $0.00 
[427/450] bfcl-live_simple_105-62-0 medium r1 rt=105 ct=160 $0.00 
[428/450] bfcl-live_simple_130-84-0 medium r1 rt=179 ct=289 $0.00 
[429/450] bfcl-live_simple_139-92-0 medium r1 rt=99 ct=176 $0.00 
[430/450] bfcl-live_multiple_974-214-0 medium r1 rt=786 ct=988 $0.00 
[431/450] bfcl-live_simple_195-116-3 medium r1 rt=77 ct=131 $0.00 
[432/450] bfcl-live_simple_219-117-11 medium r1 rt=48 ct=113 $0.00 
[433/450] bfcl-live_simple_181-106-0 medium r1 rt=255 ct=327 $0.00 
[434/450] bfcl-live_simple_233-123-0 medium r1 rt=90 ct=150 $0.00 
[435/450] bfcl-irrelevance_68 medium r1 rt=374 ct=602 $0.00 
[436/450] bfcl-irrelevance_106 medium r1 rt=198 ct=556 $0.00 
[437/450] bfcl-irrelevance_172 medium r1 rt=167 ct=274 $0.00 
[438/450] bfcl-irrelevance_132 medium r1 rt=359 ct=611 $0.00 
[439/450] bfcl-live_parallel_multiple_0-0-0 medium r1 rt=137 ct=272 $0.00 
[440/450] bfcl-live_parallel_multiple_12-10-1 medium r1 rt=50 ct=121 $0.00 
[441/450] bfcl-live_parallel_multiple_2-2-0 medium r1 rt=231 ct=269 $0.00 
[442/450] bfcl-live_parallel_multiple_14-12-0 medium r1 rt=54 ct=138 $0.00 
[443/450] bfcl-live_parallel_multiple_17-15-0 medium r1 rt=180 ct=252 $0.00 
[444/450] bfcl-live_parallel_multiple_20-17-0 medium r1 rt=178 ct=371 $0.00 
[445/450] if-206 medium r1 rt=19066 ct=19170 $0.00 
[446/450] ma-hmmt_feb_2026-18 medium r1 rt=74912 ct=74913 $0.00 
[447/450] if-249 medium r1 rt=33059 ct=33060 $0.00 
[448/450] ma-hmmt_feb_2026-7 medium r1 rt=131072 ct=131072 $0.00 
[449/450] ma-hmmt_feb_2026-26 medium r1 rt=128098 ct=129598 $0.00 
[450/450] ma-hmmt_feb_2026-27 medium r1 rt=97458 ct=97459 $0.00 
done in 187.8 min: ok=450 skip=0 err=0 cost=$0.00
[22:51:15][0] === STAGE: --efforts xhigh --repeats 3 ===
150 tasks x ['xhigh'] x 3 = 450 calls, concurrency 8
[151/450] rg-propositional_logic-000 xhigh r2 rt=277 ct=289 $0.00 
[152/450] rg-propositional_logic-006 xhigh r2 rt=291 ct=300 $0.00 
[153/450] rg-intermediate_integration-008 xhigh r2 rt=912 ct=995 $0.00 
[154/450] rg-propositional_logic-008 xhigh r2 rt=440 ct=452 $0.00 
[155/450] rg-intermediate_integration-006 xhigh r2 rt=818 ct=1059 $0.00 
[156/450] rg-intermediate_integration-004 xhigh r2 rt=1003 ct=1411 $0.00 
[157/450] rg-word_ladder-000 xhigh r2 rt=518 ct=535 $0.00 
[158/450] rg-intermediate_integration-000 xhigh r2 rt=1955 ct=2117 $0.00 
[159/450] rg-intermediate_integration-002 xhigh r2 rt=1844 ct=2124 $0.00 
[160/450] rg-number_sequence-004 xhigh r2 rt=52 ct=63 $0.00 
[161/450] rg-number_sequence-002 xhigh r2 rt=99 ct=109 $0.00 
[162/450] rg-number_sequence-000 xhigh r2 rt=848 ct=971 $0.00 
[163/450] rg-propositional_logic-002 xhigh r2 rt=2540 ct=2552 $0.00 
[164/450] rg-word_ladder-002 xhigh r2 rt=1639 ct=1657 $0.00 
[165/450] rg-word_ladder-004 xhigh r2 rt=1710 ct=1729 $0.00 
[166/450] rg-propositional_logic-004 xhigh r2 rt=2884 ct=2902 $0.00 
[167/450] ma-hmmt_feb_2026-11 xhigh r2 rt=1045 ct=1305 $0.00 
[168/450] rg-word_ladder-006 xhigh r2 rt=2689 ct=2708 $0.00 
[169/450] rg-number_sequence-006 xhigh r2 rt=2373 ct=2438 $0.00 
[170/450] ma-hmmt_feb_2026-4 xhigh r2 rt=1918 ct=2412 $0.00 
[171/450] ma-hmmt_feb_2026-14 xhigh r2 rt=4467 ct=4829 $0.00 
[172/450] ma-aime_2026-2 xhigh r2 rt=3627 ct=4185 $0.00 
[173/450] rg-rush_hour-000 xhigh r2 rt=6877 ct=6897 $0.00 
[174/450] if-44 xhigh r2 rt=2104 ct=2209 $0.00 
[175/450] if-5 xhigh r2 rt=5958 ct=6709 $0.00 
[176/450] if-89 xhigh r2 rt=5841 ct=5907 $0.00 
[177/450] if-99 xhigh r2 rt=5247 ct=5420 $0.00 
[178/450] if-197 xhigh r2 rt=1785 ct=1900 $0.00 
[179/450] rg-rush_hour-002 xhigh r2 rt=15972 ct=15992 $0.00 
[180/450] if-160 xhigh r2 rt=4845 ct=4972 $0.00 
[181/450] ma-aime_2026-21 xhigh r2 rt=14515 ct=14969 $0.00 
[182/450] bfcl-live_multiple_121-46-0 xhigh r2 rt=147 ct=265 $0.00 
[183/450] bfcl-live_multiple_316-132-6 xhigh r2 rt=97 ct=160 $0.00 
[184/450] if-245 xhigh r2 rt=2131 ct=2456 $0.00 
[185/450] bfcl-live_multiple_802-175-8 xhigh r2 rt=75 ct=130 $0.00 
[186/450] bfcl-live_simple_4-3-0 xhigh r2 rt=59 ct=104 $0.00 
[187/450] bfcl-live_simple_158-95-15 xhigh r2 rt=39 ct=76 $0.00 
[188/450] bfcl-live_simple_176-102-0 xhigh r2 rt=189 ct=219 $0.00 
[189/450] bfcl-live_simple_222-117-14 xhigh r2 rt=97 ct=164 $0.00 
[190/450] bfcl-live_multiple_607-159-0 xhigh r2 rt=1326 ct=1393 $0.00 
[191/450] bfcl-irrelevance_1 xhigh r2 rt=577 ct=830 $0.00 
[192/450] bfcl-live_parallel_multiple_4-3-0 xhigh r2 rt=107 ct=217 $0.00 
[193/450] bfcl-live_parallel_multiple_16-14-0 xhigh r2 rt=99 ct=158 $0.00 
[194/450] bfcl-irrelevance_149 xhigh r2 rt=1263 ct=1351 $0.00 
[195/450] rg-intermediate_integration-112 xhigh r2 rt=836 ct=1319 $0.00 
[196/450] rg-intermediate_integration-110 xhigh r2 rt=1142 ct=1576 $0.00 
[197/450] rg-intermediate_integration-116 xhigh r2 rt=335 ct=481 $0.00 
[198/450] rg-intermediate_integration-114 xhigh r2 rt=796 ct=874 $0.00 
[199/450] rg-intermediate_integration-120 xhigh r2 rt=1001 ct=1279 $0.00 
[200/450] if-268 xhigh r2 rt=7004 ct=7487 $0.00 
[201/450] rg-intermediate_integration-122 xhigh r2 rt=668 ct=786 $0.00 
[202/450] rg-intermediate_integration-124 xhigh r2 rt=1884 ct=2267 $0.00 
[203/450] rg-intermediate_integration-126 xhigh r2 rt=1938 ct=2314 $0.00 
[204/450] rg-intermediate_integration-128 xhigh r2 rt=376 ct=515 $0.00 
[205/450] if-221 xhigh r2 rt=12920 ct=13049 $0.00 
[206/450] rg-propositional_logic-114 xhigh r2 rt=195 ct=207 $0.00 
[207/450] rg-intermediate_integration-118 xhigh r2 rt=5006 ct=5308 $0.00 
[208/450] rg-propositional_logic-112 xhigh r2 rt=842 ct=853 $0.00 
[209/450] rg-propositional_logic-118 xhigh r2 rt=312 ct=324 $0.00 
[210/450] rg-propositional_logic-122 xhigh r2 rt=1007 ct=1017 $0.00 
[211/450] rg-propositional_logic-124 xhigh r2 rt=70 ct=79 $0.00 
[212/450] rg-propositional_logic-120 xhigh r2 rt=1394 ct=1403 $0.00 
[213/450] rg-propositional_logic-128 xhigh r2 rt=1213 ct=1227 $0.00 
[214/450] rg-propositional_logic-110 xhigh r2 rt=3934 ct=3947 $0.00 
[215/450] rg-word_ladder-108 xhigh r2 rt=1212 ct=1232 $0.00 
[216/450] rg-word_ladder-110 xhigh r2 rt=1786 ct=1809 $0.00 
[217/450] rg-word_ladder-112 xhigh r2 rt=1083 ct=1104 $0.00 
[218/450] rg-word_ladder-116 xhigh r2 rt=716 ct=734 $0.00 
[219/450] rg-propositional_logic-116 xhigh r2 rt=8448 ct=8459 $0.00 
[220/450] rg-propositional_logic-126 xhigh r2 rt=13285 ct=13297 $0.00 
[221/450] if-205 xhigh r2 rt=29956 ct=30067 $0.00 
[222/450] rg-word_ladder-120 xhigh r2 rt=10188 ct=10224 $0.00 
[223/450] rg-number_sequence-110 xhigh r2 rt=839 ct=849 $0.00 
[224/450] rg-number_sequence-112 xhigh r2 rt=304 ct=364 $0.00 
[225/450] rg-number_sequence-114 xhigh r2 rt=95 ct=106 $0.00 
[226/450] rg-number_sequence-108 xhigh r2 rt=4090 ct=4119 $0.00 
[227/450] rg-number_sequence-118 xhigh r2 rt=69 ct=80 $0.00 
[228/450] rg-number_sequence-120 xhigh r2 rt=549 ct=560 $0.00 
[229/450] rg-number_sequence-122 xhigh r2 rt=82 ct=94 $0.00 
[230/450] rg-number_sequence-124 xhigh r2 rt=291 ct=354 $0.00 
[231/450] rg-word_ladder-114 xhigh r2 rt=17197 ct=17231 $0.00 
[232/450] rg-number_sequence-116 xhigh r2 rt=7229 ct=7283 $0.00 
[233/450] rg-rush_hour-106 xhigh r2 rt=18889 ct=18927 $0.00 
[234/450] ma-hmmt_feb_2026-2 xhigh r2 rt=10054 ct=10918 $0.00 
[235/450] ma-hmmt_feb_2026-26 xhigh r2 rt=83968 ct=85196 $0.00 
[236/450] rg-word_ladder-122 xhigh r2 rt=45824 ct=45863 $0.00 
[237/450] rg-number_sequence-126 xhigh r2 rt=73043 ct=73165 $0.00 
[238/450] ma-hmmt_feb_2026-30 xhigh r2 rt=120138 ct=121285 $0.00 
[239/450] ma-hmmt_feb_2026-8 xhigh r2 rt=43228 ct=44000 $0.00 
[240/450] ma-hmmt_feb_2026-7 xhigh r2 rt=131072 ct=131072 $0.00 
[241/450] if-12 xhigh r2 rt=9244 ct=9529 $0.00 
[242/450] if-33 xhigh r2 rt=694 ct=711 $0.00 
[243/450] if-66 xhigh r2 rt=366 ct=407 $0.00 
[244/450] if-74 xhigh r2 rt=2037 ct=2120 $0.00 
[245/450] if-29 xhigh r2 rt=12479 ct=13835 $0.00 
[246/450] if-94 xhigh r2 rt=297 ct=306 $0.00 
[247/450] ma-hmmt_feb_2026-23 xhigh r2 rt=49234 ct=50098 $0.00 
[248/450] if-84 xhigh r2 rt=3564 ct=6424 $0.00 
[249/450] if-112 xhigh r2 rt=6773 ct=6853 $0.00 
[250/450] if-133 xhigh r2 rt=5662 ct=5829 $0.00 
[251/450] if-139 xhigh r2 rt=2040 ct=2571 $0.00 
[252/450] if-161 xhigh r2 rt=1202 ct=1263 $0.00 
[253/450] if-155 xhigh r2 rt=4722 ct=4832 $0.00 
[254/450] rg-word_ladder-118 xhigh r2 rt=131072 ct=131072 $0.00 
[255/450] if-195 xhigh r2 rt=3800 ct=4627 $0.00 
[256/450] rg-rush_hour-104 xhigh r2 rt=119732 ct=119942 $0.00 
[257/450] if-224 xhigh r2 rt=5969 ct=6015 $0.00 
[258/450] ma-hmmt_feb_2026-18 xhigh r2 rt=83411 ct=84832 $0.00 
[259/450] if-234 xhigh r2 rt=3052 ct=3148 $0.00 
[260/450] if-149 xhigh r2 rt=27870 ct=27982 $0.00 
[261/450] if-276 xhigh r2 rt=1153 ct=1404 $0.00 
[262/450] ma-hmmt_feb_2026-31 xhigh r2 rt=60008 ct=60900 $0.00 
[263/450] if-298 xhigh r2 rt=349 ct=362 $0.00 
[264/450] bfcl-live_multiple_59-22-6 xhigh r2 rt=325 ct=377 $0.00 
[265/450] bfcl-live_multiple_128-50-0 xhigh r2 rt=159 ct=231 $0.00 
[266/450] bfcl-live_multiple_367-134-12 xhigh r2 rt=52 ct=112 $0.00 
[267/450] if-243 xhigh r2 rt=5867 ct=6325 $0.00 
[268/450] bfcl-live_multiple_432-141-21 xhigh r2 rt=111 ct=219 $0.00 
[269/450] bfcl-live_multiple_556-154-2 xhigh r2 rt=154 ct=265 $0.00 
[270/450] bfcl-live_multiple_663-162-5 xhigh r2 rt=52 ct=118 $0.00 
[271/450] bfcl-live_multiple_943-196-1 xhigh r2 rt=26 ct=55 $0.00 
[272/450] bfcl-live_multiple_900-185-10 xhigh r2 rt=82 ct=156 $0.00 
[273/450] bfcl-live_multiple_951-200-0 xhigh r2 rt=40 ct=61 $0.00 
[274/450] bfcl-live_simple_24-5-2 xhigh r2 rt=75 ct=114 $0.00 
[275/450] bfcl-live_simple_55-25-1 xhigh r2 rt=76 ct=122 $0.00 
[276/450] bfcl-live_simple_87-48-0 xhigh r2 rt=59 ct=104 $0.00 
[277/450] bfcl-live_simple_105-62-0 xhigh r2 rt=99 ct=154 $0.00 
[278/450] bfcl-live_simple_130-84-0 xhigh r2 rt=146 ct=256 $0.00 
[279/450] bfcl-live_multiple_974-214-0 xhigh r2 rt=788 ct=889 $0.00 
[280/450] bfcl-live_simple_139-92-0 xhigh r2 rt=262 ct=360 $0.00 
[281/450] bfcl-live_simple_181-106-0 xhigh r2 rt=271 ct=343 $0.00 
[282/450] bfcl-live_simple_195-116-3 xhigh r2 rt=94 ct=148 $0.00 
[283/450] bfcl-live_simple_219-117-11 xhigh r2 rt=62 ct=127 $0.00 
[284/450] bfcl-live_simple_233-123-0 xhigh r2 rt=83 ct=143 $0.00 
[285/450] bfcl-irrelevance_68 xhigh r2 rt=222 ct=369 $0.00 
[286/450] bfcl-irrelevance_106 xhigh r2 rt=290 ct=529 $0.00 
[287/450] bfcl-irrelevance_132 xhigh r2 rt=261 ct=364 $0.00 
[288/450] bfcl-irrelevance_172 xhigh r2 rt=508 ct=645 $0.00 
[289/450] bfcl-live_parallel_multiple_0-0-0 xhigh r2 rt=374 ct=526 $0.00 
[290/450] bfcl-live_parallel_multiple_12-10-1 xhigh r2 rt=196 ct=267 $0.00 
[291/450] bfcl-live_parallel_multiple_2-2-0 xhigh r2 rt=462 ct=500 $0.00 
[292/450] bfcl-live_parallel_multiple_14-12-0 xhigh r2 rt=143 ct=227 $0.00 
[293/450] bfcl-live_parallel_multiple_20-17-0 xhigh r2 rt=133 ct=296 $0.00 
[294/450] bfcl-live_parallel_multiple_17-15-0 xhigh r2 rt=868 ct=942 $0.00 
[295/450] rg-intermediate_integration-002 xhigh r3 rt=520 ct=650 $0.00 
[296/450] rg-intermediate_integration-000 xhigh r3 rt=1240 ct=1381 $0.00 
[297/450] rg-intermediate_integration-006 xhigh r3 rt=630 ct=813 $0.00 
[298/450] rg-intermediate_integration-004 xhigh r3 rt=928 ct=963 $0.00 
[299/450] rg-intermediate_integration-008 xhigh r3 rt=930 ct=1018 $0.00 
[300/450] rg-propositional_logic-000 xhigh r3 rt=1604 ct=1616 $0.00 
[301/450] rg-propositional_logic-004 xhigh r3 rt=1988 ct=2006 $0.00 
[302/450] rg-propositional_logic-006 xhigh r3 rt=187 ct=196 $0.00 
[303/450] rg-propositional_logic-002 xhigh r3 rt=3025 ct=3037 $0.00 
[304/450] rg-word_ladder-000 xhigh r3 rt=442 ct=459 $0.00 
[305/450] rg-propositional_logic-008 xhigh r3 rt=1053 ct=1065 $0.00 
[306/450] if-285 xhigh r2 rt=18673 ct=18687 $0.00 
[307/450] if-249 xhigh r2 rt=21353 ct=21459 $0.00 
[308/450] rg-number_sequence-000 xhigh r3 rt=318 ct=330 $0.00 
[309/450] rg-number_sequence-002 xhigh r3 rt=93 ct=103 $0.00 
[310/450] rg-number_sequence-004 xhigh r3 rt=57 ct=68 $0.00 
[311/450] if-179 xhigh r2 rt=45101 ct=45164 $0.00 
[312/450] rg-word_ladder-002 xhigh r3 rt=9627 ct=9647 $0.00 
[313/450] if-166 xhigh r2 rt=54131 ct=54158 $0.00 
[314/450] if-206 xhigh r2 rt=39358 ct=39419 $0.00 
[315/450] ma-hmmt_feb_2026-4 xhigh r3 rt=1743 ct=2127 $0.00 
[316/450] rg-rush_hour-002 xhigh r3 rt=5313 ct=5333 $0.00 
[317/450] ma-hmmt_feb_2026-11 xhigh r3 rt=832 ct=1065 $0.00 
[318/450] ma-hmmt_feb_2026-14 xhigh r3 rt=2117 ct=2368 $0.00 
[319/450] rg-word_ladder-006 xhigh r3 rt=39408 ct=39409 $0.00 
[320/450] ma-aime_2026-2 xhigh r3 rt=2518 ct=3196 $0.00 
[321/450] rg-word_ladder-004 xhigh r3 rt=55328 ct=55329 $0.00 
[322/450] ma-hmmt_feb_2026-27 xhigh r2 rt=131072 ct=131072 $0.00 
[323/450] if-44 xhigh r3 rt=2539 ct=2676 $0.00 
[324/450] if-5 xhigh r3 rt=6045 ct=6803 $0.00 
[325/450] if-89 xhigh r3 rt=2963 ct=3008 $0.00 
[326/450] if-99 xhigh r3 rt=2602 ct=2800 $0.00 
[327/450] ma-aime_2026-21 xhigh r3 rt=17825 ct=18260 $0.00 
[328/450] rg-number_sequence-006 xhigh r3 rt=60868 ct=60941 $0.00 
[329/450] if-197 xhigh r3 rt=2867 ct=2990 $0.00 
[330/450] if-160 xhigh r3 rt=4450 ct=4686 $0.00 
[331/450] rg-rush_hour-000 xhigh r3 rt=65033 ct=65089 $0.00 
[332/450] if-221 xhigh r3 rt=5295 ct=5360 $0.00 
[333/450] if-245 xhigh r3 rt=3421 ct=3813 $0.00 
[334/450] bfcl-live_multiple_316-132-6 xhigh r3 rt=69 ct=132 $0.00 
[335/450] bfcl-live_multiple_121-46-0 xhigh r3 rt=244 ct=362 $0.00 
[336/450] bfcl-live_multiple_802-175-8 xhigh r3 rt=70 ct=125 $0.00 
[337/450] bfcl-live_simple_4-3-0 xhigh r3 rt=69 ct=114 $0.00 
[338/450] bfcl-live_simple_158-95-15 xhigh r3 rt=63 ct=100 $0.00 
[339/450] bfcl-live_simple_176-102-0 xhigh r3 rt=161 ct=203 $0.00 
[340/450] bfcl-live_simple_222-117-14 xhigh r3 rt=184 ct=251 $0.00 
[341/450] bfcl-live_multiple_607-159-0 xhigh r3 rt=508 ct=567 $0.00 
[342/450] bfcl-live_parallel_multiple_4-3-0 xhigh r3 rt=99 ct=209 $0.00 
[343/450] bfcl-irrelevance_1 xhigh r3 rt=219 ct=497 $0.00 
[344/450] bfcl-live_parallel_multiple_16-14-0 xhigh r3 rt=144 ct=216 $0.00 
[345/450] bfcl-irrelevance_149 xhigh r3 rt=837 ct=1042 $0.00 
[346/450] rg-intermediate_integration-110 xhigh r3 rt=477 ct=844 $0.00 
[347/450] rg-intermediate_integration-114 xhigh r3 rt=872 ct=987 $0.00 
[348/450] rg-intermediate_integration-112 xhigh r3 rt=1408 ct=1742 $0.00 
[349/450] rg-intermediate_integration-116 xhigh r3 rt=1392 ct=1801 $0.00 
[350/450] rg-intermediate_integration-122 xhigh r3 rt=274 ct=452 $0.00 
[351/450] rg-intermediate_integration-120 xhigh r3 rt=1831 ct=2269 $0.00 
[352/450] rg-intermediate_integration-124 xhigh r3 rt=1944 ct=2196 $0.00 
[353/450] rg-intermediate_integration-128 xhigh r3 rt=1187 ct=1323 $0.00 
[354/450] rg-intermediate_integration-126 xhigh r3 rt=2934 ct=3197 $0.00 
[355/450] rg-propositional_logic-110 xhigh r3 rt=915 ct=930 $0.00 
[356/450] rg-propositional_logic-114 xhigh r3 rt=231 ct=243 $0.00 
[357/450] if-268 xhigh r3 rt=14232 ct=14384 $0.00 
[358/450] rg-propositional_logic-112 xhigh r3 rt=5174 ct=5185 $0.00 
[359/450] rg-propositional_logic-118 xhigh r3 rt=2829 ct=2841 $0.00 
[360/450] rg-propositional_logic-122 xhigh r3 rt=478 ct=488 $0.00 
[361/450] rg-propositional_logic-124 xhigh r3 rt=75 ct=84 $0.00 
[362/450] rg-propositional_logic-120 xhigh r3 rt=1011 ct=1020 $0.00 
[363/450] rg-intermediate_integration-118 xhigh r3 rt=12368 ct=12635 $0.00 
[364/450] rg-propositional_logic-116 xhigh r3 rt=7510 ct=7521 $0.00 
[365/450] rg-word_ladder-110 xhigh r3 rt=2728 ct=2751 $0.00 
[366/450] rg-propositional_logic-128 xhigh r3 rt=6441 ct=6455 $0.00 
[367/450] rg-propositional_logic-126 xhigh r3 rt=7129 ct=7141 $0.00 
[368/450] rg-word_ladder-112 xhigh r3 rt=2331 ct=2352 $0.00 
[369/450] rg-word_ladder-118 xhigh r3 rt=3537 ct=3553 $0.00 
[370/450] if-205 xhigh r3 rt=32677 ct=32799 $0.00 
[371/450] ma-hmmt_feb_2026-26 xhigh r3 rt=83669 ct=84564 $0.00 
[372/450] ma-hmmt_feb_2026-30 xhigh r3 rt=84030 ct=84946 $0.00 
[373/450] rg-word_ladder-108 xhigh r3 rt=18288 ct=18317 $0.00 
[374/450] rg-number_sequence-112 xhigh r3 rt=243 ct=305 $0.00 
[375/450] rg-number_sequence-114 xhigh r3 rt=78 ct=125 $0.00 
[376/450] rg-number_sequence-108 xhigh r3 rt=7902 ct=7960 $0.00 
[377/450] rg-number_sequence-118 xhigh r3 rt=36 ct=47 $0.00 
[378/450] rg-number_sequence-120 xhigh r3 rt=858 ct=957 $0.00 
[379/450] rg-number_sequence-122 xhigh r3 rt=55 ct=67 $0.00 
[380/450] rg-number_sequence-124 xhigh r3 rt=430 ct=492 $0.00 
[381/450] rg-number_sequence-116 xhigh r3 rt=7667 ct=7728 $0.00 
[382/450] rg-word_ladder-116 xhigh r3 rt=21584 ct=21603 $0.00 
[383/450] rg-word_ladder-120 xhigh r3 rt=26055 ct=26079 $0.00 
[384/450] rg-number_sequence-110 xhigh r3 rt=21798 ct=21835 $0.00 
[385/450] ma-hmmt_feb_2026-2 xhigh r3 rt=15825 ct=16972 $0.00 
[386/450] ma-hmmt_feb_2026-7 xhigh r3 rt=131072 ct=131072 $0.00 
[387/450] rg-word_ladder-122 xhigh r3 rt=58131 ct=58150 $0.00 
[388/450] rg-number_sequence-126 xhigh r3 rt=51670 ct=51884 $0.00 
[389/450] rg-rush_hour-106 xhigh r3 rt=68906 ct=69016 $0.00 
[390/450] ma-hmmt_feb_2026-23 xhigh r3 rt=43002 ct=43822 $0.00 
[391/450] if-12 xhigh r3 rt=4444 ct=4817 $0.00 
[392/450] if-33 xhigh r3 rt=474 ct=517 $0.00 
[393/450] if-66 xhigh r3 rt=327 ct=373 $0.00 
[394/450] rg-rush_hour-104 xhigh r3 rt=76946 ct=76947 $0.00 
[395/450] if-74 xhigh r3 rt=2356 ct=2468 $0.00 
[396/450] if-94 xhigh r3 rt=286 ct=295 $0.00 
[397/450] if-29 xhigh r3 rt=6423 ct=7098 $0.00 
[398/450] if-84 xhigh r3 rt=3843 ct=5706 $0.00 
[399/450] if-112 xhigh r3 rt=5312 ct=5381 $0.00 
[400/450] if-139 xhigh r3 rt=2571 ct=3323 $0.00 
[401/450] if-133 xhigh r3 rt=4281 ct=4420 $0.00 
[402/450] if-161 xhigh r3 rt=1076 ct=1265 $0.00 
[403/450] if-155 xhigh r3 rt=3136 ct=3188 $0.00 
[404/450] ma-hmmt_feb_2026-31 xhigh r3 rt=51788 ct=52685 $0.00 
[405/450] if-179 xhigh r3 rt=12933 ct=12963 $0.00 
[406/450] if-195 xhigh r3 rt=5230 ct=6169 $0.00 
[407/450] rg-word_ladder-114 xhigh r3 rt=128147 ct=128163 $0.00 
[408/450] if-224 xhigh r3 rt=8046 ct=8081 $0.00 
[409/450] if-149 xhigh r3 rt=30972 ct=30995 $0.00 
[410/450] if-243 xhigh r3 rt=837 ct=884 $0.00 
[411/450] if-276 xhigh r3 rt=1441 ct=1731 $0.00 
[412/450] if-166 xhigh r3 rt=30487 ct=30563 $0.00 
[413/450] if-234 xhigh r3 rt=10720 ct=10795 $0.00 
[414/450] bfcl-live_multiple_59-22-6 xhigh r3 rt=242 ct=294 $0.00 
[415/450] bfcl-live_multiple_128-50-0 xhigh r3 rt=169 ct=228 $0.00 
[416/450] if-298 xhigh r3 rt=997 ct=1006 $0.00 
[417/450] bfcl-live_multiple_367-134-12 xhigh r3 rt=54 ct=114 $0.00 
[418/450] bfcl-live_multiple_432-141-21 xhigh r3 rt=135 ct=243 $0.00 
[419/450] bfcl-live_multiple_556-154-2 xhigh r3 rt=184 ct=295 $0.00 
[420/450] bfcl-live_multiple_663-162-5 xhigh r3 rt=62 ct=128 $0.00 
[421/450] bfcl-live_multiple_943-196-1 xhigh r3 rt=57 ct=86 $0.00 
[422/450] bfcl-live_multiple_900-185-10 xhigh r3 rt=87 ct=161 $0.00 
[423/450] bfcl-live_multiple_951-200-0 xhigh r3 rt=37 ct=58 $0.00 
[424/450] bfcl-live_simple_24-5-2 xhigh r3 rt=42 ct=54 $0.00 
[425/450] bfcl-live_simple_55-25-1 xhigh r3 rt=39 ct=85 $0.00 
[426/450] bfcl-live_simple_87-48-0 xhigh r3 rt=48 ct=93 $0.00 
[427/450] bfcl-live_simple_105-62-0 xhigh r3 rt=89 ct=144 $0.00 
[428/450] bfcl-live_simple_130-84-0 xhigh r3 rt=179 ct=280 $0.00 
[429/450] bfcl-live_multiple_974-214-0 xhigh r3 rt=754 ct=855 $0.00 
[430/450] bfcl-live_simple_139-92-0 xhigh r3 rt=86 ct=174 $0.00 
[431/450] bfcl-live_simple_195-116-3 xhigh r3 rt=82 ct=136 $0.00 
[432/450] bfcl-live_simple_181-106-0 xhigh r3 rt=168 ct=240 $0.00 
[433/450] bfcl-live_simple_219-117-11 xhigh r3 rt=52 ct=117 $0.00 
[434/450] bfcl-live_simple_233-123-0 xhigh r3 rt=94 ct=154 $0.00 
[435/450] bfcl-irrelevance_68 xhigh r3 rt=446 ct=527 $0.00 
[436/450] bfcl-irrelevance_106 xhigh r3 rt=199 ct=486 $0.00 
[437/450] bfcl-irrelevance_172 xhigh r3 rt=228 ct=252 $0.00 
[438/450] bfcl-irrelevance_132 xhigh r3 rt=336 ct=537 $0.00 
[439/450] bfcl-live_parallel_multiple_0-0-0 xhigh r3 rt=267 ct=406 $0.00 
[440/450] bfcl-live_parallel_multiple_2-2-0 xhigh r3 rt=269 ct=307 $0.00 
[441/450] bfcl-live_parallel_multiple_12-10-1 xhigh r3 rt=135 ct=231 $0.00 
[442/450] bfcl-live_parallel_multiple_14-12-0 xhigh r3 rt=107 ct=191 $0.00 
[443/450] bfcl-live_parallel_multiple_20-17-0 xhigh r3 rt=165 ct=328 $0.00 
[444/450] bfcl-live_parallel_multiple_17-15-0 xhigh r3 rt=381 ct=437 $0.00 
[445/450] if-285 xhigh r3 rt=9950 ct=9965 $0.00 
[446/450] ma-hmmt_feb_2026-18 xhigh r3 rt=107530 ct=108803 $0.00 
[447/450] if-249 xhigh r3 rt=22974 ct=23175 $0.00 
[448/450] if-206 xhigh r3 rt=36415 ct=36484 $0.00 
[449/450] ma-hmmt_feb_2026-8 xhigh r3 rt=131072 ct=131072 $0.00 
[450/450] ma-hmmt_feb_2026-27 xhigh r3 rt=131072 ct=131072 $0.00 
done in 388.2 min: ok=300 skip=150 err=0 cost=$0.00
[05:19:28][0] === STAGE: --efforts xhigh --repeats 3 ===
150 tasks x ['xhigh'] x 3 = 450 calls, concurrency 8
done in 0.0 min: ok=0 skip=450 err=0 cost=$0.00
[05:19:28][0] === STAGE: --efforts off low medium --repeats 1 ===
150 tasks x ['off', 'low', 'medium'] x 1 = 450 calls, concurrency 8
done in 0.0 min: ok=0 skip=450 err=0 cost=$0.00
[05:19:28][0] ALL DONE: mirai-s half 0
[05:19:28][0] stopping server 1606864
