===== restart on quarter pools 07:49:26
[07:49:26][pq2/quarter2 gpu2] gguf $MODEL_ROOT/bonsai2-gguf/27B/Ternary-Bonsai-2-27B-PQ2_0.gguf, ctx 196608, slots 8, port 19102, pool final-pool/quarter2.jsonl
[07:49:41][pq2/quarter2 gpu2] ready after 20s
[07:49:41][pq2/quarter2 gpu2] === EFFORT GATE (template) ===
[07:49:41][pq2/quarter2 gpu2] OK: low and xhigh lines rendered
[07:49:41][pq2/quarter2 gpu2] === STAGE: --efforts xhigh --repeats 1 ===
75 tasks x ['xhigh'] x 1 = 75 calls, concurrency 8
[8/75] rg-word_ladder-002 xhigh r1 rt=None ct=874 $0.00 
[9/75] if-44 xhigh r1 rt=None ct=1294 $0.00 
[10/75] if-197 xhigh r1 rt=None ct=1835 $0.00 
[11/75] if-99 xhigh r1 rt=None ct=4392 $0.00 
[12/75] if-221 xhigh r1 rt=None ct=5578 $0.00 
[13/75] bfcl-live_multiple_316-132-6 xhigh r1 rt=None ct=117 $0.00 
[14/75] bfcl-live_multiple_802-175-8 xhigh r1 rt=None ct=121 $0.00 
[15/75] bfcl-live_simple_158-95-15 xhigh r1 rt=None ct=78 $0.00 
[16/75] bfcl-live_simple_222-117-14 xhigh r1 rt=None ct=126 $0.00 
[17/75] bfcl-irrelevance_149 xhigh r1 rt=None ct=578 $0.00 
[18/75] bfcl-live_parallel_multiple_16-14-0 xhigh r1 rt=None ct=181 $0.00 
[19/75] ma-aime_2026-21 xhigh r1 rt=None ct=11504 $0.00 
[20/75] rg-intermediate_integration-116 xhigh r1 rt=None ct=1095 $0.00 
[21/75] rg-intermediate_integration-120 xhigh r1 rt=None ct=1112 $0.00 
[22/75] rg-intermediate_integration-112 xhigh r1 rt=None ct=4133 $0.00 
[23/75] rg-intermediate_integration-128 xhigh r1 rt=None ct=1261 $0.00 
[24/75] rg-intermediate_integration-124 xhigh r1 rt=None ct=2505 $0.00 
[25/75] rg-rush_hour-002 xhigh r1 rt=None ct=16350 $0.00 
[26/75] rg-propositional_logic-120 xhigh r1 rt=None ct=379 $0.00 
[27/75] rg-propositional_logic-124 xhigh r1 rt=None ct=79 $0.00 
[28/75] ma-hmmt_feb_2026-30 xhigh r1 rt=None ct=17322 $0.00 
[29/75] rg-propositional_logic-128 xhigh r1 rt=None ct=2618 $0.00 
[30/75] if-268 xhigh r1 rt=None ct=15229 $0.00 
[31/75] rg-propositional_logic-112 xhigh r1 rt=None ct=9897 $0.00 
[32/75] rg-word_ladder-118 xhigh r1 rt=None ct=4834 $0.00 
[33/75] rg-word_ladder-110 xhigh r1 rt=None ct=9520 $0.00 
[34/75] rg-number_sequence-114 xhigh r1 rt=None ct=95 $0.00 
[35/75] rg-number_sequence-118 xhigh r1 rt=None ct=70 $0.00 
[36/75] rg-number_sequence-122 xhigh r1 rt=None ct=59 $0.00 
[37/75] rg-propositional_logic-116 xhigh r1 rt=None ct=11129 $0.00 
[38/75] rg-number_sequence-126 xhigh r1 rt=None ct=8538 $0.00 
===== restart 4 slots 229K 08:32:23
[08:32:23][pq2/quarter2 gpu2] gguf $MODEL_ROOT/bonsai2-gguf/27B/Ternary-Bonsai-2-27B-PQ2_0.gguf, ctx 229376, slots 6, port 19102, pool final-pool/quarter2.jsonl
[08:32:33][pq2/quarter2 gpu2] ready after 15s
[08:32:33][pq2/quarter2 gpu2] === EFFORT GATE (template) ===
[08:32:33][pq2/quarter2 gpu2] OK: low and xhigh lines rendered
[08:32:33][pq2/quarter2 gpu2] === STAGE: --efforts xhigh --repeats 1 ===
75 tasks x ['xhigh'] x 1 = 75 calls, concurrency 6
===== restart 4 slots 229K (actual) 08:33:41
[08:33:42][pq2/quarter2 gpu2] gguf $MODEL_ROOT/bonsai2-gguf/27B/Ternary-Bonsai-2-27B-PQ2_0.gguf, ctx 229376, slots 4, port 19102, pool final-pool/quarter2.jsonl
[08:33:52][pq2/quarter2 gpu2] ready after 15s
[08:33:52][pq2/quarter2 gpu2] === EFFORT GATE (template) ===
[08:33:52][pq2/quarter2 gpu2] OK: low and xhigh lines rendered
[08:33:52][pq2/quarter2 gpu2] === STAGE: --efforts xhigh --repeats 1 ===
75 tasks x ['xhigh'] x 1 = 75 calls, concurrency 4
[34/75] rg-word_ladder-114 xhigh r1 rt=None ct=1989 $0.00 
[36/75] rg-word_ladder-006 xhigh r1 rt=None ct=2695 $0.00 
[37/75] rg-number_sequence-006 xhigh r1 rt=None ct=35851 $0.00 
[42/75] rg-number_sequence-110 xhigh r1 rt=None ct=44180 $0.00 
===== restart timeout 3600 09:15:35
[09:15:36][pq2/quarter2 gpu2] gguf $MODEL_ROOT/bonsai2-gguf/27B/Ternary-Bonsai-2-27B-PQ2_0.gguf, ctx 229376, slots 4, port 19102, pool final-pool/quarter2.jsonl
[09:15:46][pq2/quarter2 gpu2] ready after 15s
[09:15:46][pq2/quarter2 gpu2] === EFFORT GATE (template) ===
[09:15:46][pq2/quarter2 gpu2] OK: low and xhigh lines rendered
[09:15:46][pq2/quarter2 gpu2] === STAGE: --efforts xhigh --repeats 1 ===
75 tasks x ['xhigh'] x 1 = 75 calls, concurrency 4
[43/75] rg-word_ladder-122 xhigh r1 rt=None ct=5432 $0.00 
[44/75] ma-hmmt_feb_2026-23 xhigh r1 rt=None ct=4536 $0.00 
[45/75] ma-hmmt_feb_2026-8 xhigh r1 rt=None ct=19080 $0.00 
[46/75] if-29 xhigh r1 rt=None ct=8955 $0.00 
[47/75] if-66 xhigh r1 rt=None ct=344 $0.00 
===== restart timeout 14400 09:36:26
[09:36:26][pq2/quarter2 gpu2] gguf $MODEL_ROOT/bonsai2-gguf/27B/Ternary-Bonsai-2-27B-PQ2_0.gguf, ctx 229376, slots 4, port 19102, pool final-pool/quarter2.jsonl
[09:36:36][pq2/quarter2 gpu2] ready after 15s
[09:36:36][pq2/quarter2 gpu2] === EFFORT GATE (template) ===
[09:36:36][pq2/quarter2 gpu2] OK: low and xhigh lines rendered
[09:36:36][pq2/quarter2 gpu2] === STAGE: --efforts xhigh --repeats 1 ===
75 tasks x ['xhigh'] x 1 = 75 calls, concurrency 4
[48/75] if-84 xhigh r1 rt=None ct=4346 $0.00 
[49/75] if-112 xhigh r1 rt=None ct=7995 $0.00 
[50/75] if-139 xhigh r1 rt=None ct=8288 $0.00 
[51/75] if-155 xhigh r1 rt=None ct=4340 $0.00 
[52/75] ma-hmmt_feb_2026-31 xhigh r1 rt=None ct=25881 $0.00 
[53/75] if-195 xhigh r1 rt=None ct=5149 $0.00 
[54/75] rg-rush_hour-106 xhigh r1 rt=None ct=33443 $0.00 
[55/75] if-243 xhigh r1 rt=None ct=2558 $0.00 
[56/75] if-276 xhigh r1 rt=None ct=1037 $0.00 
[57/75] if-298 xhigh r1 rt=None ct=284 $0.00 
[58/75] bfcl-live_multiple_128-50-0 xhigh r1 rt=None ct=74 $0.00 
[59/75] bfcl-live_multiple_432-141-21 xhigh r1 rt=None ct=172 $0.00 
[60/75] bfcl-live_multiple_663-162-5 xhigh r1 rt=None ct=130 $0.00 
[61/75] bfcl-live_multiple_943-196-1 xhigh r1 rt=None ct=55 $0.00 
[62/75] if-224 xhigh r1 rt=None ct=6949 $0.00 
[63/75] bfcl-live_simple_55-25-1 xhigh r1 rt=None ct=88 $0.00 
[64/75] bfcl-live_simple_105-62-0 xhigh r1 rt=None ct=135 $0.00 
[65/75] bfcl-live_simple_139-92-0 xhigh r1 rt=None ct=256 $0.00 
[66/75] bfcl-live_simple_195-116-3 xhigh r1 rt=None ct=116 $0.00 
[67/75] bfcl-live_simple_233-123-0 xhigh r1 rt=None ct=126 $0.00 
[68/75] bfcl-live_multiple_974-214-0 xhigh r1 rt=None ct=1170 $0.00 
[69/75] bfcl-irrelevance_106 xhigh r1 rt=None ct=370 $0.00 
[70/75] bfcl-irrelevance_172 xhigh r1 rt=None ct=213 $0.00 
[71/75] bfcl-live_parallel_multiple_14-12-0 xhigh r1 rt=None ct=183 $0.00 
[72/75] bfcl-live_parallel_multiple_2-2-0 xhigh r1 rt=None ct=397 $0.00 
[73/75] bfcl-live_parallel_multiple_20-17-0 xhigh r1 rt=None ct=296 $0.00 
[74/75] if-166 xhigh r1 rt=None ct=38827 $0.00 
[75/75] ma-hmmt_feb_2026-7 xhigh r1 rt=None ct=101003 $0.00 
done in 53.6 min: ok=28 skip=47 err=0 cost=$0.00
[10:30:13][pq2/quarter2 gpu2] === STAGE: --efforts off low medium --repeats 1 ===
75 tasks x ['off', 'low', 'medium'] x 1 = 225 calls, concurrency 4
[1/225] rg-propositional_logic-000 off r1 rt=None ct=10 $0.00 
[2/225] rg-propositional_logic-008 off r1 rt=None ct=499 $0.00 
[3/225] rg-intermediate_integration-002 off r1 rt=None ct=681 $0.00 
[4/225] rg-word_ladder-006 off r1 rt=None ct=20 $0.00 
[5/225] rg-number_sequence-002 off r1 rt=None ct=78 $0.00 
[6/225] rg-intermediate_integration-006 off r1 rt=None ct=809 $0.00 
[7/225] rg-propositional_logic-004 off r1 rt=None ct=1740 $0.00 
[8/225] rg-number_sequence-006 off r1 rt=None ct=1260 $0.00 
[9/225] rg-word_ladder-002 off r1 rt=None ct=3595 $0.00 
[10/225] ma-hmmt_feb_2026-14 off r1 rt=None ct=3570 $0.00 
[11/225] rg-rush_hour-002 off r1 rt=None ct=6753 $0.00 
[12/225] if-44 off r1 rt=None ct=106 $0.00 
[13/225] if-99 off r1 rt=None ct=218 $0.00 
[14/225] if-197 off r1 rt=None ct=131 $0.00 
[15/225] if-221 off r1 rt=None ct=66 $0.00 
[16/225] if-268 off r1 rt=None ct=86 $0.00 
[17/225] bfcl-live_multiple_316-132-6 off r1 rt=None ct=46 $0.00 
[18/225] bfcl-live_multiple_802-175-8 off r1 rt=None ct=53 $0.00 
[19/225] bfcl-live_simple_158-95-15 off r1 rt=None ct=35 $0.00 
[20/225] bfcl-live_simple_222-117-14 off r1 rt=None ct=65 $0.00 
[21/225] bfcl-irrelevance_149 off r1 rt=None ct=104 $0.00 
[22/225] bfcl-live_parallel_multiple_16-14-0 off r1 rt=None ct=70 $0.00 
[23/225] rg-intermediate_integration-112 off r1 rt=None ct=908 $0.00 
[24/225] rg-intermediate_integration-116 off r1 rt=None ct=605 $0.00 
[25/225] rg-intermediate_integration-120 off r1 rt=None ct=816 $0.00 
[26/225] ma-hmmt_feb_2026-30 off r1 rt=None ct=7009 $0.00 
[27/225] ma-hmmt_feb_2026-7 off r1 rt=None ct=9382 $0.00 
[28/225] rg-intermediate_integration-128 off r1 rt=None ct=346 $0.00 
[29/225] ma-aime_2026-21 off r1 rt=None ct=6849 $0.00 
[30/225] rg-intermediate_integration-124 off r1 rt=None ct=1726 $0.00 
[31/225] rg-propositional_logic-124 off r1 rt=None ct=139 $0.00 
[32/225] rg-propositional_logic-112 off r1 rt=None ct=2517 $0.00 
[33/225] rg-word_ladder-110 off r1 rt=None ct=15 $0.00 
[34/225] rg-word_ladder-114 off r1 rt=None ct=16 $0.00 
[35/225] rg-word_ladder-118 off r1 rt=None ct=10 $0.00 
[36/225] rg-propositional_logic-120 off r1 rt=None ct=1281 $0.00 
[37/225] rg-number_sequence-110 off r1 rt=None ct=993 $0.00 
[38/225] rg-propositional_logic-116 off r1 rt=None ct=3350 $0.00 
[39/225] rg-propositional_logic-128 off r1 rt=None ct=2113 $0.00 
[40/225] rg-number_sequence-118 off r1 rt=None ct=135 $0.00 
[41/225] rg-number_sequence-114 off r1 rt=None ct=215 $0.00 
[42/225] rg-number_sequence-122 off r1 rt=None ct=121 $0.00 
[43/225] rg-word_ladder-122 off r1 rt=None ct=5368 $0.00 
[44/225] rg-number_sequence-126 off r1 rt=None ct=6999 $0.00 
[45/225] ma-hmmt_feb_2026-23 off r1 rt=None ct=4097 $0.00 
[46/225] if-29 off r1 rt=None ct=745 $0.00 
[47/225] if-66 off r1 rt=None ct=52 $0.00 
[48/225] if-84 off r1 rt=None ct=574 $0.00 
[49/225] rg-rush_hour-106 off r1 rt=None ct=9988 $0.00 
[50/225] if-139 off r1 rt=None ct=541 $0.00 
[51/225] if-155 off r1 rt=None ct=222 $0.00 
[52/225] if-166 off r1 rt=None ct=25 $0.00 
[53/225] if-112 off r1 rt=None ct=1361 $0.00 
[54/225] if-195 off r1 rt=None ct=588 $0.00 
[55/225] if-224 off r1 rt=None ct=568 $0.00 
[56/225] if-243 off r1 rt=None ct=271 $0.00 
[57/225] if-298 off r1 rt=None ct=41 $0.00 
[58/225] bfcl-live_multiple_128-50-0 off r1 rt=None ct=57 $0.00 
[59/225] if-276 off r1 rt=None ct=305 $0.00 
[60/225] bfcl-live_multiple_432-141-21 off r1 rt=None ct=106 $0.00 
[61/225] bfcl-live_multiple_663-162-5 off r1 rt=None ct=64 $0.00 
[62/225] bfcl-live_multiple_943-196-1 off r1 rt=None ct=27 $0.00 
[63/225] bfcl-live_simple_55-25-1 off r1 rt=None ct=44 $0.00 
[64/225] bfcl-live_multiple_974-214-0 off r1 rt=None ct=86 $0.00 
[65/225] bfcl-live_simple_105-62-0 off r1 rt=None ct=53 $0.00 
[66/225] bfcl-live_simple_195-116-3 off r1 rt=None ct=52 $0.00 
[67/225] bfcl-live_simple_139-92-0 off r1 rt=None ct=75 $0.00 
[68/225] bfcl-live_simple_233-123-0 off r1 rt=None ct=58 $0.00 
[69/225] bfcl-irrelevance_172 off r1 rt=None ct=39 $0.00 
[70/225] bfcl-irrelevance_106 off r1 rt=None ct=136 $0.00 
[71/225] bfcl-live_parallel_multiple_2-2-0 off r1 rt=None ct=36 $0.00 
[72/225] bfcl-live_parallel_multiple_14-12-0 off r1 rt=None ct=82 $0.00 
[73/225] bfcl-live_parallel_multiple_20-17-0 off r1 rt=None ct=193 $0.00 
[74/225] rg-intermediate_integration-002 low r1 rt=None ct=987 $0.00 
[75/225] rg-intermediate_integration-006 low r1 rt=None ct=972 $0.00 
[76/225] rg-propositional_logic-000 low r1 rt=None ct=509 $0.00 
[77/225] ma-hmmt_feb_2026-8 off r1 rt=None ct=13782 $0.00 
[78/225] rg-word_ladder-002 low r1 rt=None ct=974 $0.00 
[79/225] ma-hmmt_feb_2026-31 off r1 rt=None ct=9201 $0.00 
[80/225] rg-number_sequence-002 low r1 rt=None ct=69 $0.00 
[81/225] rg-word_ladder-006 low r1 rt=None ct=1479 $0.00 
[82/225] rg-propositional_logic-004 low r1 rt=None ct=3678 $0.00 
[83/225] rg-propositional_logic-008 low r1 rt=None ct=8715 $0.00 
[84/225] ma-hmmt_feb_2026-14 low r1 rt=None ct=4489 $0.00 
[85/225] rg-rush_hour-002 low r1 rt=None ct=18004 $0.00 
[86/225] ma-aime_2026-21 low r1 rt=None ct=9607 $0.00 
[87/225] ma-hmmt_feb_2026-30 low r1 rt=None ct=17255 $0.00 
[88/225] if-99 low r1 rt=None ct=1797 $0.00 
[89/225] if-44 low r1 rt=None ct=2280 $0.00 
[90/225] if-197 low r1 rt=None ct=1630 $0.00 
[91/225] if-221 low r1 rt=None ct=5275 $0.00 
[92/225] bfcl-live_multiple_316-132-6 low r1 rt=None ct=109 $0.00 
[93/225] bfcl-live_multiple_802-175-8 low r1 rt=None ct=113 $0.00 
[94/225] bfcl-live_simple_158-95-15 low r1 rt=None ct=72 $0.00 
[95/225] bfcl-live_simple_222-117-14 low r1 rt=None ct=167 $0.00 
[96/225] bfcl-irrelevance_149 low r1 rt=None ct=447 $0.00 
[97/225] bfcl-live_parallel_multiple_16-14-0 low r1 rt=None ct=210 $0.00 
[98/225] rg-intermediate_integration-112 low r1 rt=None ct=1574 $0.00 
[99/225] rg-intermediate_integration-116 low r1 rt=None ct=948 $0.00 
[100/225] rg-intermediate_integration-120 low r1 rt=None ct=916 $0.00 
[101/225] rg-intermediate_integration-124 low r1 rt=None ct=2028 $0.00 
[102/225] rg-intermediate_integration-128 low r1 rt=None ct=769 $0.00 
[103/225] rg-number_sequence-006 low r1 rt=None ct=45409 $0.00 
[104/225] if-268 low r1 rt=None ct=14148 $0.00 
[105/225] rg-propositional_logic-120 low r1 rt=None ct=330 $0.00 
[106/225] rg-propositional_logic-124 low r1 rt=None ct=86 $0.00 
[107/225] rg-propositional_logic-112 low r1 rt=None ct=5983 $0.00 
[108/225] rg-propositional_logic-128 low r1 rt=None ct=4224 $0.00 
[109/225] rg-word_ladder-110 low r1 rt=None ct=3334 $0.00 
[110/225] rg-propositional_logic-116 low r1 rt=None ct=10074 $0.00 
[111/225] rg-word_ladder-122 low r1 rt=None ct=9606 $0.00 
[112/225] rg-word_ladder-118 low r1 rt=None ct=13971 $0.00 
[113/225] rg-number_sequence-114 low r1 rt=None ct=85 $0.00 
[114/225] rg-number_sequence-118 low r1 rt=None ct=86 $0.00 
[115/225] rg-number_sequence-122 low r1 rt=None ct=55 $0.00 
[116/225] rg-number_sequence-126 low r1 rt=None ct=10167 $0.00 
[117/225] ma-hmmt_feb_2026-7 low r1 rt=None ct=81499 $0.00 
[118/225] rg-number_sequence-110 low r1 rt=None ct=19526 $0.00 
[119/225] ma-hmmt_feb_2026-23 low r1 rt=None ct=12770 $0.00 
[120/225] rg-rush_hour-106 low r1 rt=None ct=28901 $0.00 
[121/225] ma-hmmt_feb_2026-8 low r1 rt=None ct=35816 $0.00 
[122/225] if-29 low r1 rt=None ct=12924 $0.00 
[123/225] if-66 low r1 rt=None ct=792 $0.00 
[124/225] if-84 low r1 rt=None ct=4082 $0.00 
[125/225] if-139 low r1 rt=None ct=3026 $0.00 
[126/225] if-155 low r1 rt=None ct=1709 $0.00 
[127/225] ma-hmmt_feb_2026-31 low r1 rt=None ct=38972 $0.00 
[128/225] if-195 low r1 rt=None ct=4394 $0.00 
[129/225] if-166 low r1 rt=None ct=17466 $0.00 
[130/225] if-243 low r1 rt=None ct=3083 $0.00 
[131/225] if-276 low r1 rt=None ct=1153 $0.00 
[132/225] if-224 low r1 rt=None ct=8038 $0.00 
[133/225] if-298 low r1 rt=None ct=266 $0.00 
[134/225] bfcl-live_multiple_128-50-0 low r1 rt=None ct=129 $0.00 
[135/225] bfcl-live_multiple_663-162-5 low r1 rt=None ct=96 $0.00 
[136/225] bfcl-live_multiple_943-196-1 low r1 rt=None ct=55 $0.00 
[137/225] bfcl-live_multiple_432-141-21 low r1 rt=None ct=235 $0.00 
[138/225] bfcl-live_simple_55-25-1 low r1 rt=None ct=117 $0.00 
[139/225] bfcl-live_simple_105-62-0 low r1 rt=None ct=147 $0.00 
[140/225] bfcl-live_multiple_974-214-0 low r1 rt=None ct=499 $0.00 
[141/225] bfcl-live_simple_139-92-0 low r1 rt=None ct=203 $0.00 
[142/225] bfcl-live_simple_195-116-3 low r1 rt=None ct=104 $0.00 
[143/225] bfcl-live_simple_233-123-0 low r1 rt=None ct=174 $0.00 
[144/225] bfcl-irrelevance_172 low r1 rt=None ct=384 $0.00 
[145/225] bfcl-irrelevance_106 low r1 rt=None ct=672 $0.00 
[146/225] bfcl-live_parallel_multiple_2-2-0 low r1 rt=None ct=297 $0.00 
[147/225] bfcl-live_parallel_multiple_14-12-0 low r1 rt=None ct=182 $0.00 
[148/225] bfcl-live_parallel_multiple_20-17-0 low r1 rt=None ct=252 $0.00 
[149/225] rg-intermediate_integration-002 medium r1 rt=None ct=954 $0.00 
[150/225] rg-intermediate_integration-006 medium r1 rt=None ct=916 $0.00 
[151/225] rg-propositional_logic-000 medium r1 rt=None ct=304 $0.00 
[152/225] rg-propositional_logic-008 medium r1 rt=None ct=629 $0.00 
[153/225] rg-propositional_logic-004 medium r1 rt=None ct=1029 $0.00 
[154/225] rg-word_ladder-002 medium r1 rt=None ct=742 $0.00 
[155/225] rg-number_sequence-002 medium r1 rt=None ct=176 $0.00 
[156/225] rg-word_ladder-006 medium r1 rt=None ct=1026 $0.00 
[157/225] rg-number_sequence-006 medium r1 rt=None ct=2253 $0.00 
[158/225] rg-rush_hour-002 medium r1 rt=None ct=4389 $0.00 
[159/225] ma-hmmt_feb_2026-14 medium r1 rt=None ct=2735 $0.00 
[160/225] ma-hmmt_feb_2026-30 medium r1 rt=None ct=10390 $0.00 
[161/225] ma-aime_2026-21 medium r1 rt=None ct=2859 $0.00 
[162/225] if-44 medium r1 rt=None ct=2373 $0.00 
[163/225] if-99 medium r1 rt=None ct=1121 $0.00 
[164/225] if-197 medium r1 rt=None ct=2284 $0.00 
[165/225] rg-word_ladder-114 low r1 rt=None ct=131072 $0.00 
[166/225] if-221 medium r1 rt=None ct=1523 $0.00 
[167/225] bfcl-live_multiple_316-132-6 medium r1 rt=None ct=122 $0.00 
[168/225] bfcl-live_multiple_802-175-8 medium r1 rt=None ct=114 $0.00 
[169/225] bfcl-live_simple_158-95-15 medium r1 rt=None ct=109 $0.00 
[170/225] bfcl-live_simple_222-117-14 medium r1 rt=None ct=110 $0.00 
[171/225] bfcl-irrelevance_149 medium r1 rt=None ct=400 $0.00 
[172/225] bfcl-live_parallel_multiple_16-14-0 medium r1 rt=None ct=233 $0.00 
[173/225] rg-intermediate_integration-112 medium r1 rt=None ct=1313 $0.00 
[174/225] rg-intermediate_integration-116 medium r1 rt=None ct=707 $0.00 
[175/225] rg-intermediate_integration-120 medium r1 rt=None ct=1448 $0.00 
[176/225] if-268 medium r1 rt=None ct=4926 $0.00 
[177/225] rg-intermediate_integration-128 medium r1 rt=None ct=362 $0.00 
[178/225] rg-propositional_logic-112 medium r1 rt=None ct=591 $0.00 
[179/225] rg-intermediate_integration-124 medium r1 rt=None ct=1823 $0.00 
[180/225] rg-propositional_logic-120 medium r1 rt=None ct=463 $0.00 
[181/225] rg-propositional_logic-124 medium r1 rt=None ct=107 $0.00 
[182/225] rg-propositional_logic-116 medium r1 rt=None ct=1232 $0.00 
[183/225] rg-propositional_logic-128 medium r1 rt=None ct=572 $0.00 
[184/225] rg-word_ladder-110 medium r1 rt=None ct=2061 $0.00 
[185/225] ma-hmmt_feb_2026-7 medium r1 rt=None ct=43161 $0.00 
[186/225] rg-word_ladder-122 medium r1 rt=None ct=11741 $0.00 
[187/225] rg-number_sequence-110 medium r1 rt=None ct=732 $0.00 
[188/225] rg-number_sequence-114 medium r1 rt=None ct=202 $0.00 
[189/225] rg-number_sequence-118 medium r1 rt=None ct=195 $0.00 
[190/225] rg-number_sequence-122 medium r1 rt=None ct=185 $0.00 
[191/225] rg-number_sequence-126 medium r1 rt=None ct=2218 $0.00 
[192/225] rg-word_ladder-118 medium r1 rt=None ct=25362 $0.00 
[193/225] rg-word_ladder-114 medium r1 rt=None ct=29501 $0.00 
[194/225] ma-hmmt_feb_2026-23 medium r1 rt=None ct=5079 $0.00 
[195/225] ma-hmmt_feb_2026-31 medium r1 rt=None ct=10828 $0.00 
[196/225] if-29 medium r1 rt=None ct=2343 $0.00 
[197/225] if-66 medium r1 rt=None ct=246 $0.00 
[198/225] if-84 medium r1 rt=None ct=1239 $0.00 
[199/225] if-112 medium r1 rt=None ct=2331 $0.00 
[200/225] if-139 medium r1 rt=None ct=2176 $0.00 
[201/225] if-155 medium r1 rt=None ct=1232 $0.00 
[202/225] rg-rush_hour-106 medium r1 rt=None ct=31803 $0.00 
[203/225] ma-hmmt_feb_2026-8 medium r1 rt=None ct=32827 $0.00 
[204/225] if-195 medium r1 rt=None ct=3030 $0.00 
[205/225] if-112 low r1 rt=None ct=131072 $0.00 
[206/225] if-276 medium r1 rt=None ct=1061 $0.00 
[207/225] if-298 medium r1 rt=None ct=682 $0.00 
[208/225] bfcl-live_multiple_128-50-0 medium r1 rt=None ct=151 $0.00 
[209/225] bfcl-live_multiple_432-141-21 medium r1 rt=None ct=247 $0.00 
[210/225] bfcl-live_multiple_663-162-5 medium r1 rt=None ct=134 $0.00 
[211/225] bfcl-live_multiple_943-196-1 medium r1 rt=None ct=88 $0.00 
[212/225] if-224 medium r1 rt=None ct=4541 $0.00 
[213/225] bfcl-live_simple_55-25-1 medium r1 rt=None ct=89 $0.00 
[214/225] bfcl-live_simple_105-62-0 medium r1 rt=None ct=155 $0.00 
[215/225] bfcl-live_multiple_974-214-0 medium r1 rt=None ct=1182 $0.00 
[216/225] bfcl-live_simple_139-92-0 medium r1 rt=None ct=169 $0.00 
[217/225] bfcl-live_simple_195-116-3 medium r1 rt=None ct=113 $0.00 
[218/225] bfcl-live_simple_233-123-0 medium r1 rt=None ct=184 $0.00 
[219/225] bfcl-irrelevance_172 medium r1 rt=None ct=216 $0.00 
[220/225] bfcl-live_parallel_multiple_2-2-0 medium r1 rt=None ct=289 $0.00 
[221/225] bfcl-irrelevance_106 medium r1 rt=None ct=676 $0.00 
[222/225] bfcl-live_parallel_multiple_14-12-0 medium r1 rt=None ct=201 $0.00 
[223/225] bfcl-live_parallel_multiple_20-17-0 medium r1 rt=None ct=367 $0.00 
[224/225] if-166 medium r1 rt=None ct=12193 $0.00 
[225/225] if-243 medium r1 rt=None ct=14241 $0.00 
done in 236.6 min: ok=225 skip=0 err=0 cost=$0.00
[14:26:47][pq2/quarter2 gpu2] === STAGE: --efforts xhigh --repeats 3 ===
75 tasks x ['xhigh'] x 3 = 225 calls, concurrency 4
[76/225] rg-propositional_logic-000 xhigh r2 rt=None ct=333 $0.00 
[77/225] rg-intermediate_integration-002 xhigh r2 rt=None ct=1015 $0.00 
[78/225] rg-intermediate_integration-006 xhigh r2 rt=None ct=1623 $0.00 
[79/225] rg-propositional_logic-004 xhigh r2 rt=None ct=3327 $0.00 
[80/225] rg-number_sequence-002 xhigh r2 rt=None ct=45 $0.00 
[81/225] rg-word_ladder-002 xhigh r2 rt=None ct=3156 $0.00 
[82/225] rg-propositional_logic-008 xhigh r2 rt=None ct=3918 $0.00 
[83/225] rg-word_ladder-006 xhigh r2 rt=None ct=3080 $0.00 
[84/225] ma-hmmt_feb_2026-14 xhigh r2 rt=None ct=5906 $0.00 
[85/225] rg-rush_hour-002 xhigh r2 rt=None ct=14594 $0.00 
[86/225] rg-number_sequence-006 xhigh r2 rt=None ct=24534 $0.00 
[87/225] ma-aime_2026-21 xhigh r2 rt=None ct=9153 $0.00 
[88/225] if-44 xhigh r2 rt=None ct=1753 $0.00 
[89/225] if-197 xhigh r2 rt=None ct=1584 $0.00 
[90/225] if-99 xhigh r2 rt=None ct=5135 $0.00 
[91/225] if-221 xhigh r2 rt=None ct=4061 $0.00 
[92/225] bfcl-live_multiple_316-132-6 xhigh r2 rt=None ct=123 $0.00 
[93/225] bfcl-live_multiple_802-175-8 xhigh r2 rt=None ct=114 $0.00 
[94/225] bfcl-live_simple_158-95-15 xhigh r2 rt=None ct=124 $0.00 
[95/225] bfcl-live_simple_222-117-14 xhigh r2 rt=None ct=110 $0.00 
[96/225] bfcl-irrelevance_149 xhigh r2 rt=None ct=568 $0.00 
[97/225] bfcl-live_parallel_multiple_16-14-0 xhigh r2 rt=None ct=180 $0.00 
[98/225] if-268 xhigh r2 rt=None ct=4183 $0.00 
[99/225] rg-intermediate_integration-112 xhigh r2 rt=None ct=1374 $0.00 
[100/225] ma-hmmt_feb_2026-30 xhigh r2 rt=None ct=27924 $0.00 
[101/225] rg-intermediate_integration-116 xhigh r2 rt=None ct=1377 $0.00 
[102/225] rg-intermediate_integration-120 xhigh r2 rt=None ct=1019 $0.00 
[103/225] rg-intermediate_integration-128 xhigh r2 rt=None ct=804 $0.00 
[104/225] rg-propositional_logic-112 xhigh r2 rt=None ct=2393 $0.00 
[105/225] rg-propositional_logic-120 xhigh r2 rt=None ct=781 $0.00 
[106/225] rg-propositional_logic-124 xhigh r2 rt=None ct=83 $0.00 
[107/225] rg-intermediate_integration-124 xhigh r2 rt=None ct=6096 $0.00 
[108/225] rg-propositional_logic-128 xhigh r2 rt=None ct=2675 $0.00 
[109/225] rg-propositional_logic-116 xhigh r2 rt=None ct=11347 $0.00 
[110/225] ma-hmmt_feb_2026-7 xhigh r2 rt=None ct=58130 $0.00 
[111/225] rg-word_ladder-114 xhigh r2 rt=None ct=20404 $0.00 
[112/225] rg-word_ladder-110 xhigh r2 rt=None ct=21350 $0.00 
[113/225] rg-number_sequence-114 xhigh r2 rt=None ct=165 $0.00 
[114/225] rg-number_sequence-118 xhigh r2 rt=None ct=109 $0.00 
[115/225] rg-number_sequence-122 xhigh r2 rt=None ct=71 $0.00 
[116/225] rg-word_ladder-122 xhigh r2 rt=None ct=4322 $0.00 
[117/225] rg-number_sequence-126 xhigh r2 rt=None ct=8965 $0.00 
[118/225] ma-hmmt_feb_2026-8 xhigh r2 rt=None ct=22199 $0.00 
[119/225] ma-hmmt_feb_2026-23 xhigh r2 rt=None ct=18176 $0.00 
[120/225] rg-rush_hour-106 xhigh r2 rt=None ct=53453 $0.00 
[121/225] rg-number_sequence-110 xhigh r2 rt=None ct=63044 $0.00 
[122/225] if-66 xhigh r2 rt=None ct=588 $0.00 
[123/225] if-84 xhigh r2 rt=None ct=4163 $0.00 
[124/225] if-29 xhigh r2 rt=None ct=13342 $0.00 
[125/225] if-139 xhigh r2 rt=None ct=3435 $0.00 
[126/225] if-155 xhigh r2 rt=None ct=1505 $0.00 
[127/225] if-112 xhigh r2 rt=None ct=6234 $0.00 
[128/225] if-195 xhigh r2 rt=None ct=4154 $0.00 
[129/225] if-224 xhigh r2 rt=None ct=1823 $0.00 
[130/225] if-243 xhigh r2 rt=None ct=3272 $0.00 
[131/225] if-276 xhigh r2 rt=None ct=1294 $0.00 
[132/225] if-298 xhigh r2 rt=None ct=923 $0.00 
[133/225] bfcl-live_multiple_128-50-0 xhigh r2 rt=None ct=166 $0.00 
[134/225] bfcl-live_multiple_432-141-21 xhigh r2 rt=None ct=235 $0.00 
[135/225] bfcl-live_multiple_663-162-5 xhigh r2 rt=None ct=140 $0.00 
[136/225] bfcl-live_multiple_943-196-1 xhigh r2 rt=None ct=55 $0.00 
[137/225] bfcl-live_multiple_974-214-0 xhigh r2 rt=None ct=1294 $0.00 
[138/225] bfcl-live_simple_55-25-1 xhigh r2 rt=None ct=94 $0.00 
[139/225] bfcl-live_simple_105-62-0 xhigh r2 rt=None ct=121 $0.00 
[140/225] bfcl-live_simple_139-92-0 xhigh r2 rt=None ct=176 $0.00 
[141/225] bfcl-live_simple_195-116-3 xhigh r2 rt=None ct=113 $0.00 
[142/225] bfcl-live_simple_233-123-0 xhigh r2 rt=None ct=154 $0.00 
[143/225] bfcl-irrelevance_106 xhigh r2 rt=None ct=369 $0.00 
[144/225] bfcl-irrelevance_172 xhigh r2 rt=None ct=1329 $0.00 
[145/225] ma-hmmt_feb_2026-31 xhigh r2 rt=None ct=39548 $0.00 
[146/225] bfcl-live_parallel_multiple_2-2-0 xhigh r2 rt=None ct=443 $0.00 
[147/225] bfcl-live_parallel_multiple_14-12-0 xhigh r2 rt=None ct=311 $0.00 
[148/225] bfcl-live_parallel_multiple_20-17-0 xhigh r2 rt=None ct=385 $0.00 
[149/225] rg-intermediate_integration-002 xhigh r3 rt=None ct=619 $0.00 
[150/225] rg-propositional_logic-000 xhigh r3 rt=None ct=277 $0.00 
[151/225] rg-intermediate_integration-006 xhigh r3 rt=None ct=1402 $0.00 
[152/225] rg-propositional_logic-008 xhigh r3 rt=None ct=528 $0.00 
[153/225] rg-propositional_logic-004 xhigh r3 rt=None ct=5238 $0.00 
[154/225] rg-word_ladder-006 xhigh r3 rt=None ct=859 $0.00 
[155/225] rg-number_sequence-002 xhigh r3 rt=None ct=123 $0.00 
[156/225] rg-word_ladder-002 xhigh r3 rt=None ct=5538 $0.00 
[157/225] if-166 xhigh r2 rt=None ct=30107 $0.00 
[158/225] rg-rush_hour-002 xhigh r3 rt=None ct=14769 $0.00 
[159/225] ma-hmmt_feb_2026-14 xhigh r3 rt=None ct=3370 $0.00 
[160/225] rg-word_ladder-118 xhigh r2 rt=None ct=131072 $0.00 
===== stopped by Alexey 16:53:52
