[15:58:44][1] cards 2,3, port 18311, seqs 4, pool final-pool/half1.jsonl, power: 0, 300.00 W 1, 300.00 W 2, 300.00 W 3, 300.00 W 
[15:58:44][1] server pid 1563438
[16:01:50][1] ready after 190s
[16:01:50][1] === ANTI-FAKE GATE: effort must reach the model ===
effort gradient on rg-propositional_logic-001 (reference: 500 -> 12331 tok, 24.7x):
  low    completion=    470 thinking_chars=   1021 answer_chars=   287 finish=stop
  xhigh  completion=  10107 thinking_chars=  34173 answer_chars=    36 finish=stop
OK: xhigh spends 21.5x the tokens of low (reference 24.7x on the same task)
[16:05:18][1] === HEALTH: one long xhigh generation, repetition per quarter ===
  rg-propositional_logic-115: ref 20314 tok, got 4614 tok, finish=stop, 51.3 tok/s, distinct by quarter [0.999, 1.0, 1.0, 1.0]
  ma-hmmt_feb_2026-30: ref 20671 tok, got 43143 tok, finish=stop, 47.3 tok/s, distinct by quarter [1.0, 1.0, 1.0, 0.998]
HEALTHY
[16:21:59][1] === STAGE: --efforts xhigh --repeats 1 ===
150 tasks x ['xhigh'] x 1 = 150 calls, concurrency 4
[1/150] rg-intermediate_integration-007 xhigh r1 rt=829 ct=1123 $0.00 
[2/150] rg-intermediate_integration-001 xhigh r1 rt=996 ct=1292 $0.00 
[3/150] rg-intermediate_integration-003 xhigh r1 rt=1490 ct=1841 $0.00 
[4/150] rg-intermediate_integration-009 xhigh r1 rt=710 ct=983 $0.00 
[5/150] rg-propositional_logic-005 xhigh r1 rt=1905 ct=1920 $0.00 
[6/150] rg-propositional_logic-003 xhigh r1 rt=2204 ct=2217 $0.00 
[7/150] rg-propositional_logic-009 xhigh r1 rt=255 ct=267 $0.00 
[8/150] rg-intermediate_integration-005 xhigh r1 rt=5662 ct=5986 $0.00 
[9/150] rg-propositional_logic-007 xhigh r1 rt=2561 ct=2580 $0.00 
[10/150] rg-word_ladder-005 xhigh r1 rt=1074 ct=1096 $0.00 
[11/150] rg-word_ladder-003 xhigh r1 rt=1955 ct=1972 $0.00 
[12/150] rg-word_ladder-007 xhigh r1 rt=736 ct=753 $0.00 
[13/150] rg-number_sequence-001 xhigh r1 rt=556 ct=568 $0.00 
[14/150] rg-number_sequence-003 xhigh r1 rt=60 ct=71 $0.00 
[15/150] rg-number_sequence-007 xhigh r1 rt=802 ct=813 $0.00 
[16/150] rg-number_sequence-005 xhigh r1 rt=2571 ct=2649 $0.00 
[17/150] rg-propositional_logic-001 xhigh r1 rt=16247 ct=16258 $0.00 
[18/150] rg-word_ladder-001 xhigh r1 rt=16974 ct=16992 $0.00 
===== restart with 8 seqs 2026-09-26 16:38:19
[16:38:19][1] cards 2,3, port 18311, seqs 8, pool final-pool/half1.jsonl, power: 0, 300.00 W 1, 300.00 W 2, 300.00 W 3, 300.00 W 
[16:38:19][1] server pid 1606872
[16:41:20][1] ready after 185s
[16:41:20][1] === ANTI-FAKE GATE: effort must reach the model ===
effort gradient on rg-propositional_logic-001 (reference: 500 -> 12331 tok, 24.7x):
  low    completion=    326 thinking_chars=    480 answer_chars=   343 finish=stop
  xhigh  completion=  14165 thinking_chars=  49044 answer_chars=    38 finish=stop
OK: xhigh spends 43.5x the tokens of low (reference 24.7x on the same task)
[16:46:08][1] === HEALTH: one long xhigh generation, repetition per quarter ===
  rg-propositional_logic-115: ref 20314 tok, got 4415 tok, finish=stop, 51.2 tok/s, distinct by quarter [0.999, 1.0, 1.0, 1.0]
  ma-hmmt_feb_2026-30: ref 20671 tok, got 62144 tok, finish=stop, 45.6 tok/s, distinct by quarter [1.0, 0.998, 1.0, 1.0]
HEALTHY
[17:10:18][1] === STAGE: --efforts xhigh --repeats 1 ===
150 tasks x ['xhigh'] x 1 = 150 calls, concurrency 8
[19/150] ma-hmmt_feb_2026-32 xhigh r1 rt=13277 ct=13769 $0.00 
[20/150] ma-hmmt_feb_2026-13 xhigh r1 rt=22703 ct=23654 $0.00 
[21/150] ma-hmmt_feb_2026-5 xhigh r1 rt=39989 ct=41024 $0.00 
[22/150] if-18 xhigh r1 rt=582 ct=630 $0.00 
[23/150] ma-hmmt_feb_2026-9 xhigh r1 rt=48374 ct=49691 $0.00 
[24/150] if-97 xhigh r1 rt=427 ct=592 $0.00 
[25/150] if-49 xhigh r1 rt=12633 ct=12743 $0.00 
[26/150] rg-rush_hour-001 xhigh r1 rt=57954 ct=57995 $0.00 
[27/150] if-170 xhigh r1 rt=14522 ct=14545 $0.00 
[28/150] rg-rush_hour-003 xhigh r1 rt=75294 ct=75295 $0.00 
[29/150] if-204 xhigh r1 rt=17277 ct=17311 $0.00 
[30/150] if-209 xhigh r1 rt=13246 ct=13275 $0.00 
[31/150] if-283 xhigh r1 rt=580 ct=593 $0.00 
[32/150] bfcl-live_multiple_286-129-1 xhigh r1 rt=116 ct=164 $0.00 
[33/150] bfcl-live_multiple_562-155-2 xhigh r1 rt=50 ct=97 $0.00 
[34/150] if-239 xhigh r1 rt=7558 ct=7977 $0.00 
[35/150] bfcl-live_multiple_628-160-8 xhigh r1 rt=149 ct=198 $0.00 
[36/150] bfcl-live_simple_118-74-0 xhigh r1 rt=44 ct=88 $0.00 
[37/150] bfcl-live_simple_173-99-7 xhigh r1 rt=22 ct=53 $0.00 
[38/150] bfcl-live_multiple_1030-258-0 xhigh r1 rt=122 ct=157 $0.00 
[39/150] bfcl-live_simple_180-105-0 xhigh r1 rt=151 ct=206 $0.00 
[40/150] bfcl-live_simple_234-123-1 xhigh r1 rt=243 ct=304 $0.00 
[41/150] bfcl-irrelevance_81 xhigh r1 rt=37 ct=216 $0.00 
[42/150] bfcl-irrelevance_221 xhigh r1 rt=46 ct=324 $0.00 
[43/150] bfcl-live_parallel_multiple_7-6-0 xhigh r1 rt=113 ct=224 $0.00 
[44/150] bfcl-live_parallel_multiple_19-16-1 xhigh r1 rt=112 ct=245 $0.00 
[45/150] rg-intermediate_integration-111 xhigh r1 rt=1315 ct=1614 $0.00 
[46/150] rg-intermediate_integration-113 xhigh r1 rt=1204 ct=1475 $0.00 
[47/150] rg-intermediate_integration-115 xhigh r1 rt=1473 ct=1529 $0.00 
[48/150] rg-intermediate_integration-119 xhigh r1 rt=774 ct=1058 $0.00 
[49/150] rg-intermediate_integration-117 xhigh r1 rt=2541 ct=2991 $0.00 
[50/150] rg-intermediate_integration-121 xhigh r1 rt=1190 ct=1322 $0.00 
[51/150] if-248 xhigh r1 rt=15061 ct=15082 $0.00 
[52/150] rg-intermediate_integration-123 xhigh r1 rt=1569 ct=1831 $0.00 
[53/150] rg-intermediate_integration-127 xhigh r1 rt=2173 ct=2265 $0.00 
[54/150] ma-aime_2026-30 xhigh r1 rt=68222 ct=70493 $0.00 
[55/150] rg-intermediate_integration-130 xhigh r1 rt=4117 ct=4657 $0.00 
[56/150] rg-propositional_logic-115 xhigh r1 rt=702 ct=711 $0.00 
[57/150] rg-propositional_logic-117 xhigh r1 rt=167 ct=178 $0.00 
[58/150] rg-intermediate_integration-125 xhigh r1 rt=5730 ct=6570 $0.00 
[59/150] rg-propositional_logic-121 xhigh r1 rt=255 ct=265 $0.00 
[60/150] rg-propositional_logic-123 xhigh r1 rt=64 ct=75 $0.00 
[61/150] rg-propositional_logic-119 xhigh r1 rt=4493 ct=4503 $0.00 
[62/150] rg-propositional_logic-113 xhigh r1 rt=6953 ct=6962 $0.00 
[63/150] rg-propositional_logic-125 xhigh r1 rt=4644 ct=4654 $0.00 
[64/150] rg-propositional_logic-129 xhigh r1 rt=401 ct=411 $0.00 
[65/150] rg-propositional_logic-127 xhigh r1 rt=1439 ct=1451 $0.00 
[66/150] rg-word_ladder-109 xhigh r1 rt=3280 ct=3299 $0.00 
[67/150] rg-propositional_logic-111 xhigh r1 rt=12712 ct=12721 $0.00 
[68/150] rg-word_ladder-113 xhigh r1 rt=3498 ct=3520 $0.00 
[69/150] rg-word_ladder-111 xhigh r1 rt=4258 ct=4278 $0.00 
[70/150] rg-word_ladder-115 xhigh r1 rt=2415 ct=2437 $0.00 
[71/150] rg-word_ladder-119 xhigh r1 rt=2370 ct=2388 $0.00 
[72/150] rg-word_ladder-117 xhigh r1 rt=3136 ct=3159 $0.00 
[73/150] rg-number_sequence-111 xhigh r1 rt=90 ct=101 $0.00 
[74/150] rg-word_ladder-123 xhigh r1 rt=1854 ct=1872 $0.00 
[75/150] rg-number_sequence-113 xhigh r1 rt=209 ct=221 $0.00 
[76/150] rg-number_sequence-115 xhigh r1 rt=111 ct=121 $0.00 
[77/150] rg-number_sequence-119 xhigh r1 rt=192 ct=274 $0.00 
[78/150] rg-number_sequence-121 xhigh r1 rt=610 ct=682 $0.00 
[79/150] rg-number_sequence-123 xhigh r1 rt=60 ct=72 $0.00 
[80/150] ma-hmmt_feb_2026-29 xhigh r1 rt=114528 ct=115353 $0.00 
[81/150] rg-number_sequence-127 xhigh r1 rt=121 ct=132 $0.00 
[82/150] rg-number_sequence-117 xhigh r1 rt=13897 ct=13977 $0.00 
[83/150] rg-word_ladder-121 xhigh r1 rt=17576 ct=17596 $0.00 
[84/150] if-124 xhigh r1 rt=75978 ct=76779 $0.00 
[85/150] rg-rush_hour-105 xhigh r1 rt=13213 ct=13248 $0.00 
[86/150] ma-hmmt_feb_2026-25 xhigh r1 rt=131072 ct=131072 $0.00 
[87/150] rg-rush_hour-107 xhigh r1 rt=13189 ct=13209 $0.00 
[88/150] rg-number_sequence-109 xhigh r1 rt=36280 ct=36357 $0.00 
[89/150] ma-aime_2026-15 xhigh r1 rt=131072 ct=131072 $0.00 
[90/150] if-21 xhigh r1 rt=892 ct=906 $0.00 
[91/150] if-30 xhigh r1 rt=4826 ct=4922 $0.00 
[92/150] if-60 xhigh r1 rt=499 ct=517 $0.00 
[93/150] if-69 xhigh r1 rt=1190 ct=1564 $0.00 
[94/150] if-78 xhigh r1 rt=4127 ct=4372 $0.00 
[95/150] ma-hmmt_feb_2026-24 xhigh r1 rt=28953 ct=29683 $0.00 
[96/150] if-91 xhigh r1 rt=5186 ct=5197 $0.00 
[97/150] if-125 xhigh r1 rt=3475 ct=3490 $0.00 
[98/150] if-11 xhigh r1 rt=23852 ct=24233 $0.00 
[99/150] if-135 xhigh r1 rt=3665 ct=3963 $0.00 
[100/150] if-140 xhigh r1 rt=1805 ct=2595 $0.00 
[101/150] if-156 xhigh r1 rt=2248 ct=2346 $0.00 
[102/150] if-110 xhigh r1 rt=14558 ct=14788 $0.00 
[103/150] rg-number_sequence-125 xhigh r1 rt=70444 ct=70445 $0.00 
[104/150] if-173 xhigh r1 rt=4915 ct=4986 $0.00 
[105/150] if-198 xhigh r1 rt=2193 ct=2335 $0.00 
[106/150] ma-hmmt_feb_2026-10 xhigh r1 rt=55356 ct=56462 $0.00 
[107/150] if-210 xhigh r1 rt=5663 ct=5720 $0.00 
[108/150] if-236 xhigh r1 rt=1491 ct=1759 $0.00 
[109/150] if-164 xhigh r1 rt=16532 ct=16842 $0.00 
[110/150] if-244 xhigh r1 rt=3068 ct=3442 $0.00 
[111/150] ma-hmmt_feb_2026-6 xhigh r1 rt=72807 ct=73589 $0.00 
[112/150] if-293 xhigh r1 rt=740 ct=958 $0.00 
[113/150] if-299 xhigh r1 rt=2171 ct=2254 $0.00 
[114/150] bfcl-live_multiple_71-31-0 xhigh r1 rt=99 ct=202 $0.00 
[115/150] bfcl-live_multiple_203-90-5 xhigh r1 rt=87 ct=137 $0.00 
[116/150] bfcl-live_multiple_390-137-8 xhigh r1 rt=115 ct=165 $0.00 
[117/150] bfcl-live_multiple_501-148-11 xhigh r1 rt=56 ct=124 $0.00 
[118/150] bfcl-live_multiple_658-162-0 xhigh r1 rt=360 ct=428 $0.00 
[119/150] bfcl-live_multiple_832-178-7 xhigh r1 rt=68 ct=143 $0.00 
[120/150] bfcl-live_multiple_901-185-11 xhigh r1 rt=90 ct=153 $0.00 
[121/150] bfcl-live_multiple_949-199-0 xhigh r1 rt=61 ct=91 $0.00 
[122/150] bfcl-live_multiple_970-211-0 xhigh r1 rt=181 ct=249 $0.00 
[123/150] bfcl-live_multiple_1007-236-0 xhigh r1 rt=66 ct=97 $0.00 
[124/150] bfcl-live_simple_25-5-3 xhigh r1 rt=91 ct=125 $0.00 
[125/150] if-150 xhigh r1 rt=32282 ct=32408 $0.00 
[126/150] bfcl-live_simple_61-29-1 xhigh r1 rt=50 ct=93 $0.00 
[127/150] bfcl-live_simple_98-58-0 xhigh r1 rt=72 ct=139 $0.00 
[128/150] bfcl-live_simple_126-82-0 xhigh r1 rt=102 ct=194 $0.00 
[129/150] bfcl-live_simple_137-90-0 xhigh r1 rt=95 ct=171 $0.00 
[130/150] bfcl-live_simple_191-115-1 xhigh r1 rt=76 ct=136 $0.00 
[131/150] bfcl-live_simple_150-95-7 xhigh r1 rt=260 ct=296 $0.00 
[132/150] bfcl-live_simple_210-117-2 xhigh r1 rt=33 ct=94 $0.00 
[133/150] bfcl-live_simple_237-125-0 xhigh r1 rt=42 ct=81 $0.00 
[134/150] bfcl-live_simple_228-119-0 xhigh r1 rt=107 ct=173 $0.00 
[135/150] bfcl-irrelevance_115 xhigh r1 rt=239 ct=339 $0.00 
[136/150] bfcl-irrelevance_101 xhigh r1 rt=324 ct=830 $0.00 
[137/150] bfcl-irrelevance_167 xhigh r1 rt=391 ct=512 $0.00 
[138/150] bfcl-live_parallel_multiple_1-1-0 xhigh r1 rt=67 ct=154 $0.00 
[139/150] bfcl-irrelevance_218 xhigh r1 rt=256 ct=336 $0.00 
[140/150] bfcl-live_parallel_multiple_3-2-1 xhigh r1 rt=164 ct=306 $0.00 
[141/150] bfcl-live_parallel_multiple_13-11-0 xhigh r1 rt=142 ct=235 $0.00 
[142/150] bfcl-live_parallel_multiple_15-13-0 xhigh r1 rt=51 ct=131 $0.00 
[143/150] bfcl-live_parallel_multiple_18-16-0 xhigh r1 rt=91 ct=224 $0.00 
[144/150] bfcl-live_parallel_multiple_21-18-0 xhigh r1 rt=158 ct=268 $0.00 
[145/150] if-266 xhigh r1 rt=16582 ct=16630 $0.00 
[146/150] if-184 xhigh r1 rt=38578 ct=38882 $0.00 
[147/150] ma-hmmt_feb_2026-19 xhigh r1 rt=90900 ct=92738 $0.00 
[148/150] ma-hmmt_feb_2026-28 xhigh r1 rt=97763 ct=98961 $0.00 
[149/150] if-230 xhigh r1 rt=53145 ct=53278 $0.00 
[150/150] if-278 xhigh r1 rt=43385 ct=43461 $0.00 
done in 178.3 min: ok=132 skip=18 err=0 cost=$0.00
[20:08:36][1] === STAGE: --efforts off low medium --repeats 1 ===
150 tasks x ['off', 'low', 'medium'] x 1 = 450 calls, concurrency 8
[1/450] rg-propositional_logic-005 off r1 rt=0 ct=266 $0.00 
[2/450] rg-intermediate_integration-007 off r1 rt=0 ct=600 $0.00 
[3/450] rg-intermediate_integration-009 off r1 rt=0 ct=624 $0.00 
[4/450] rg-propositional_logic-003 off r1 rt=0 ct=647 $0.00 
[5/450] rg-propositional_logic-009 off r1 rt=0 ct=91 $0.00 
[6/450] rg-propositional_logic-001 off r1 rt=0 ct=827 $0.00 
[7/450] rg-intermediate_integration-003 off r1 rt=0 ct=947 $0.00 
[8/450] rg-intermediate_integration-001 off r1 rt=0 ct=1275 $0.00 
[9/450] rg-number_sequence-001 off r1 rt=0 ct=449 $0.00 
[10/450] rg-intermediate_integration-005 off r1 rt=0 ct=1401 $0.00 
[11/450] rg-number_sequence-003 off r1 rt=0 ct=279 $0.00 
[12/450] rg-word_ladder-003 off r1 rt=0 ct=1244 $0.00 
[13/450] rg-number_sequence-007 off r1 rt=0 ct=657 $0.00 
[14/450] rg-propositional_logic-007 off r1 rt=0 ct=1898 $0.00 
[15/450] rg-number_sequence-005 off r1 rt=0 ct=1412 $0.00 
[16/450] rg-word_ladder-001 off r1 rt=0 ct=2539 $0.00 
[17/450] rg-rush_hour-003 off r1 rt=0 ct=3540 $0.00 
[18/450] ma-hmmt_feb_2026-13 off r1 rt=0 ct=4821 $0.00 
[19/450] rg-word_ladder-007 off r1 rt=0 ct=9112 $0.00 
[20/450] ma-hmmt_feb_2026-25 off r1 rt=0 ct=10236 $0.00 
[21/450] ma-hmmt_feb_2026-32 off r1 rt=0 ct=6257 $0.00 
[22/450] if-18 off r1 rt=0 ct=88 $0.00 
[23/450] if-49 off r1 rt=0 ct=378 $0.00 
[24/450] if-97 off r1 rt=0 ct=118 $0.00 
[25/450] ma-hmmt_feb_2026-9 off r1 rt=0 ct=14377 $0.00 
[26/450] if-170 off r1 rt=0 ct=28 $0.00 
[27/450] if-204 off r1 rt=0 ct=121 $0.00 
[28/450] if-124 off r1 rt=0 ct=2344 $0.00 
[29/450] if-239 off r1 rt=0 ct=433 $0.00 
[30/450] if-209 off r1 rt=0 ct=794 $0.00 
[31/450] if-283 off r1 rt=0 ct=9 $0.00 
[32/450] bfcl-live_multiple_286-129-1 off r1 rt=0 ct=46 $0.00 
[33/450] bfcl-live_multiple_562-155-2 off r1 rt=0 ct=45 $0.00 
[34/450] bfcl-live_multiple_628-160-8 off r1 rt=0 ct=47 $0.00 
[35/450] bfcl-live_multiple_1030-258-0 off r1 rt=0 ct=33 $0.00 
[36/450] bfcl-live_simple_118-74-0 off r1 rt=0 ct=42 $0.00 
[37/450] bfcl-live_simple_173-99-7 off r1 rt=0 ct=29 $0.00 
[38/450] bfcl-live_simple_180-105-0 off r1 rt=0 ct=55 $0.00 
[39/450] bfcl-live_simple_234-123-1 off r1 rt=0 ct=70 $0.00 
[40/450] bfcl-irrelevance_81 off r1 rt=0 ct=360 $0.00 
[41/450] bfcl-irrelevance_221 off r1 rt=0 ct=215 $0.00 
[42/450] bfcl-live_parallel_multiple_7-6-0 off r1 rt=0 ct=108 $0.00 
[43/450] bfcl-live_parallel_multiple_19-16-1 off r1 rt=0 ct=65 $0.00 
[44/450] rg-intermediate_integration-111 off r1 rt=0 ct=738 $0.00 
[45/450] rg-intermediate_integration-113 off r1 rt=0 ct=974 $0.00 
[46/450] rg-intermediate_integration-115 off r1 rt=0 ct=1278 $0.00 
[47/450] rg-intermediate_integration-117 off r1 rt=0 ct=1509 $0.00 
[48/450] rg-intermediate_integration-119 off r1 rt=0 ct=763 $0.00 
[49/450] if-248 off r1 rt=0 ct=6706 $0.00 
[50/450] ma-hmmt_feb_2026-5 off r1 rt=0 ct=22502 $0.00 
[51/450] rg-intermediate_integration-121 off r1 rt=0 ct=683 $0.00 
[52/450] rg-rush_hour-001 off r1 rt=0 ct=23160 $0.00 
[53/450] rg-intermediate_integration-123 off r1 rt=0 ct=940 $0.00 
[54/450] ma-hmmt_feb_2026-29 off r1 rt=0 ct=19582 $0.00 
[55/450] rg-word_ladder-005 off r1 rt=0 ct=24439 $0.00 
[56/450] rg-intermediate_integration-127 off r1 rt=0 ct=759 $0.00 
[57/450] rg-propositional_logic-117 off r1 rt=0 ct=109 $0.00 
[58/450] rg-intermediate_integration-130 off r1 rt=0 ct=1398 $0.00 
[59/450] rg-intermediate_integration-125 off r1 rt=0 ct=1553 $0.00 
[60/450] rg-propositional_logic-119 off r1 rt=0 ct=721 $0.00 
[61/450] rg-propositional_logic-123 off r1 rt=0 ct=127 $0.00 
[62/450] rg-propositional_logic-111 off r1 rt=0 ct=1749 $0.00 
[63/450] rg-propositional_logic-127 off r1 rt=0 ct=419 $0.00 
[64/450] rg-propositional_logic-121 off r1 rt=0 ct=564 $0.00 
[65/450] rg-word_ladder-111 off r1 rt=0 ct=202 $0.00 
[66/450] ma-aime_2026-30 off r1 rt=0 ct=13583 $0.00 
[67/450] rg-propositional_logic-125 off r1 rt=0 ct=895 $0.00 
[68/450] rg-propositional_logic-129 off r1 rt=0 ct=550 $0.00 
[69/450] rg-word_ladder-109 off r1 rt=0 ct=562 $0.00 
[70/450] rg-word_ladder-119 off r1 rt=0 ct=503 $0.00 
[71/450] rg-propositional_logic-113 off r1 rt=0 ct=2714 $0.00 
[72/450] rg-propositional_logic-115 off r1 rt=0 ct=2947 $0.00 
[73/450] rg-number_sequence-111 off r1 rt=0 ct=351 $0.00 
[74/450] rg-number_sequence-113 off r1 rt=0 ct=754 $0.00 
[75/450] rg-number_sequence-109 off r1 rt=0 ct=1712 $0.00 
[76/450] rg-number_sequence-115 off r1 rt=0 ct=344 $0.00 
[77/450] rg-word_ladder-123 off r1 rt=0 ct=2315 $0.00 
[78/450] ma-aime_2026-15 off r1 rt=0 ct=20181 $0.00 
[79/450] rg-number_sequence-117 off r1 rt=0 ct=738 $0.00 
[80/450] rg-number_sequence-119 off r1 rt=0 ct=742 $0.00 
[81/450] rg-number_sequence-123 off r1 rt=0 ct=161 $0.00 
[82/450] rg-number_sequence-121 off r1 rt=0 ct=450 $0.00 
[83/450] rg-number_sequence-127 off r1 rt=0 ct=305 $0.00 
[84/450] rg-word_ladder-117 off r1 rt=0 ct=5104 $0.00 
[85/450] rg-word_ladder-121 off r1 rt=0 ct=6446 $0.00 
[86/450] rg-rush_hour-107 off r1 rt=0 ct=4895 $0.00 
[87/450] rg-word_ladder-115 off r1 rt=0 ct=8610 $0.00 
[88/450] ma-hmmt_feb_2026-6 off r1 rt=0 ct=5562 $0.00 
[89/450] if-11 off r1 rt=0 ct=542 $0.00 
[90/450] if-21 off r1 rt=0 ct=6 $0.00 
[91/450] if-30 off r1 rt=0 ct=166 $0.00 
[92/450] if-60 off r1 rt=0 ct=16 $0.00 
[93/450] rg-number_sequence-125 off r1 rt=0 ct=6799 $0.00 
[94/450] if-69 off r1 rt=0 ct=302 $0.00 
[95/450] if-91 off r1 rt=0 ct=6 $0.00 
[96/450] if-110 off r1 rt=0 ct=51 $0.00 
[97/450] if-125 off r1 rt=0 ct=7 $0.00 
[98/450] if-78 off r1 rt=0 ct=409 $0.00 
[99/450] rg-word_ladder-113 off r1 rt=0 ct=10538 $0.00 
[100/450] rg-rush_hour-105 off r1 rt=0 ct=7157 $0.00 
[101/450] if-135 off r1 rt=0 ct=215 $0.00 
[102/450] if-150 off r1 rt=0 ct=116 $0.00 
[103/450] if-164 off r1 rt=0 ct=131 $0.00 
[104/450] if-156 off r1 rt=0 ct=167 $0.00 
[105/450] if-173 off r1 rt=0 ct=86 $0.00 
[106/450] ma-hmmt_feb_2026-24 off r1 rt=0 ct=2278 $0.00 
[107/450] if-184 off r1 rt=0 ct=153 $0.00 
[108/450] if-198 off r1 rt=0 ct=141 $0.00 
[109/450] if-210 off r1 rt=0 ct=204 $0.00 
[110/450] if-244 off r1 rt=0 ct=352 $0.00 
[111/450] if-140 off r1 rt=0 ct=833 $0.00 
[112/450] if-293 off r1 rt=0 ct=220 $0.00 
[113/450] if-299 off r1 rt=0 ct=78 $0.00 
[114/450] bfcl-live_multiple_71-31-0 off r1 rt=0 ct=84 $0.00 
[115/450] bfcl-live_multiple_203-90-5 off r1 rt=0 ct=48 $0.00 
[116/450] bfcl-live_multiple_390-137-8 off r1 rt=0 ct=48 $0.00 
[117/450] bfcl-live_multiple_501-148-11 off r1 rt=0 ct=66 $0.00 
[118/450] if-266 off r1 rt=0 ct=982 $0.00 
[119/450] bfcl-live_multiple_658-162-0 off r1 rt=0 ct=66 $0.00 
[120/450] bfcl-live_multiple_832-178-7 off r1 rt=0 ct=47 $0.00 
[121/450] bfcl-live_multiple_949-199-0 off r1 rt=0 ct=28 $0.00 
[122/450] bfcl-live_multiple_901-185-11 off r1 rt=0 ct=61 $0.00 
[123/450] bfcl-live_multiple_1007-236-0 off r1 rt=0 ct=29 $0.00 
[124/450] bfcl-live_multiple_970-211-0 off r1 rt=0 ct=66 $0.00 
[125/450] bfcl-live_simple_61-29-1 off r1 rt=0 ct=42 $0.00 
[126/450] bfcl-live_simple_25-5-3 off r1 rt=0 ct=86 $0.00 
[127/450] bfcl-live_simple_98-58-0 off r1 rt=0 ct=67 $0.00 
[128/450] bfcl-live_simple_126-82-0 off r1 rt=0 ct=90 $0.00 
[129/450] bfcl-live_simple_137-90-0 off r1 rt=0 ct=74 $0.00 
[130/450] bfcl-live_simple_150-95-7 off r1 rt=0 ct=34 $0.00 
[131/450] bfcl-live_simple_191-115-1 off r1 rt=0 ct=58 $0.00 
[132/450] bfcl-live_simple_210-117-2 off r1 rt=0 ct=59 $0.00 
[133/450] bfcl-live_simple_228-119-0 off r1 rt=0 ct=32 $0.00 
[134/450] bfcl-live_simple_237-125-0 off r1 rt=0 ct=37 $0.00 
[135/450] bfcl-irrelevance_101 off r1 rt=0 ct=42 $0.00 
[136/450] bfcl-irrelevance_167 off r1 rt=0 ct=55 $0.00 
[137/450] bfcl-irrelevance_218 off r1 rt=0 ct=35 $0.00 
[138/450] bfcl-live_parallel_multiple_1-1-0 off r1 rt=0 ct=85 $0.00 
[139/450] bfcl-irrelevance_115 off r1 rt=0 ct=210 $0.00 
[140/450] bfcl-live_parallel_multiple_13-11-0 off r1 rt=0 ct=82 $0.00 
[141/450] bfcl-live_parallel_multiple_3-2-1 off r1 rt=0 ct=128 $0.00 
[142/450] bfcl-live_parallel_multiple_15-13-0 off r1 rt=0 ct=78 $0.00 
[143/450] bfcl-live_parallel_multiple_18-16-0 off r1 rt=0 ct=156 $0.00 
[144/450] bfcl-live_parallel_multiple_21-18-0 off r1 rt=0 ct=138 $0.00 
[145/450] rg-intermediate_integration-003 low r1 rt=716 ct=1146 $0.00 
[146/450] rg-intermediate_integration-005 low r1 rt=704 ct=1246 $0.00 
[147/450] if-236 off r1 rt=0 ct=4428 $0.00 
[148/450] if-278 off r1 rt=0 ct=4568 $0.00 
[149/450] rg-intermediate_integration-007 low r1 rt=398 ct=733 $0.00 
[150/450] rg-intermediate_integration-001 low r1 rt=2583 ct=3183 $0.00 
[151/450] rg-intermediate_integration-009 low r1 rt=479 ct=903 $0.00 
[152/450] rg-propositional_logic-001 low r1 rt=384 ct=524 $0.00 
[153/450] rg-propositional_logic-005 low r1 rt=311 ct=397 $0.00 
[154/450] rg-propositional_logic-009 low r1 rt=99 ct=140 $0.00 
[155/450] rg-propositional_logic-007 low r1 rt=302 ct=410 $0.00 
[156/450] rg-propositional_logic-003 low r1 rt=757 ct=939 $0.00 
[157/450] rg-word_ladder-001 low r1 rt=669 ct=796 $0.00 
[158/450] rg-word_ladder-003 low r1 rt=1140 ct=1283 $0.00 
[159/450] rg-word_ladder-007 low r1 rt=774 ct=825 $0.00 
[160/450] rg-number_sequence-001 low r1 rt=420 ct=581 $0.00 
[161/450] rg-number_sequence-003 low r1 rt=96 ct=165 $0.00 
[162/450] rg-number_sequence-005 low r1 rt=748 ct=1022 $0.00 
[163/450] ma-hmmt_feb_2026-10 off r1 rt=0 ct=13786 $0.00 
[164/450] rg-number_sequence-007 low r1 rt=2136 ct=2316 $0.00 
[165/450] ma-hmmt_feb_2026-19 off r1 rt=0 ct=14235 $0.00 
[166/450] rg-rush_hour-001 low r1 rt=3449 ct=3726 $0.00 
[167/450] ma-hmmt_feb_2026-28 off r1 rt=0 ct=15019 $0.00 
[168/450] ma-hmmt_feb_2026-13 low r1 rt=5353 ct=6144 $0.00 
[169/450] if-230 off r1 rt=0 ct=17663 $0.00 
[170/450] ma-hmmt_feb_2026-32 low r1 rt=3628 ct=4615 $0.00 
[171/450] rg-word_ladder-005 low r1 rt=21449 ct=21450 $0.00 
[172/450] if-18 low r1 rt=209 ct=310 $0.00 
[173/450] ma-hmmt_feb_2026-5 low r1 rt=20393 ct=20394 $0.00 
[174/450] if-97 low r1 rt=314 ct=669 $0.00 
[175/450] ma-hmmt_feb_2026-25 low r1 rt=17968 ct=18887 $0.00 
[176/450] if-170 low r1 rt=3245 ct=3443 $0.00 
[177/450] if-124 low r1 rt=4374 ct=5578 $0.00 
[178/450] if-204 low r1 rt=1912 ct=1948 $0.00 
[179/450] rg-rush_hour-003 low r1 rt=28170 ct=28541 $0.00 
[180/450] if-209 low r1 rt=1998 ct=1999 $0.00 
[181/450] if-283 low r1 rt=240 ct=255 $0.00 
[182/450] bfcl-live_multiple_286-129-1 low r1 rt=76 ct=154 $0.00 
[183/450] bfcl-live_multiple_562-155-2 low r1 rt=28 ct=75 $0.00 
[184/450] bfcl-live_multiple_628-160-8 low r1 rt=375 ct=424 $0.00 
[185/450] bfcl-live_multiple_1030-258-0 low r1 rt=37 ct=72 $0.00 
[186/450] bfcl-live_simple_118-74-0 low r1 rt=27 ct=71 $0.00 
[187/450] bfcl-live_simple_173-99-7 low r1 rt=32 ct=63 $0.00 
[188/450] bfcl-live_simple_180-105-0 low r1 rt=83 ct=138 $0.00 
[189/450] bfcl-live_simple_234-123-1 low r1 rt=407 ct=526 $0.00 
[190/450] bfcl-irrelevance_81 low r1 rt=44 ct=640 $0.00 
[191/450] if-239 low r1 rt=3000 ct=4455 $0.00 
[192/450] bfcl-irrelevance_221 low r1 rt=67 ct=356 $0.00 
[193/450] bfcl-live_parallel_multiple_7-6-0 low r1 rt=73 ct=178 $0.00 
[194/450] bfcl-live_parallel_multiple_19-16-1 low r1 rt=52 ct=211 $0.00 
[195/450] rg-intermediate_integration-111 low r1 rt=535 ct=1033 $0.00 
[196/450] if-248 low r1 rt=4879 ct=4908 $0.00 
[197/450] rg-intermediate_integration-113 low r1 rt=994 ct=1549 $0.00 
[198/450] rg-intermediate_integration-119 low r1 rt=411 ct=832 $0.00 
[199/450] rg-intermediate_integration-121 low r1 rt=430 ct=889 $0.00 
[200/450] rg-intermediate_integration-115 low r1 rt=2515 ct=3093 $0.00 
[201/450] rg-intermediate_integration-123 low r1 rt=685 ct=1181 $0.00 
[202/450] if-49 low r1 rt=16598 ct=16863 $0.00 
[203/450] rg-intermediate_integration-127 low r1 rt=543 ct=1000 $0.00 
[204/450] rg-intermediate_integration-125 low r1 rt=969 ct=1549 $0.00 
[205/450] rg-propositional_logic-111 low r1 rt=466 ct=618 $0.00 
[206/450] ma-hmmt_feb_2026-9 low r1 rt=36783 ct=36784 $0.00 
[207/450] rg-propositional_logic-117 low r1 rt=114 ct=175 $0.00 
[208/450] rg-propositional_logic-113 low r1 rt=814 ct=959 $0.00 
[209/450] ma-aime_2026-30 low r1 rt=25464 ct=25465 $0.00 
[210/450] rg-propositional_logic-123 low r1 rt=69 ct=114 $0.00 
[211/450] rg-propositional_logic-115 low r1 rt=479 ct=577 $0.00 
[212/450] rg-propositional_logic-119 low r1 rt=219 ct=344 $0.00 
[213/450] rg-propositional_logic-121 low r1 rt=289 ct=476 $0.00 
[214/450] rg-propositional_logic-129 low r1 rt=335 ct=423 $0.00 
[215/450] rg-propositional_logic-125 low r1 rt=376 ct=528 $0.00 
[216/450] rg-propositional_logic-127 low r1 rt=463 ct=543 $0.00 
[217/450] rg-word_ladder-111 low r1 rt=205 ct=239 $0.00 
[218/450] rg-intermediate_integration-130 low r1 rt=2445 ct=3077 $0.00 
[219/450] rg-word_ladder-109 low r1 rt=683 ct=794 $0.00 
[220/450] rg-word_ladder-113 low r1 rt=1661 ct=1713 $0.00 
[221/450] rg-word_ladder-123 low r1 rt=602 ct=701 $0.00 
[222/450] rg-word_ladder-119 low r1 rt=2034 ct=2132 $0.00 
[223/450] rg-number_sequence-109 low r1 rt=500 ct=557 $0.00 
[224/450] rg-number_sequence-111 low r1 rt=279 ct=453 $0.00 
[225/450] rg-number_sequence-115 low r1 rt=123 ct=200 $0.00 
[226/450] rg-word_ladder-117 low r1 rt=3566 ct=3679 $0.00 
[227/450] ma-aime_2026-15 low r1 rt=33410 ct=33411 $0.00 
[228/450] rg-number_sequence-117 low r1 rt=667 ct=810 $0.00 
[229/450] rg-number_sequence-119 low r1 rt=210 ct=314 $0.00 
[230/450] rg-number_sequence-123 low r1 rt=96 ct=194 $0.00 
[231/450] rg-number_sequence-113 low r1 rt=1003 ct=1268 $0.00 
[232/450] rg-number_sequence-121 low r1 rt=278 ct=377 $0.00 
[233/450] rg-number_sequence-127 low r1 rt=83 ct=141 $0.00 
[234/450] rg-intermediate_integration-117 low r1 rt=9714 ct=10491 $0.00 
[235/450] rg-rush_hour-107 low r1 rt=1331 ct=1592 $0.00 
[236/450] rg-number_sequence-125 low r1 rt=2762 ct=2931 $0.00 
[237/450] rg-word_ladder-115 low r1 rt=7127 ct=7347 $0.00 
[238/450] rg-word_ladder-121 low r1 rt=7514 ct=7630 $0.00 
[239/450] ma-hmmt_feb_2026-24 low r1 rt=2979 ct=3872 $0.00 
[240/450] if-21 low r1 rt=942 ct=1032 $0.00 
[241/450] if-30 low r1 rt=988 ct=1212 $0.00 
[242/450] if-60 low r1 rt=180 ct=242 $0.00 
[243/450] ma-hmmt_feb_2026-6 low r1 rt=8583 ct=9346 $0.00 
[244/450] if-11 low r1 rt=5178 ct=5687 $0.00 
[245/450] if-69 low r1 rt=123 ct=757 $0.00 
[246/450] if-78 low r1 rt=204 ct=666 $0.00 
[247/450] rg-rush_hour-105 low r1 rt=10020 ct=10573 $0.00 
[248/450] if-110 low r1 rt=270 ct=613 $0.00 
[249/450] if-91 low r1 rt=1379 ct=1387 $0.00 
[250/450] if-125 low r1 rt=1805 ct=1853 $0.00 
[251/450] if-140 low r1 rt=241 ct=1437 $0.00 
[252/450] if-156 low r1 rt=785 ct=944 $0.00 
[253/450] if-164 low r1 rt=3387 ct=3657 $0.00 
[254/450] if-135 low r1 rt=5264 ct=5900 $0.00 
[255/450] if-198 low r1 rt=1984 ct=2108 $0.00 
[256/450] if-173 low r1 rt=10167 ct=10265 $0.00 
[257/450] if-184 low r1 rt=11331 ct=11631 $0.00 
[258/450] if-236 low r1 rt=3088 ct=3582 $0.00 
[259/450] ma-hmmt_feb_2026-19 low r1 rt=29747 ct=29748 $0.00 
[260/450] if-244 low r1 rt=1320 ct=2319 $0.00 
[261/450] if-266 low r1 rt=3422 ct=4411 $0.00 
[262/450] if-210 low r1 rt=17184 ct=17357 $0.00 
[263/450] if-278 low r1 rt=2813 ct=2885 $0.00 
[264/450] if-293 low r1 rt=196 ct=434 $0.00 
[265/450] bfcl-live_multiple_71-31-0 low r1 rt=87 ct=173 $0.00 
[266/450] bfcl-live_multiple_203-90-5 low r1 rt=104 ct=139 $0.00 
[267/450] bfcl-live_multiple_390-137-8 low r1 rt=60 ct=110 $0.00 
[268/450] bfcl-live_multiple_501-148-11 low r1 rt=74 ct=142 $0.00 
[269/450] bfcl-live_multiple_658-162-0 low r1 rt=185 ct=253 $0.00 
[270/450] bfcl-live_multiple_832-178-7 low r1 rt=109 ct=158 $0.00 
[271/450] bfcl-live_multiple_949-199-0 low r1 rt=29 ct=59 $0.00 
[272/450] bfcl-live_multiple_901-185-11 low r1 rt=61 ct=124 $0.00 
[273/450] bfcl-live_multiple_1007-236-0 low r1 rt=36 ct=67 $0.00 
[274/450] bfcl-live_multiple_970-211-0 low r1 rt=84 ct=152 $0.00 
[275/450] bfcl-live_simple_25-5-3 low r1 rt=41 ct=75 $0.00 
[276/450] bfcl-live_simple_61-29-1 low r1 rt=15 ct=59 $0.00 
[277/450] bfcl-live_simple_98-58-0 low r1 rt=46 ct=115 $0.00 
[278/450] if-299 low r1 rt=1115 ct=1192 $0.00 
[279/450] bfcl-live_simple_126-82-0 low r1 rt=84 ct=176 $0.00 
[280/450] bfcl-live_simple_150-95-7 low r1 rt=47 ct=83 $0.00 
[281/450] bfcl-live_simple_191-115-1 low r1 rt=36 ct=83 $0.00 
[282/450] bfcl-live_simple_137-90-0 low r1 rt=96 ct=172 $0.00 
[283/450] bfcl-live_simple_237-125-0 low r1 rt=34 ct=73 $0.00 
[284/450] bfcl-live_simple_210-117-2 low r1 rt=39 ct=110 $0.00 
[285/450] bfcl-live_simple_228-119-0 low r1 rt=47 ct=81 $0.00 
[286/450] bfcl-irrelevance_115 low r1 rt=127 ct=227 $0.00 
[287/450] bfcl-irrelevance_167 low r1 rt=149 ct=239 $0.00 
[288/450] bfcl-live_parallel_multiple_1-1-0 low r1 rt=57 ct=144 $0.00 
[289/450] bfcl-irrelevance_218 low r1 rt=76 ct=239 $0.00 
[290/450] bfcl-irrelevance_101 low r1 rt=271 ct=484 $0.00 
[291/450] bfcl-live_parallel_multiple_15-13-0 low r1 rt=47 ct=127 $0.00 
[292/450] bfcl-live_parallel_multiple_3-2-1 low r1 rt=127 ct=244 $0.00 
[293/450] bfcl-live_parallel_multiple_13-11-0 low r1 rt=81 ct=165 $0.00 
[294/450] bfcl-live_parallel_multiple_18-16-0 low r1 rt=55 ct=205 $0.00 
[295/450] bfcl-live_parallel_multiple_21-18-0 low r1 rt=136 ct=287 $0.00 
[296/450] if-150 low r1 rt=28131 ct=28132 $0.00 
[297/450] rg-intermediate_integration-003 medium r1 rt=911 ct=1475 $0.00 
[298/450] rg-intermediate_integration-001 medium r1 rt=1051 ct=1659 $0.00 
[299/450] rg-intermediate_integration-007 medium r1 rt=535 ct=936 $0.00 
[300/450] rg-propositional_logic-001 medium r1 rt=751 ct=917 $0.00 
[301/450] rg-intermediate_integration-009 medium r1 rt=587 ct=973 $0.00 
[302/450] rg-propositional_logic-003 medium r1 rt=529 ct=706 $0.00 
[303/450] rg-propositional_logic-009 medium r1 rt=168 ct=217 $0.00 
[304/450] rg-propositional_logic-005 medium r1 rt=413 ct=488 $0.00 
[305/450] rg-propositional_logic-007 medium r1 rt=437 ct=552 $0.00 
[306/450] rg-word_ladder-003 medium r1 rt=520 ct=626 $0.00 
[307/450] rg-intermediate_integration-005 medium r1 rt=2563 ct=3665 $0.00 
[308/450] rg-word_ladder-005 medium r1 rt=829 ct=1013 $0.00 
[309/450] rg-number_sequence-003 medium r1 rt=96 ct=191 $0.00 
[310/450] rg-number_sequence-001 medium r1 rt=330 ct=497 $0.00 
[311/450] rg-word_ladder-007 medium r1 rt=940 ct=1038 $0.00 
[312/450] rg-number_sequence-007 medium r1 rt=726 ct=937 $0.00 
[313/450] rg-word_ladder-001 medium r1 rt=2482 ct=2544 $0.00 
[314/450] rg-rush_hour-001 medium r1 rt=1411 ct=1582 $0.00 
[315/450] rg-number_sequence-005 medium r1 rt=3426 ct=3665 $0.00 
[316/450] ma-hmmt_feb_2026-13 medium r1 rt=6658 ct=7100 $0.00 
[317/450] ma-hmmt_feb_2026-10 low r1 rt=53930 ct=53931 $0.00 
[318/450] rg-rush_hour-003 medium r1 rt=19047 ct=19422 $0.00 
[319/450] ma-hmmt_feb_2026-25 medium r1 rt=11645 ct=12656 $0.00 
[320/450] if-230 low r1 rt=43050 ct=43051 $0.00 
[321/450] ma-hmmt_feb_2026-5 medium r1 rt=24196 ct=25315 $0.00 
[322/450] if-18 medium r1 rt=426 ct=513 $0.00 
[323/450] if-49 medium r1 rt=18244 ct=18608 $0.00 
[324/450] if-97 medium r1 rt=718 ct=1035 $0.00 
[325/450] ma-hmmt_feb_2026-32 medium r1 rt=27727 ct=28240 $0.00 
[326/450] ma-hmmt_feb_2026-29 low r1 rt=131072 ct=131072 $0.00 
[327/450] if-124 medium r1 rt=4344 ct=5731 $0.00 
[328/450] if-204 medium r1 rt=4411 ct=4447 $0.00 
[329/450] ma-hmmt_feb_2026-28 low r1 rt=97619 ct=98879 $0.00 
[330/450] if-239 medium r1 rt=5229 ct=6116 $0.00 
[331/450] if-283 medium r1 rt=258 ct=273 $0.00 
[332/450] bfcl-live_multiple_286-129-1 medium r1 rt=122 ct=183 $0.00 
[333/450] bfcl-live_multiple_562-155-2 medium r1 rt=69 ct=116 $0.00 
[334/450] ma-aime_2026-30 medium r1 rt=37726 ct=37727 $0.00 
[335/450] if-209 medium r1 rt=9220 ct=9221 $0.00 
[336/450] if-170 medium r1 rt=13029 ct=13060 $0.00 
[337/450] bfcl-live_multiple_1030-258-0 medium r1 rt=82 ct=117 $0.00 
[338/450] bfcl-live_simple_118-74-0 medium r1 rt=59 ct=103 $0.00 
[339/450] bfcl-live_multiple_628-160-8 medium r1 rt=257 ct=306 $0.00 
[340/450] bfcl-live_simple_173-99-7 medium r1 rt=19 ct=50 $0.00 
[341/450] bfcl-live_simple_180-105-0 medium r1 rt=177 ct=234 $0.00 
[342/450] bfcl-live_simple_234-123-1 medium r1 rt=292 ct=353 $0.00 
[343/450] bfcl-live_parallel_multiple_7-6-0 medium r1 rt=84 ct=170 $0.00 
[344/450] bfcl-irrelevance_221 medium r1 rt=125 ct=539 $0.00 
[345/450] bfcl-live_parallel_multiple_19-16-1 medium r1 rt=51 ct=211 $0.00 
[346/450] bfcl-irrelevance_81 medium r1 rt=47 ct=647 $0.00 
[347/450] rg-intermediate_integration-111 medium r1 rt=502 ct=961 $0.00 
[348/450] rg-intermediate_integration-119 medium r1 rt=361 ct=700 $0.00 
[349/450] rg-intermediate_integration-113 medium r1 rt=977 ct=1549 $0.00 
[350/450] rg-intermediate_integration-115 medium r1 rt=1224 ct=1780 $0.00 
[351/450] rg-intermediate_integration-121 medium r1 rt=532 ct=1021 $0.00 
[352/450] rg-intermediate_integration-123 medium r1 rt=1030 ct=1342 $0.00 
[353/450] rg-intermediate_integration-127 medium r1 rt=435 ct=881 $0.00 
[354/450] ma-hmmt_feb_2026-9 medium r1 rt=63063 ct=63882 $0.00 
[355/450] rg-propositional_logic-113 medium r1 rt=941 ct=1046 $0.00 
[356/450] rg-propositional_logic-111 medium r1 rt=1084 ct=1250 $0.00 
[357/450] if-248 medium r1 rt=7398 ct=7439 $0.00 
[358/450] rg-propositional_logic-117 medium r1 rt=109 ct=160 $0.00 
[359/450] rg-intermediate_integration-130 medium r1 rt=1436 ct=1910 $0.00 
[360/450] rg-intermediate_integration-125 medium r1 rt=2567 ct=3044 $0.00 
[361/450] rg-propositional_logic-123 medium r1 rt=177 ct=240 $0.00 
[362/450] rg-propositional_logic-121 medium r1 rt=260 ct=435 $0.00 
[363/450] rg-propositional_logic-115 medium r1 rt=572 ct=707 $0.00 
[364/450] rg-propositional_logic-119 medium r1 rt=388 ct=537 $0.00 
[365/450] rg-propositional_logic-127 medium r1 rt=269 ct=342 $0.00 
[366/450] rg-propositional_logic-125 medium r1 rt=514 ct=671 $0.00 
[367/450] rg-word_ladder-109 medium r1 rt=388 ct=500 $0.00 
[368/450] rg-word_ladder-111 medium r1 rt=471 ct=569 $0.00 
[369/450] rg-propositional_logic-129 medium r1 rt=617 ct=698 $0.00 
[370/450] rg-word_ladder-113 medium r1 rt=929 ct=1051 $0.00 
[371/450] rg-word_ladder-119 medium r1 rt=1359 ct=1492 $0.00 
[372/450] rg-word_ladder-123 medium r1 rt=901 ct=1029 $0.00 
[373/450] rg-number_sequence-111 medium r1 rt=271 ct=426 $0.00 
[374/450] rg-number_sequence-113 medium r1 rt=344 ct=504 $0.00 
[375/450] rg-number_sequence-115 medium r1 rt=144 ct=223 $0.00 
[376/450] ma-aime_2026-15 medium r1 rt=47959 ct=47960 $0.00 
[377/450] rg-number_sequence-119 medium r1 rt=335 ct=430 $0.00 
[378/450] rg-number_sequence-117 medium r1 rt=775 ct=917 $0.00 
[379/450] rg-number_sequence-123 medium r1 rt=103 ct=188 $0.00 
[380/450] rg-number_sequence-121 medium r1 rt=453 ct=580 $0.00 
[381/450] rg-number_sequence-127 medium r1 rt=83 ct=143 $0.00 
[382/450] rg-number_sequence-125 medium r1 rt=963 ct=1087 $0.00 
[383/450] ma-hmmt_feb_2026-29 medium r1 rt=61084 ct=61085 $0.00 
[384/450] rg-word_ladder-115 medium r1 rt=5636 ct=5809 $0.00 
[385/450] rg-number_sequence-109 medium r1 rt=4739 ct=4850 $0.00 
[386/450] rg-intermediate_integration-117 medium r1 rt=12567 ct=13180 $0.00 
[387/450] rg-rush_hour-105 medium r1 rt=5725 ct=6226 $0.00 
[388/450] ma-hmmt_feb_2026-24 medium r1 rt=2406 ct=3449 $0.00 
[389/450] rg-rush_hour-107 medium r1 rt=7249 ct=7528 $0.00 
[390/450] rg-word_ladder-121 medium r1 rt=13239 ct=13494 $0.00 
[391/450] if-21 medium r1 rt=1024 ct=1136 $0.00 
[392/450] if-60 medium r1 rt=246 ct=308 $0.00 
[393/450] rg-word_ladder-117 medium r1 rt=14370 ct=14496 $0.00 
[394/450] if-30 medium r1 rt=996 ct=1246 $0.00 
[395/450] if-78 medium r1 rt=319 ct=781 $0.00 
[396/450] if-69 medium r1 rt=980 ct=1569 $0.00 
[397/450] if-11 medium r1 rt=4511 ct=4890 $0.00 
[398/450] if-91 medium r1 rt=1375 ct=1384 $0.00 
[399/450] if-110 medium r1 rt=678 ct=1055 $0.00 
[400/450] if-125 medium r1 rt=1773 ct=1796 $0.00 
[401/450] if-140 medium r1 rt=227 ct=1272 $0.00 
[402/450] if-156 medium r1 rt=1131 ct=1319 $0.00 
[403/450] if-135 medium r1 rt=4126 ct=4739 $0.00 
[404/450] if-173 medium r1 rt=4153 ct=4237 $0.00 
[405/450] if-150 medium r1 rt=8801 ct=8906 $0.00 
[406/450] if-164 medium r1 rt=7570 ct=8131 $0.00 
[407/450] if-198 medium r1 rt=4609 ct=4740 $0.00 
[408/450] ma-hmmt_feb_2026-28 medium r1 rt=16635 ct=17598 $0.00 
[409/450] if-244 medium r1 rt=768 ct=1104 $0.00 
[410/450] if-236 medium r1 rt=2607 ct=3200 $0.00 
[411/450] ma-hmmt_feb_2026-10 medium r1 rt=24631 ct=25791 $0.00 
[412/450] if-293 medium r1 rt=361 ct=972 $0.00 
[413/450] if-266 medium r1 rt=3895 ct=4837 $0.00 
[414/450] bfcl-live_multiple_71-31-0 medium r1 rt=93 ct=180 $0.00 
[415/450] bfcl-live_multiple_203-90-5 medium r1 rt=98 ct=133 $0.00 
[416/450] bfcl-live_multiple_390-137-8 medium r1 rt=82 ct=132 $0.00 
[417/450] bfcl-live_multiple_501-148-11 medium r1 rt=95 ct=163 $0.00 
[418/450] if-278 medium r1 rt=4011 ct=4076 $0.00 
[419/450] bfcl-live_multiple_832-178-7 medium r1 rt=59 ct=108 $0.00 
[420/450] bfcl-live_multiple_658-162-0 medium r1 rt=220 ct=288 $0.00 
[421/450] bfcl-live_multiple_949-199-0 medium r1 rt=49 ct=79 $0.00 
[422/450] bfcl-live_multiple_901-185-11 medium r1 rt=63 ct=126 $0.00 
[423/450] bfcl-live_multiple_1007-236-0 medium r1 rt=38 ct=69 $0.00 
[424/450] bfcl-live_simple_25-5-3 medium r1 rt=52 ct=86 $0.00 
[425/450] bfcl-live_multiple_970-211-0 medium r1 rt=96 ct=164 $0.00 
[426/450] bfcl-live_simple_61-29-1 medium r1 rt=34 ct=78 $0.00 
[427/450] bfcl-live_simple_98-58-0 medium r1 rt=61 ct=130 $0.00 
[428/450] bfcl-live_simple_126-82-0 medium r1 rt=112 ct=204 $0.00 
[429/450] bfcl-live_simple_137-90-0 medium r1 rt=113 ct=189 $0.00 
[430/450] bfcl-live_simple_150-95-7 medium r1 rt=76 ct=124 $0.00 
[431/450] bfcl-live_simple_191-115-1 medium r1 rt=67 ct=127 $0.00 
[432/450] bfcl-live_simple_210-117-2 medium r1 rt=40 ct=101 $0.00 
[433/450] bfcl-live_simple_228-119-0 medium r1 rt=45 ct=79 $0.00 
[434/450] bfcl-live_simple_237-125-0 medium r1 rt=42 ct=81 $0.00 
[435/450] bfcl-irrelevance_115 medium r1 rt=287 ct=387 $0.00 
[436/450] if-299 medium r1 rt=4123 ct=4197 $0.00 
[437/450] bfcl-irrelevance_101 medium r1 rt=321 ct=653 $0.00 
[438/450] bfcl-irrelevance_167 medium r1 rt=143 ct=250 $0.00 
[439/450] bfcl-live_parallel_multiple_1-1-0 medium r1 rt=81 ct=168 $0.00 
[440/450] bfcl-irrelevance_218 medium r1 rt=101 ct=290 $0.00 
[441/450] bfcl-live_parallel_multiple_3-2-1 medium r1 rt=154 ct=271 $0.00 
[442/450] bfcl-live_parallel_multiple_13-11-0 medium r1 rt=69 ct=153 $0.00 
[443/450] bfcl-live_parallel_multiple_15-13-0 medium r1 rt=47 ct=127 $0.00 
[444/450] bfcl-live_parallel_multiple_18-16-0 medium r1 rt=89 ct=257 $0.00 
[445/450] bfcl-live_parallel_multiple_21-18-0 medium r1 rt=148 ct=302 $0.00 
[446/450] if-210 medium r1 rt=13027 ct=13221 $0.00 
[447/450] if-184 medium r1 rt=23038 ct=23247 $0.00 
[448/450] if-230 medium r1 rt=21982 ct=21983 $0.00 
[449/450] ma-hmmt_feb_2026-19 medium r1 rt=41253 ct=42637 $0.00 
[450/450] ma-hmmt_feb_2026-6 medium r1 rt=68988 ct=69666 $0.00 
done in 164.4 min: ok=450 skip=0 err=0 cost=$0.00
[22:52:58][1] === STAGE: --efforts xhigh --repeats 3 ===
150 tasks x ['xhigh'] x 3 = 450 calls, concurrency 8
[151/450] rg-intermediate_integration-007 xhigh r2 rt=481 ct=759 $0.00 
[152/450] rg-propositional_logic-003 xhigh r2 rt=810 ct=823 $0.00 
[153/450] rg-intermediate_integration-009 xhigh r2 rt=655 ct=903 $0.00 
[154/450] rg-propositional_logic-009 xhigh r2 rt=215 ct=226 $0.00 
[155/450] rg-intermediate_integration-003 xhigh r2 rt=1036 ct=1403 $0.00 
[156/450] rg-propositional_logic-007 xhigh r2 rt=1096 ct=1108 $0.00 
[157/450] rg-intermediate_integration-005 xhigh r2 rt=2116 ct=2555 $0.00 
[158/450] rg-number_sequence-001 xhigh r2 rt=172 ct=184 $0.00 
[159/450] rg-number_sequence-003 xhigh r2 rt=88 ct=99 $0.00 
[160/450] rg-propositional_logic-001 xhigh r2 rt=3843 ct=3855 $0.00 
[161/450] rg-intermediate_integration-001 xhigh r2 rt=4055 ct=4418 $0.00 
[162/450] rg-propositional_logic-005 xhigh r2 rt=5922 ct=5937 $0.00 
[163/450] rg-number_sequence-007 xhigh r2 rt=4285 ct=4415 $0.00 
[164/450] rg-word_ladder-005 xhigh r2 rt=7229 ct=7251 $0.00 
[165/450] rg-number_sequence-005 xhigh r2 rt=9951 ct=10041 $0.00 
[166/450] rg-word_ladder-007 xhigh r2 rt=11490 ct=11507 $0.00 
[167/450] rg-word_ladder-001 xhigh r2 rt=13910 ct=13928 $0.00 
[168/450] rg-word_ladder-003 xhigh r2 rt=16966 ct=16985 $0.00 
[169/450] ma-hmmt_feb_2026-13 xhigh r2 rt=17063 ct=17735 $0.00 
[170/450] ma-hmmt_feb_2026-32 xhigh r2 rt=18528 ct=19165 $0.00 
[171/450] rg-rush_hour-001 xhigh r2 rt=35193 ct=35222 $0.00 
[172/450] if-18 xhigh r2 rt=398 ct=448 $0.00 
[173/450] ma-hmmt_feb_2026-5 xhigh r2 rt=41675 ct=42507 $0.00 
[174/450] if-97 xhigh r2 rt=480 ct=623 $0.00 
[175/450] if-49 xhigh r2 rt=14133 ct=14231 $0.00 
[176/450] rg-rush_hour-003 xhigh r2 rt=59044 ct=59085 $0.00 
[177/450] ma-hmmt_feb_2026-9 xhigh r2 rt=71382 ct=72727 $0.00 
[178/450] if-204 xhigh r2 rt=26693 ct=26737 $0.00 
[179/450] if-209 xhigh r2 rt=13958 ct=13988 $0.00 
[180/450] if-170 xhigh r2 rt=41539 ct=41572 $0.00 
[181/450] if-283 xhigh r2 rt=366 ct=381 $0.00 
[182/450] bfcl-live_multiple_286-129-1 xhigh r2 rt=135 ct=196 $0.00 
[183/450] bfcl-live_multiple_562-155-2 xhigh r2 rt=40 ct=98 $0.00 
[184/450] bfcl-live_multiple_628-160-8 xhigh r2 rt=134 ct=183 $0.00 
[185/450] bfcl-live_multiple_1030-258-0 xhigh r2 rt=327 ct=362 $0.00 
[186/450] bfcl-live_simple_118-74-0 xhigh r2 rt=70 ct=125 $0.00 
[187/450] bfcl-live_simple_173-99-7 xhigh r2 rt=51 ct=82 $0.00 
[188/450] bfcl-live_simple_180-105-0 xhigh r2 rt=214 ct=269 $0.00 
[189/450] bfcl-live_simple_234-123-1 xhigh r2 rt=145 ct=219 $0.00 
[190/450] bfcl-irrelevance_81 xhigh r2 rt=38 ct=307 $0.00 
[191/450] bfcl-irrelevance_221 xhigh r2 rt=84 ct=329 $0.00 
[192/450] bfcl-live_parallel_multiple_7-6-0 xhigh r2 rt=84 ct=170 $0.00 
[193/450] bfcl-live_parallel_multiple_19-16-1 xhigh r2 rt=89 ct=222 $0.00 
[194/450] rg-intermediate_integration-111 xhigh r2 rt=469 ct=564 $0.00 
[195/450] rg-intermediate_integration-113 xhigh r2 rt=1009 ct=1145 $0.00 
[196/450] if-248 xhigh r2 rt=5768 ct=5789 $0.00 
[197/450] rg-intermediate_integration-115 xhigh r2 rt=1745 ct=2055 $0.00 
[198/450] rg-intermediate_integration-117 xhigh r2 rt=1413 ct=1563 $0.00 
[199/450] if-124 xhigh r2 rt=50450 ct=51336 $0.00 
[200/450] rg-intermediate_integration-119 xhigh r2 rt=577 ct=817 $0.00 
[201/450] rg-intermediate_integration-123 xhigh r2 rt=1330 ct=1527 $0.00 
[202/450] rg-intermediate_integration-121 xhigh r2 rt=1952 ct=2480 $0.00 
[203/450] rg-intermediate_integration-127 xhigh r2 rt=960 ct=1283 $0.00 
[204/450] rg-intermediate_integration-125 xhigh r2 rt=3866 ct=4332 $0.00 
[205/450] rg-intermediate_integration-130 xhigh r2 rt=5066 ct=5613 $0.00 
[206/450] rg-propositional_logic-113 xhigh r2 rt=3511 ct=3520 $0.00 
[207/450] rg-propositional_logic-117 xhigh r2 rt=151 ct=162 $0.00 
[208/450] rg-propositional_logic-119 xhigh r2 rt=984 ct=994 $0.00 
[209/450] rg-propositional_logic-121 xhigh r2 rt=571 ct=581 $0.00 
[210/450] rg-propositional_logic-123 xhigh r2 rt=69 ct=80 $0.00 
[211/450] if-239 xhigh r2 rt=21457 ct=21458 $0.00 
[212/450] rg-propositional_logic-127 xhigh r2 rt=315 ct=327 $0.00 
[213/450] rg-propositional_logic-111 xhigh r2 rt=9102 ct=9111 $0.00 
[214/450] rg-word_ladder-109 xhigh r2 rt=335 ct=354 $0.00 
[215/450] rg-propositional_logic-125 xhigh r2 rt=1918 ct=1928 $0.00 
[216/450] rg-word_ladder-111 xhigh r2 rt=1315 ct=1335 $0.00 
[217/450] rg-propositional_logic-129 xhigh r2 rt=3533 ct=3543 $0.00 
[218/450] rg-word_ladder-113 xhigh r2 rt=3354 ct=3375 $0.00 
[219/450] rg-word_ladder-119 xhigh r2 rt=1201 ct=1219 $0.00 
[220/450] rg-word_ladder-117 xhigh r2 rt=2873 ct=2891 $0.00 
[221/450] rg-word_ladder-115 xhigh r2 rt=4809 ct=4831 $0.00 
[222/450] rg-word_ladder-123 xhigh r2 rt=3995 ct=4015 $0.00 
[223/450] rg-number_sequence-111 xhigh r2 rt=134 ct=145 $0.00 
[224/450] rg-number_sequence-113 xhigh r2 rt=327 ct=369 $0.00 
[225/450] rg-number_sequence-115 xhigh r2 rt=51 ct=61 $0.00 
[226/450] rg-word_ladder-121 xhigh r2 rt=8150 ct=8180 $0.00 
[227/450] rg-number_sequence-119 xhigh r2 rt=215 ct=226 $0.00 
[228/450] rg-number_sequence-121 xhigh r2 rt=329 ct=340 $0.00 
[229/450] rg-number_sequence-123 xhigh r2 rt=131 ct=143 $0.00 
[230/450] rg-propositional_logic-115 xhigh r2 rt=27666 ct=27676 $0.00 
[231/450] rg-number_sequence-127 xhigh r2 rt=78 ct=89 $0.00 
[232/450] ma-hmmt_feb_2026-25 xhigh r2 rt=131072 ct=131072 $0.00 
[233/450] ma-hmmt_feb_2026-29 xhigh r2 rt=131072 ct=131072 $0.00 
[234/450] ma-aime_2026-30 xhigh r2 rt=110585 ct=112569 $0.00 
[235/450] rg-rush_hour-107 xhigh r2 rt=6652 ct=6672 $0.00 
[236/450] rg-number_sequence-125 xhigh r2 rt=21003 ct=21104 $0.00 
[237/450] rg-rush_hour-105 xhigh r2 rt=15521 ct=15556 $0.00 
[238/450] ma-aime_2026-15 xhigh r2 rt=131072 ct=131072 $0.00 
[239/450] if-11 xhigh r2 rt=8813 ct=9131 $0.00 
[240/450] if-21 xhigh r2 rt=951 ct=984 $0.00 
[241/450] if-30 xhigh r2 rt=2823 ct=2939 $0.00 
[242/450] if-60 xhigh r2 rt=1047 ct=1065 $0.00 
[243/450] ma-hmmt_feb_2026-24 xhigh r2 rt=21994 ct=22792 $0.00 
[244/450] if-69 xhigh r2 rt=1988 ct=2395 $0.00 
[245/450] if-78 xhigh r2 rt=1757 ct=1966 $0.00 
[246/450] if-91 xhigh r2 rt=1603 ct=1609 $0.00 
[247/450] if-110 xhigh r2 rt=2741 ct=2938 $0.00 
[248/450] rg-number_sequence-109 xhigh r2 rt=61220 ct=61230 $0.00 
[249/450] if-140 xhigh r2 rt=856 ct=1505 $0.00 
[250/450] if-135 xhigh r2 rt=11378 ct=11691 $0.00 
[251/450] if-156 xhigh r2 rt=1204 ct=1251 $0.00 
[252/450] rg-number_sequence-117 xhigh r2 rt=64431 ct=64487 $0.00 
[253/450] ma-hmmt_feb_2026-6 xhigh r2 rt=53911 ct=54741 $0.00 
[254/450] if-164 xhigh r2 rt=8843 ct=9133 $0.00 
[255/450] if-198 xhigh r2 rt=2533 ct=2667 $0.00 
[256/450] if-150 xhigh r2 rt=24604 ct=24711 $0.00 
[257/450] if-173 xhigh r2 rt=16130 ct=16179 $0.00 
[258/450] if-125 xhigh r2 rt=32693 ct=32719 $0.00 
[259/450] if-244 xhigh r2 rt=2365 ct=2571 $0.00 
[260/450] if-236 xhigh r2 rt=2512 ct=2922 $0.00 
[261/450] if-210 xhigh r2 rt=17789 ct=17835 $0.00 
[262/450] if-293 xhigh r2 rt=781 ct=920 $0.00 
[263/450] if-266 xhigh r2 rt=12899 ct=12994 $0.00 
[264/450] bfcl-live_multiple_71-31-0 xhigh r2 rt=98 ct=195 $0.00 
[265/450] bfcl-live_multiple_203-90-5 xhigh r2 rt=114 ct=149 $0.00 
[266/450] if-299 xhigh r2 rt=2402 ct=2479 $0.00 
[267/450] bfcl-live_multiple_390-137-8 xhigh r2 rt=78 ct=128 $0.00 
[268/450] bfcl-live_multiple_501-148-11 xhigh r2 rt=72 ct=140 $0.00 
[269/450] bfcl-live_multiple_832-178-7 xhigh r2 rt=54 ct=129 $0.00 
[270/450] bfcl-live_multiple_901-185-11 xhigh r2 rt=78 ct=141 $0.00 
[271/450] bfcl-live_multiple_949-199-0 xhigh r2 rt=116 ct=158 $0.00 
[272/450] bfcl-live_multiple_970-211-0 xhigh r2 rt=119 ct=187 $0.00 
[273/450] bfcl-live_multiple_1007-236-0 xhigh r2 rt=48 ct=79 $0.00 
[274/450] bfcl-live_simple_25-5-3 xhigh r2 rt=105 ct=139 $0.00 
[275/450] bfcl-live_simple_61-29-1 xhigh r2 rt=52 ct=96 $0.00 
[276/450] bfcl-live_simple_98-58-0 xhigh r2 rt=55 ct=124 $0.00 
[277/450] bfcl-live_simple_126-82-0 xhigh r2 rt=86 ct=178 $0.00 
[278/450] bfcl-live_simple_137-90-0 xhigh r2 rt=105 ct=181 $0.00 
[279/450] bfcl-live_simple_150-95-7 xhigh r2 rt=122 ct=158 $0.00 
[280/450] bfcl-live_simple_191-115-1 xhigh r2 rt=64 ct=124 $0.00 
[281/450] bfcl-live_simple_210-117-2 xhigh r2 rt=78 ct=139 $0.00 
[282/450] bfcl-live_simple_228-119-0 xhigh r2 rt=68 ct=102 $0.00 
[283/450] bfcl-live_simple_237-125-0 xhigh r2 rt=58 ct=97 $0.00 
[284/450] bfcl-irrelevance_101 xhigh r2 rt=280 ct=786 $0.00 
[285/450] bfcl-irrelevance_115 xhigh r2 rt=825 ct=925 $0.00 
[286/450] bfcl-irrelevance_167 xhigh r2 rt=153 ct=187 $0.00 
[287/450] bfcl-irrelevance_218 xhigh r2 rt=92 ct=130 $0.00 
[288/450] bfcl-live_parallel_multiple_1-1-0 xhigh r2 rt=69 ct=156 $0.00 
[289/450] bfcl-live_parallel_multiple_3-2-1 xhigh r2 rt=193 ct=339 $0.00 
[290/450] bfcl-live_parallel_multiple_13-11-0 xhigh r2 rt=225 ct=306 $0.00 
[291/450] bfcl-live_parallel_multiple_15-13-0 xhigh r2 rt=54 ct=134 $0.00 
[292/450] bfcl-live_parallel_multiple_18-16-0 xhigh r2 rt=145 ct=278 $0.00 
[293/450] bfcl-live_parallel_multiple_21-18-0 xhigh r2 rt=285 ct=409 $0.00 
[294/450] rg-intermediate_integration-001 xhigh r3 rt=1197 ct=1258 $0.00 
[295/450] rg-intermediate_integration-003 xhigh r3 rt=2150 ct=2599 $0.00 
[296/450] bfcl-live_multiple_658-162-0 xhigh r2 rt=2392 ct=10937 $0.00 
[297/450] rg-intermediate_integration-007 xhigh r3 rt=705 ct=989 $0.00 
[298/450] rg-intermediate_integration-009 xhigh r3 rt=477 ct=705 $0.00 
[299/450] rg-intermediate_integration-005 xhigh r3 rt=3397 ct=3765 $0.00 
[300/450] if-278 xhigh r2 rt=27533 ct=27608 $0.00 
[301/450] rg-propositional_logic-003 xhigh r3 rt=878 ct=891 $0.00 
[302/450] if-184 xhigh r2 rt=43211 ct=43503 $0.00 
[303/450] rg-propositional_logic-009 xhigh r3 rt=250 ct=262 $0.00 
[304/450] rg-propositional_logic-005 xhigh r3 rt=2162 ct=2172 $0.00 
[305/450] rg-word_ladder-001 xhigh r3 rt=1057 ct=1073 $0.00 
[306/450] rg-propositional_logic-007 xhigh r3 rt=2682 ct=2694 $0.00 
[307/450] rg-word_ladder-007 xhigh r3 rt=1311 ct=1328 $0.00 
[308/450] rg-number_sequence-001 xhigh r3 rt=363 ct=428 $0.00 
[309/450] rg-number_sequence-003 xhigh r3 rt=81 ct=92 $0.00 
[310/450] rg-propositional_logic-001 xhigh r3 rt=13521 ct=13540 $0.00 
[311/450] rg-number_sequence-005 xhigh r3 rt=7871 ct=7987 $0.00 
[312/450] rg-number_sequence-007 xhigh r3 rt=689 ct=700 $0.00 
[313/450] rg-word_ladder-003 xhigh r3 rt=11188 ct=11205 $0.00 
[314/450] rg-word_ladder-005 xhigh r3 rt=35004 ct=35027 $0.00 
[315/450] ma-hmmt_feb_2026-10 xhigh r2 rt=131072 ct=131072 $0.00 
[316/450] ma-hmmt_feb_2026-19 xhigh r2 rt=131072 ct=131072 $0.00 
[317/450] rg-rush_hour-001 xhigh r3 rt=29844 ct=29882 $0.00 
[318/450] ma-hmmt_feb_2026-28 xhigh r2 rt=131072 ct=131072 $0.00 
[319/450] ma-hmmt_feb_2026-5 xhigh r3 rt=27826 ct=29038 $0.00 
[320/450] if-230 xhigh r2 rt=84283 ct=84711 $0.00 
[321/450] rg-rush_hour-003 xhigh r3 rt=45694 ct=45741 $0.00 
[322/450] if-18 xhigh r3 rt=650 ct=710 $0.00 
[323/450] ma-hmmt_feb_2026-32 xhigh r3 rt=28238 ct=28876 $0.00 
[324/450] if-97 xhigh r3 rt=448 ct=592 $0.00 
[325/450] if-49 xhigh r3 rt=13060 ct=13103 $0.00 
[326/450] ma-hmmt_feb_2026-13 xhigh r3 rt=38466 ct=39414 $0.00 
[327/450] ma-hmmt_feb_2026-9 xhigh r3 rt=41841 ct=43087 $0.00 
[328/450] if-204 xhigh r3 rt=11727 ct=11770 $0.00 
[329/450] if-170 xhigh r3 rt=12288 ct=12314 $0.00 
[330/450] if-239 xhigh r3 rt=3139 ct=3529 $0.00 
[331/450] if-283 xhigh r3 rt=429 ct=441 $0.00 
[332/450] bfcl-live_multiple_286-129-1 xhigh r3 rt=144 ct=205 $0.00 
[333/450] bfcl-live_multiple_562-155-2 xhigh r3 rt=51 ct=98 $0.00 
[334/450] bfcl-live_multiple_628-160-8 xhigh r3 rt=128 ct=177 $0.00 
[335/450] bfcl-live_multiple_1030-258-0 xhigh r3 rt=91 ct=126 $0.00 
[336/450] bfcl-live_simple_118-74-0 xhigh r3 rt=58 ct=111 $0.00 
[337/450] bfcl-live_simple_173-99-7 xhigh r3 rt=30 ct=61 $0.00 
[338/450] bfcl-live_simple_180-105-0 xhigh r3 rt=154 ct=209 $0.00 
[339/450] bfcl-live_simple_234-123-1 xhigh r3 rt=182 ct=243 $0.00 
[340/450] bfcl-irrelevance_81 xhigh r3 rt=33 ct=360 $0.00 
[341/450] bfcl-irrelevance_221 xhigh r3 rt=35 ct=215 $0.00 
[342/450] bfcl-live_parallel_multiple_7-6-0 xhigh r3 rt=86 ct=172 $0.00 
[343/450] bfcl-live_parallel_multiple_19-16-1 xhigh r3 rt=155 ct=288 $0.00 
[344/450] rg-intermediate_integration-111 xhigh r3 rt=541 ct=887 $0.00 
[345/450] rg-intermediate_integration-113 xhigh r3 rt=836 ct=1008 $0.00 
[346/450] if-248 xhigh r3 rt=8642 ct=8665 $0.00 
[347/450] rg-intermediate_integration-117 xhigh r3 rt=2781 ct=2847 $0.00 
[348/450] rg-intermediate_integration-119 xhigh r3 rt=528 ct=753 $0.00 
[349/450] rg-intermediate_integration-121 xhigh r3 rt=502 ct=676 $0.00 
[350/450] rg-intermediate_integration-123 xhigh r3 rt=1177 ct=1488 $0.00 
[351/450] rg-intermediate_integration-115 xhigh r3 rt=6893 ct=7368 $0.00 
[352/450] rg-intermediate_integration-125 xhigh r3 rt=2325 ct=2591 $0.00 
[353/450] rg-intermediate_integration-127 xhigh r3 rt=1453 ct=1906 $0.00 
[354/450] rg-intermediate_integration-130 xhigh r3 rt=2276 ct=2606 $0.00 
[355/450] rg-propositional_logic-113 xhigh r3 rt=7233 ct=7243 $0.00 
[356/450] rg-propositional_logic-111 xhigh r3 rt=11613 ct=11625 $0.00 
[357/450] rg-propositional_logic-117 xhigh r3 rt=293 ct=304 $0.00 
[358/450] rg-propositional_logic-115 xhigh r3 rt=5605 ct=5615 $0.00 
[359/450] rg-propositional_logic-119 xhigh r3 rt=4440 ct=4450 $0.00 
[360/450] rg-propositional_logic-123 xhigh r3 rt=179 ct=190 $0.00 
[361/450] rg-propositional_logic-121 xhigh r3 rt=1949 ct=1959 $0.00 
[362/450] rg-propositional_logic-127 xhigh r3 rt=504 ct=516 $0.00 
[363/450] rg-propositional_logic-129 xhigh r3 rt=646 ct=656 $0.00 
[364/450] rg-word_ladder-109 xhigh r3 rt=378 ct=397 $0.00 
[365/450] rg-word_ladder-111 xhigh r3 rt=1938 ct=1961 $0.00 
[366/450] rg-propositional_logic-125 xhigh r3 rt=4272 ct=4318 $0.00 
[367/450] rg-word_ladder-113 xhigh r3 rt=1118 ct=1136 $0.00 
[368/450] rg-word_ladder-115 xhigh r3 rt=1667 ct=1687 $0.00 
[369/450] rg-word_ladder-117 xhigh r3 rt=1782 ct=1800 $0.00 
[370/450] if-209 xhigh r3 rt=53501 ct=53579 $0.00 
[371/450] rg-word_ladder-121 xhigh r3 rt=6238 ct=6259 $0.00 
[372/450] rg-word_ladder-123 xhigh r3 rt=2057 ct=2075 $0.00 
[373/450] rg-number_sequence-111 xhigh r3 rt=52 ct=63 $0.00 
[374/450] rg-number_sequence-113 xhigh r3 rt=556 ct=657 $0.00 
[375/450] rg-number_sequence-115 xhigh r3 rt=69 ct=79 $0.00 
[376/450] rg-number_sequence-117 xhigh r3 rt=3840 ct=3892 $0.00 
[377/450] rg-number_sequence-119 xhigh r3 rt=528 ct=539 $0.00 
[378/450] rg-number_sequence-121 xhigh r3 rt=249 ct=331 $0.00 
[379/450] rg-number_sequence-123 xhigh r3 rt=126 ct=138 $0.00 
[380/450] if-124 xhigh r3 rt=70639 ct=71858 $0.00 
[381/450] rg-number_sequence-127 xhigh r3 rt=39 ct=50 $0.00 
[382/450] rg-word_ladder-119 xhigh r3 rt=18455 ct=18472 $0.00 
[383/450] rg-rush_hour-107 xhigh r3 rt=4655 ct=4675 $0.00 
[384/450] rg-number_sequence-109 xhigh r3 rt=18665 ct=18693 $0.00 
[385/450] rg-rush_hour-105 xhigh r3 rt=12481 ct=12519 $0.00 
[386/450] ma-aime_2026-30 xhigh r3 rt=110553 ct=112561 $0.00 
[387/450] ma-hmmt_feb_2026-25 xhigh r3 rt=131072 ct=131072 $0.00 
[388/450] ma-hmmt_feb_2026-29 xhigh r3 rt=131072 ct=131072 $0.00 
[389/450] ma-aime_2026-15 xhigh r3 rt=131072 ct=131072 $0.00 
[390/450] if-21 xhigh r3 rt=919 ct=939 $0.00 
[391/450] if-30 xhigh r3 rt=1587 ct=1689 $0.00 
[392/450] if-60 xhigh r3 rt=291 ct=353 $0.00 
[393/450] ma-hmmt_feb_2026-24 xhigh r3 rt=20698 ct=21660 $0.00 
[394/450] if-69 xhigh r3 rt=2805 ct=3238 $0.00 
[395/450] if-78 xhigh r3 rt=2621 ct=2901 $0.00 
[396/450] if-91 xhigh r3 rt=1211 ct=1221 $0.00 
[397/450] if-110 xhigh r3 rt=6772 ct=6922 $0.00 
[398/450] ma-hmmt_feb_2026-6 xhigh r3 rt=44954 ct=45767 $0.00 
[399/450] if-125 xhigh r3 rt=9628 ct=9646 $0.00 
[400/450] if-135 xhigh r3 rt=5357 ct=5508 $0.00 
[401/450] if-140 xhigh r3 rt=1573 ct=2499 $0.00 
[402/450] if-156 xhigh r3 rt=1741 ct=1911 $0.00 
[403/450] if-173 xhigh r3 rt=2703 ct=2747 $0.00 
[404/450] rg-number_sequence-125 xhigh r3 rt=63273 ct=63357 $0.00 
[405/450] if-198 xhigh r3 rt=1654 ct=1782 $0.00 
[406/450] if-11 xhigh r3 rt=35434 ct=35859 $0.00 
[407/450] if-164 xhigh r3 rt=10822 ct=11156 $0.00 
[408/450] if-236 xhigh r3 rt=1557 ct=1831 $0.00 
[409/450] if-244 xhigh r3 rt=3016 ct=3312 $0.00 
[410/450] if-184 xhigh r3 rt=14984 ct=15077 $0.00 
[411/450] if-266 xhigh r3 rt=12774 ct=12874 $0.00 
[412/450] if-293 xhigh r3 rt=264 ct=561 $0.00 
[413/450] if-299 xhigh r3 rt=1997 ct=2068 $0.00 
[414/450] bfcl-live_multiple_71-31-0 xhigh r3 rt=99 ct=185 $0.00 
[415/450] bfcl-live_multiple_203-90-5 xhigh r3 rt=77 ct=127 $0.00 
[416/450] bfcl-live_multiple_390-137-8 xhigh r3 rt=58 ct=108 $0.00 
[417/450] bfcl-live_multiple_501-148-11 xhigh r3 rt=69 ct=137 $0.00 
[418/450] bfcl-live_multiple_658-162-0 xhigh r3 rt=1730 ct=1798 $0.00 
[419/450] bfcl-live_multiple_832-178-7 xhigh r3 rt=69 ct=144 $0.00 
[420/450] bfcl-live_multiple_901-185-11 xhigh r3 rt=70 ct=133 $0.00 
[421/450] bfcl-live_multiple_949-199-0 xhigh r3 rt=123 ct=190 $0.00 
[422/450] bfcl-live_multiple_970-211-0 xhigh r3 rt=370 ct=438 $0.00 
[423/450] bfcl-live_multiple_1007-236-0 xhigh r3 rt=44 ct=75 $0.00 
[424/450] bfcl-live_simple_25-5-3 xhigh r3 rt=86 ct=120 $0.00 
[425/450] bfcl-live_simple_61-29-1 xhigh r3 rt=60 ct=104 $0.00 
[426/450] bfcl-live_simple_98-58-0 xhigh r3 rt=88 ct=157 $0.00 
[427/450] bfcl-live_simple_126-82-0 xhigh r3 rt=88 ct=180 $0.00 
[428/450] bfcl-live_simple_137-90-0 xhigh r3 rt=81 ct=157 $0.00 
[429/450] bfcl-live_simple_150-95-7 xhigh r3 rt=84 ct=132 $0.00 
[430/450] bfcl-live_simple_191-115-1 xhigh r3 rt=46 ct=106 $0.00 
[431/450] bfcl-live_simple_210-117-2 xhigh r3 rt=53 ct=114 $0.00 
[432/450] bfcl-live_simple_228-119-0 xhigh r3 rt=54 ct=88 $0.00 
[433/450] bfcl-live_simple_237-125-0 xhigh r3 rt=89 ct=128 $0.00 
[434/450] if-150 xhigh r3 rt=39067 ct=39193 $0.00 
[435/450] bfcl-irrelevance_101 xhigh r3 rt=334 ct=864 $0.00 
[436/450] bfcl-irrelevance_115 xhigh r3 rt=167 ct=266 $0.00 
[437/450] bfcl-irrelevance_167 xhigh r3 rt=114 ct=151 $0.00 
[438/450] bfcl-irrelevance_218 xhigh r3 rt=134 ct=187 $0.00 
[439/450] bfcl-live_parallel_multiple_1-1-0 xhigh r3 rt=58 ct=145 $0.00 
[440/450] bfcl-live_parallel_multiple_3-2-1 xhigh r3 rt=167 ct=320 $0.00 
[441/450] bfcl-live_parallel_multiple_13-11-0 xhigh r3 rt=195 ct=279 $0.00 
[442/450] bfcl-live_parallel_multiple_15-13-0 xhigh r3 rt=53 ct=133 $0.00 
[443/450] bfcl-live_parallel_multiple_18-16-0 xhigh r3 rt=106 ct=239 $0.00 
[444/450] bfcl-live_parallel_multiple_21-18-0 xhigh r3 rt=317 ct=427 $0.00 
[445/450] if-210 xhigh r3 rt=35490 ct=35568 $0.00 
[446/450] if-278 xhigh r3 rt=33551 ct=33626 $0.00 
[447/450] ma-hmmt_feb_2026-28 xhigh r3 rt=101924 ct=103122 $0.00 
[448/450] ma-hmmt_feb_2026-10 xhigh r3 rt=131072 ct=131072 $0.00 
[449/450] ma-hmmt_feb_2026-19 xhigh r3 rt=131072 ct=131072 $0.00 
[450/450] if-230 xhigh r3 rt=114669 ct=115057 $0.00 
done in 433.0 min: ok=300 skip=150 err=0 cost=$0.00
[06:05:56][1] === STAGE: --efforts xhigh --repeats 3 ===
150 tasks x ['xhigh'] x 3 = 450 calls, concurrency 8
done in 0.0 min: ok=0 skip=450 err=0 cost=$0.00
[06:05:56][1] === STAGE: --efforts off low medium --repeats 1 ===
150 tasks x ['off', 'low', 'medium'] x 1 = 450 calls, concurrency 8
done in 0.0 min: ok=0 skip=450 err=0 cost=$0.00
[06:05:56][1] ALL DONE: mirai-s half 1
[06:05:56][1] stopping server 1606872
