40 tasks x ['xhigh'] x 3 = 120 calls, concurrency 8
[1/120] rg-intermediate_integration-004 xhigh r1 rt=229 ct=434 $0.00 
[2/120] rg-intermediate_integration-002 xhigh r1 rt=369 ct=452 $0.00 
[3/120] rg-intermediate_integration-001 xhigh r1 rt=500 ct=856 $0.01 
[4/120] rg-intermediate_integration-007 xhigh r1 rt=358 ct=648 $0.01 
[5/120] rg-intermediate_integration-008 xhigh r1 rt=537 ct=687 $0.01 
[6/120] rg-intermediate_integration-006 xhigh r1 rt=440 ct=1002 $0.01 
[7/120] rg-intermediate_integration-005 xhigh r1 rt=1153 ct=1810 $0.02 
[8/120] rg-intermediate_integration-009 xhigh r1 rt=561 ct=960 $0.02 
[9/120] rg-propositional_logic-000 xhigh r1 rt=1249 ct=1290 $0.03 
[10/120] rg-propositional_logic-003 xhigh r1 rt=1203 ct=1205 $0.03 
[11/120] rg-propositional_logic-006 xhigh r1 rt=377 ct=379 $0.03 
[12/120] rg-intermediate_integration-000 xhigh r1 rt=2590 ct=3333 $0.04 
[13/120] rg-intermediate_integration-003 xhigh r1 rt=1423 ct=2473 $0.05 
[14/120] rg-propositional_logic-009 xhigh r1 rt=197 ct=190 $0.05 
[15/120] rg-propositional_logic-004 xhigh r1 rt=2676 ct=2807 $0.06 
[16/120] rg-word_ladder-000 xhigh r1 rt=629 ct=671 $0.06 
[17/120] rg-word_ladder-001 xhigh r1 rt=567 ct=731 $0.06 
[18/120] rg-word_ladder-003 xhigh r1 rt=448 ct=556 $0.06 
[19/120] rg-word_ladder-002 xhigh r1 rt=1114 ct=1284 $0.07 
[20/120] rg-propositional_logic-002 xhigh r1 rt=7025 ct=6868 $0.09 
[21/120] rg-propositional_logic-007 xhigh r1 rt=3671 ct=3612 $0.10 
[22/120] rg-propositional_logic-005 xhigh r1 rt=5353 ct=5049 $0.11 
[23/120] rg-number_sequence-001 xhigh r1 rt=192 ct=318 $0.11 
[24/120] rg-number_sequence-002 xhigh r1 rt=37 ct=52 $0.11 
[25/120] rg-word_ladder-007 xhigh r1 rt=1020 ct=1379 $0.12 
[26/120] rg-number_sequence-003 xhigh r1 rt=62 ct=89 $0.12 
[27/120] rg-number_sequence-004 xhigh r1 rt=66 ct=83 $0.12 
[28/120] rg-word_ladder-005 xhigh r1 rt=1634 ct=2504 $0.13 
[29/120] rg-word_ladder-004 xhigh r1 rt=3724 ct=5452 $0.14 
[30/120] rg-number_sequence-000 xhigh r1 rt=861 ct=1540 $0.15 
[31/120] rg-number_sequence-007 xhigh r1 rt=532 ct=1044 $0.15 
[32/120] rg-propositional_logic-008 xhigh r1 rt=6523 ct=6736 $0.17 
[33/120] rg-number_sequence-005 xhigh r1 rt=1327 ct=2784 $0.18 
[34/120] rg-propositional_logic-001 xhigh r1 rt=11519 ct=12331 $0.22 
[35/120] rg-intermediate_integration-000 xhigh r2 rt=2004 ct=2474 $0.22 
[36/120] rg-intermediate_integration-002 xhigh r2 rt=501 ct=895 $0.23 
[37/120] rg-intermediate_integration-003 xhigh r2 rt=365 ct=714 $0.23 
[38/120] rg-rush_hour-002 xhigh r1 rt=4382 ct=5498 $0.24 
[39/120] rg-intermediate_integration-004 xhigh r2 rt=373 ct=844 $0.25 
[40/120] rg-intermediate_integration-006 xhigh r2 rt=273 ct=542 $0.25 
[41/120] rg-intermediate_integration-005 xhigh r2 rt=1007 ct=1567 $0.25 
[42/120] rg-intermediate_integration-001 xhigh r2 rt=2387 ct=3834 $0.26 
[43/120] rg-intermediate_integration-008 xhigh r2 rt=225 ct=323 $0.27 
[44/120] rg-intermediate_integration-007 xhigh r2 rt=472 ct=762 $0.27 
[45/120] rg-intermediate_integration-009 xhigh r2 rt=440 ct=720 $0.27 
[46/120] rg-propositional_logic-000 xhigh r2 rt=1217 ct=1235 $0.27 
[47/120] rg-propositional_logic-003 xhigh r2 rt=663 ct=688 $0.28 
[48/120] rg-word_ladder-006 xhigh r1 rt=11354 ct=16052 $0.32 
[49/120] rg-propositional_logic-002 xhigh r2 rt=4026 ct=4150 $0.34 
[50/120] rg-propositional_logic-006 xhigh r2 rt=264 ct=277 $0.34 
[51/120] rg-propositional_logic-004 xhigh r2 rt=3441 ct=3556 $0.35 
[52/120] rg-propositional_logic-005 xhigh r2 rt=1955 ct=1873 $0.35 
[53/120] rg-propositional_logic-009 xhigh r2 rt=130 ct=134 $0.35 
[54/120] rg-propositional_logic-008 xhigh r2 rt=617 ct=640 $0.36 
[55/120] rg-word_ladder-000 xhigh r2 rt=640 ct=718 $0.36 
[56/120] rg-propositional_logic-007 xhigh r2 rt=3861 ct=3836 $0.37 
[57/120] rg-word_ladder-001 xhigh r2 rt=1858 ct=2807 $0.38 
[58/120] rg-word_ladder-003 xhigh r2 rt=1206 ct=1872 $0.38 
[59/120] rg-word_ladder-004 xhigh r2 rt=1135 ct=1567 $0.39 
[60/120] rg-word_ladder-002 xhigh r2 rt=2150 ct=2863 $0.40 
[61/120] rg-word_ladder-006 xhigh r2 rt=880 ct=1159 $0.40 
[62/120] rg-number_sequence-000 xhigh r2 rt=764 ct=1640 $0.41 
[63/120] rg-number_sequence-001 xhigh r2 rt=90 ct=169 $0.41 
[64/120] rg-word_ladder-005 xhigh r2 rt=1744 ct=2758 $0.41 
[65/120] rg-number_sequence-002 xhigh r2 rt=70 ct=83 $0.41 
[66/120] rg-number_sequence-004 xhigh r2 rt=42 ct=59 $0.41 
[67/120] rg-number_sequence-003 xhigh r2 rt=48 ct=81 $0.41 
[68/120] rg-propositional_logic-001 xhigh r2 rt=15613 ct=16254 $0.46 
[69/120] rg-number_sequence-007 xhigh r2 rt=255 ct=584 $0.46 
[70/120] rg-rush_hour-000 xhigh r1 rt=21534 ct=29184 $0.55 
[71/120] rg-word_ladder-007 xhigh r2 rt=9459 ct=11522 $0.59 
[72/120] rg-number_sequence-006 xhigh r1 rt=22474 ct=35377 $0.69 
[73/120] rg-number_sequence-005 xhigh r2 rt=6636 ct=13059 $0.73 
[74/120] rg-rush_hour-002 xhigh r2 rt=2180 ct=2884 $0.74 
[75/120] rg-intermediate_integration-000 xhigh r3 rt=873 ct=1264 $0.74 
[76/120] rg-intermediate_integration-001 xhigh r3 rt=834 ct=1388 $0.75 
[77/120] rg-intermediate_integration-002 xhigh r3 rt=428 ct=543 $0.75 
[78/120] rg-intermediate_integration-003 xhigh r3 rt=249 ct=437 $0.75 
[79/120] rg-rush_hour-001 xhigh r1 rt=30939 ct=40550 $0.87 
[80/120] rg-intermediate_integration-006 xhigh r3 rt=567 ct=806 $0.87 
[81/120] rg-intermediate_integration-004 xhigh r3 rt=925 ct=1493 $0.88 
[82/120] rg-intermediate_integration-008 xhigh r3 rt=364 ct=458 $0.88 
[83/120] rg-intermediate_integration-007 xhigh r3 rt=694 ct=1123 $0.88 
[84/120] rg-propositional_logic-000 xhigh r3 rt=259 ct=272 $0.88 
[85/120] rg-intermediate_integration-009 xhigh r3 rt=579 ct=942 $0.89 
[86/120] rg-intermediate_integration-005 xhigh r3 rt=3775 ct=6448 $0.91 
[87/120] rg-rush_hour-003 xhigh r1 rt=25679 ct=36939 $1.01 
[88/120] rg-rush_hour-000 xhigh r2 rt=17707 ct=24196 $1.09 
[89/120] rg-propositional_logic-005 xhigh r3 rt=1010 ct=962 $1.09 
[90/120] rg-number_sequence-006 xhigh r2 rt=12341 ct=19299 $1.15 
[91/120] rg-propositional_logic-006 xhigh r3 rt=320 ct=346 $1.15 
[92/120] rg-propositional_logic-003 xhigh r3 rt=4225 ct=4168 $1.16 
[93/120] rg-propositional_logic-009 xhigh r3 rt=162 ct=163 $1.16 
[94/120] rg-word_ladder-000 xhigh r3 rt=278 ct=316 $1.16 
[95/120] rg-word_ladder-001 xhigh r3 rt=2028 ct=3126 $1.17 
[96/120] rg-propositional_logic-007 xhigh r3 rt=3466 ct=3366 $1.18 
[97/120] rg-propositional_logic-002 xhigh r3 rt=8446 ct=8309 $1.21 
[98/120] rg-word_ladder-003 xhigh r3 rt=429 ct=551 $1.21 
[99/120] rg-word_ladder-002 xhigh r3 rt=557 ct=679 $1.21 
[100/120] rg-propositional_logic-008 xhigh r3 rt=3085 ct=3246 $1.22 
[101/120] rg-propositional_logic-004 xhigh r3 rt=8993 ct=9166 $1.25 
[102/120] rg-word_ladder-007 xhigh r3 rt=901 ct=1272 $1.25 
[103/120] rg-number_sequence-001 xhigh r3 rt=152 ct=246 $1.25 
[104/120] rg-number_sequence-002 xhigh r3 rt=78 ct=90 $1.25 
[105/120] rg-number_sequence-003 xhigh r3 rt=36 ct=56 $1.25 
[106/120] rg-number_sequence-004 xhigh r3 rt=39 ct=59 $1.25 
[107/120] rg-word_ladder-006 xhigh r3 rt=2440 ct=3898 $1.26 
[108/120] rg-number_sequence-000 xhigh r3 rt=1362 ct=2693 $1.27 
[109/120] rg-rush_hour-001 xhigh r2 rt=26037 ct=34707 $1.38 
[110/120] rg-number_sequence-007 xhigh r3 rt=720 ct=1488 $1.38 
[111/120] rg-word_ladder-005 xhigh r3 rt=4791 ct=7289 $1.40 
[112/120] rg-propositional_logic-001 xhigh r3 rt=21159 ct=22427 $1.47 
[113/120] rg-number_sequence-005 xhigh r3 rt=2444 ct=4943 $1.48 
[114/120] rg-rush_hour-002 xhigh r3 rt=6193 ct=7073 $1.50 
[115/120] rg-rush_hour-001 xhigh r3 rt=11810 ct=16193 $1.55 
[116/120] rg-word_ladder-004 xhigh r3 rt=13656 ct=20253 $1.61 
[117/120] rg-rush_hour-003 xhigh r2 rt=23387 ct=34874 $1.72 
[118/120] rg-number_sequence-006 xhigh r3 rt=22226 ct=37006 $1.83 
[119/120] rg-rush_hour-000 xhigh r3 rt=20623 ct=26483 $1.90 
[120/120] rg-rush_hour-003 xhigh r3 rt=25558 ct=38240 $2.02 
done in 23.4 min: ok=120 skip=0 err=0 cost=$2.02
