100 tasks x ['off', 'low', 'medium'] x 1 = 300 calls, concurrency 12
[1/300] rg-propositional_logic-000 off r1 rt=0 ct=425 $0.00 
[2/300] rg-intermediate_integration-007 off r1 rt=0 ct=721 $0.00 
[3/300] rg-intermediate_integration-009 off r1 rt=0 ct=884 $0.01 
[4/300] rg-intermediate_integration-002 off r1 rt=0 ct=981 $0.01 
[5/300] rg-intermediate_integration-000 off r1 rt=0 ct=729 $0.01 
[6/300] rg-intermediate_integration-006 off r1 rt=0 ct=801 $0.01 
[7/300] rg-intermediate_integration-004 off r1 rt=0 ct=847 $0.02 
[8/300] rg-propositional_logic-006 off r1 rt=0 ct=211 $0.02 
[9/300] rg-intermediate_integration-003 off r1 rt=0 ct=1268 $0.02 
[10/300] rg-propositional_logic-009 off r1 rt=0 ct=86 $0.02 
[11/300] rg-propositional_logic-001 off r1 rt=0 ct=798 $0.02 
[12/300] rg-intermediate_integration-001 off r1 rt=0 ct=1457 $0.03 
[13/300] rg-word_ladder-000 off r1 rt=0 ct=188 $0.03 
[14/300] rg-intermediate_integration-005 off r1 rt=0 ct=1595 $0.03 
[15/300] rg-intermediate_integration-008 off r1 rt=0 ct=1234 $0.04 
[16/300] rg-propositional_logic-003 off r1 rt=0 ct=869 $0.04 
[17/300] rg-propositional_logic-004 off r1 rt=0 ct=934 $0.04 
[18/300] rg-word_ladder-001 off r1 rt=0 ct=699 $0.05 
[19/300] rg-propositional_logic-008 off r1 rt=0 ct=1188 $0.05 
[20/300] rg-propositional_logic-005 off r1 rt=0 ct=856 $0.05 
[21/300] rg-number_sequence-002 off r1 rt=0 ct=198 $0.05 
[22/300] rg-number_sequence-003 off r1 rt=0 ct=186 $0.05 
[23/300] rg-number_sequence-000 off r1 rt=0 ct=825 $0.05 
[24/300] rg-number_sequence-001 off r1 rt=0 ct=436 $0.06 
[25/300] rg-number_sequence-004 off r1 rt=0 ct=316 $0.06 
[26/300] rg-propositional_logic-007 off r1 rt=0 ct=2404 $0.06 
[27/300] rg-word_ladder-005 off r1 rt=0 ct=1115 $0.07 
[28/300] rg-word_ladder-007 off r1 rt=0 ct=1467 $0.07 
[29/300] rg-propositional_logic-002 off r1 rt=0 ct=2154 $0.08 
[30/300] rg-word_ladder-003 off r1 rt=0 ct=3275 $0.09 
[31/300] rg-number_sequence-007 off r1 rt=0 ct=1788 $0.09 
[32/300] rg-word_ladder-002 off r1 rt=0 ct=2524 $0.10 
[33/300] ma-hmmt_feb_2026-4 off r1 rt=0 ct=2370 $0.11 
[34/300] rg-number_sequence-006 off r1 rt=0 ct=4931 $0.12 
[35/300] rg-rush_hour-002 off r1 rt=0 ct=4083 $0.14 
[36/300] ma-hmmt_feb_2026-11 off r1 rt=0 ct=1852 $0.14 
[37/300] rg-number_sequence-005 off r1 rt=0 ct=4162 $0.15 
[38/300] rg-word_ladder-004 off r1 rt=0 ct=6962 $0.17 
[39/300] ma-hmmt_feb_2026-14 off r1 rt=0 ct=1678 $0.18 
[40/300] ma-hmmt_feb_2026-7 off r1 rt=0 ct=6546 $0.20 
[41/300] rg-rush_hour-001 off r1 rt=0 ct=9949 $0.23 
[42/300] rg-rush_hour-003 off r1 rt=0 ct=10709 $0.26 
[43/300] ma-hmmt_feb_2026-9 off r1 rt=0 ct=8033 $0.28 
[44/300] ma-hmmt_feb_2026-5 off r1 rt=0 ct=10102 $0.31 
[45/300] ma-hmmt_feb_2026-13 off r1 rt=0 ct=7866 $0.34 
[46/300] rg-word_ladder-006 off r1 rt=0 ct=16849 $0.39 
[47/300] if-18 off r1 rt=0 ct=15 $0.39 
[48/300] ma-hmmt_feb_2026-30 off r1 rt=0 ct=6074 $0.41 
[49/300] if-44 off r1 rt=0 ct=129 $0.41 
[50/300] if-89 off r1 rt=0 ct=48 $0.41 
[51/300] ma-aime_2026-2 off r1 rt=0 ct=3777 $0.42 
[52/300] if-97 off r1 rt=0 ct=121 $0.42 
[53/300] if-99 off r1 rt=0 ct=144 $0.42 
[54/300] ma-hmmt_feb_2026-26 off r1 rt=0 ct=9270 $0.45 
[55/300] rg-rush_hour-000 off r1 rt=0 ct=12555 $0.48 
[56/300] if-170 off r1 rt=0 ct=44 $0.48 
[57/300] ma-aime_2026-21 off r1 rt=0 ct=5029 $0.50 
[58/300] if-197 off r1 rt=0 ct=127 $0.50 
[59/300] if-209 off r1 rt=0 ct=17 $0.50 
[60/300] if-160 off r1 rt=0 ct=187 $0.50 
[61/300] if-49 off r1 rt=0 ct=794 $0.50 
[62/300] if-221 off r1 rt=0 ct=221 $0.50 
[63/300] if-248 off r1 rt=0 ct=18 $0.50 
[64/300] if-268 off r1 rt=0 ct=43 $0.50 
[65/300] if-283 off r1 rt=0 ct=11 $0.50 
[66/300] if-239 off r1 rt=0 ct=529 $0.50 
[67/300] if-245 off r1 rt=0 ct=389 $0.51 
[68/300] bfcl-live_multiple_121-46-0 off r1 rt=0 ct=116 $0.51 
[69/300] bfcl-live_multiple_286-129-1 off r1 rt=0 ct=81 $0.51 
[70/300] bfcl-live_multiple_316-132-6 off r1 rt=0 ct=61 $0.51 
[71/300] if-5 off r1 rt=0 ct=1168 $0.51 
[72/300] bfcl-live_multiple_562-155-2 off r1 rt=0 ct=45 $0.51 
[73/300] bfcl-live_multiple_607-159-0 off r1 rt=0 ct=65 $0.51 
[74/300] bfcl-live_multiple_628-160-8 off r1 rt=0 ct=47 $0.51 
[75/300] bfcl-live_multiple_1030-258-0 off r1 rt=0 ct=33 $0.51 
[76/300] bfcl-live_multiple_802-175-8 off r1 rt=0 ct=53 $0.51 
[77/300] bfcl-live_simple_4-3-0 off r1 rt=0 ct=43 $0.51 
[78/300] bfcl-live_simple_158-95-15 off r1 rt=0 ct=35 $0.51 
[79/300] bfcl-live_simple_173-99-7 off r1 rt=0 ct=29 $0.51 
[80/300] bfcl-live_simple_176-102-0 off r1 rt=0 ct=28 $0.52 
[81/300] bfcl-live_simple_118-74-0 off r1 rt=0 ct=42 $0.52 
[82/300] if-205 off r1 rt=0 ct=988 $0.52 
[83/300] bfcl-live_simple_180-105-0 off r1 rt=0 ct=55 $0.52 
[84/300] bfcl-live_simple_222-117-14 off r1 rt=0 ct=65 $0.52 
[85/300] bfcl-live_simple_234-123-1 off r1 rt=0 ct=146 $0.52 
[86/300] bfcl-irrelevance_149 off r1 rt=0 ct=164 $0.52 
[87/300] if-204 off r1 rt=0 ct=1825 $0.53 
[88/300] bfcl-live_parallel_multiple_7-6-0 off r1 rt=0 ct=84 $0.53 
[89/300] bfcl-irrelevance_1 off r1 rt=0 ct=464 $0.53 
[90/300] bfcl-irrelevance_221 off r1 rt=0 ct=358 $0.53 
[91/300] bfcl-live_parallel_multiple_4-3-0 off r1 rt=0 ct=135 $0.53 
[92/300] bfcl-live_parallel_multiple_16-14-0 off r1 rt=0 ct=57 $0.53 
[93/300] bfcl-live_parallel_multiple_19-16-1 off r1 rt=0 ct=131 $0.53 
[94/300] bfcl-irrelevance_81 off r1 rt=0 ct=641 $0.53 
[95/300] rg-intermediate_integration-000 low r1 rt=151 ct=516 $0.53 
[96/300] rg-intermediate_integration-002 low r1 rt=303 ct=885 $0.54 
[97/300] ma-aime_2026-30 off r1 rt=0 ct=7711 $0.56 
[98/300] rg-intermediate_integration-004 low r1 rt=193 ct=898 $0.56 
[99/300] rg-intermediate_integration-006 low r1 rt=202 ct=817 $0.57 
[100/300] rg-intermediate_integration-003 low r1 rt=194 ct=815 $0.57 
[101/300] rg-intermediate_integration-005 low r1 rt=407 ct=1425 $0.57 
[102/300] if-124 off r1 rt=0 ct=3205 $0.58 
[103/300] ma-hmmt_feb_2026-32 off r1 rt=0 ct=6082 $0.60 
[104/300] rg-propositional_logic-000 low r1 rt=87 ct=258 $0.60 
[105/300] rg-intermediate_integration-001 low r1 rt=851 ct=2111 $0.61 
[106/300] rg-intermediate_integration-008 low r1 rt=284 ct=704 $0.61 
[107/300] rg-propositional_logic-006 low r1 rt=107 ct=186 $0.61 
[108/300] ma-hmmt_feb_2026-29 off r1 rt=0 ct=9812 $0.64 
[109/300] rg-intermediate_integration-009 low r1 rt=290 ct=853 $0.64 
[110/300] rg-propositional_logic-005 low r1 rt=298 ct=372 $0.64 
[111/300] rg-propositional_logic-001 low r1 rt=297 ct=500 $0.64 
[112/300] rg-propositional_logic-003 low r1 rt=462 ct=665 $0.65 
[113/300] rg-propositional_logic-009 low r1 rt=162 ct=214 $0.65 
[114/300] rg-intermediate_integration-007 low r1 rt=340 ct=931 $0.65 
[115/300] rg-word_ladder-000 low r1 rt=165 ct=283 $0.65 
[116/300] rg-propositional_logic-007 low r1 rt=379 ct=436 $0.65 
[117/300] rg-propositional_logic-002 low r1 rt=926 ct=1064 $0.66 
[118/300] rg-propositional_logic-004 low r1 rt=535 ct=886 $0.66 
[119/300] rg-propositional_logic-008 low r1 rt=351 ct=634 $0.66 
[120/300] rg-number_sequence-002 low r1 rt=63 ct=138 $0.66 
[121/300] rg-word_ladder-002 low r1 rt=264 ct=506 $0.66 
[122/300] rg-number_sequence-001 low r1 rt=87 ct=343 $0.66 
[123/300] rg-word_ladder-004 low r1 rt=290 ct=502 $0.67 
[124/300] rg-number_sequence-003 low r1 rt=61 ct=192 $0.67 
[125/300] rg-number_sequence-004 low r1 rt=71 ct=201 $0.67 
[126/300] rg-word_ladder-001 low r1 rt=370 ct=667 $0.67 
[127/300] rg-number_sequence-000 low r1 rt=210 ct=603 $0.67 
[128/300] rg-word_ladder-005 low r1 rt=793 ct=1350 $0.67 
[129/300] rg-word_ladder-007 low r1 rt=584 ct=1003 $0.68 
[130/300] rg-word_ladder-003 low r1 rt=837 ct=1235 $0.68 
[131/300] rg-number_sequence-007 low r1 rt=224 ct=595 $0.68 
[132/300] rg-word_ladder-006 low r1 rt=1119 ct=1883 $0.69 
[133/300] rg-number_sequence-006 low r1 rt=519 ct=902 $0.69 
[134/300] rg-rush_hour-002 low r1 rt=1052 ct=1827 $0.70 
[135/300] ma-hmmt_feb_2026-11 low r1 rt=554 ct=1138 $0.70 
[136/300] ma-hmmt_feb_2026-4 low r1 rt=596 ct=1844 $0.71 
[137/300] rg-number_sequence-005 low r1 rt=1327 ct=3090 $0.71 
[138/300] ma-hmmt_feb_2026-25 off r1 rt=0 ct=9550 $0.74 
[139/300] ma-hmmt_feb_2026-14 low r1 rt=1067 ct=2236 $0.75 
[140/300] rg-rush_hour-000 low r1 rt=2096 ct=3643 $0.76 
[141/300] ma-aime_2026-15 off r1 rt=0 ct=9246 $0.79 
[142/300] ma-hmmt_feb_2026-13 low r1 rt=2221 ct=3559 $0.80 
[143/300] ma-hmmt_feb_2026-32 low r1 rt=1462 ct=4144 $0.81 
[144/300] rg-rush_hour-003 low r1 rt=6717 ct=10555 $0.84 
[145/300] rg-rush_hour-001 low r1 rt=4552 ct=8549 $0.87 
[146/300] ma-hmmt_feb_2026-26 low r1 rt=5024 ct=10273 $0.90 
[147/300] ma-aime_2026-2 low r1 rt=1680 ct=4273 $0.91 
[148/300] if-18 low r1 rt=351 ct=385 $0.91 
[149/300] if-5 low r1 rt=691 ct=1910 $0.92 
[150/300] if-44 low r1 rt=1213 ct=1685 $0.92 
[151/300] ma-aime_2026-21 low r1 rt=2064 ct=3944 $0.94 
[152/300] if-97 low r1 rt=202 ct=646 $0.94 
[153/300] if-99 low r1 rt=460 ct=653 $0.94 
[154/300] if-89 low r1 rt=2537 ct=3723 $0.95 
[155/300] if-49 low r1 rt=3218 ct=4882 $0.97 
[156/300] if-124 low r1 rt=2520 ct=4090 $0.98 
[157/300] if-160 low r1 rt=4165 ct=3959 $0.99 
[158/300] if-204 low r1 rt=1379 ct=2201 $1.00 
[159/300] if-197 low r1 rt=1703 ct=2260 $1.00 
[160/300] ma-hmmt_feb_2026-30 low r1 rt=6936 ct=14540 $1.05 
[161/300] if-170 low r1 rt=2258 ct=3728 $1.06 
[162/300] if-221 low r1 rt=701 ct=791 $1.06 
[163/300] if-245 low r1 rt=1221 ct=1483 $1.06 
[164/300] if-239 low r1 rt=1699 ct=2701 $1.07 
[165/300] if-283 low r1 rt=181 ct=227 $1.07 
[166/300] bfcl-live_multiple_121-46-0 low r1 rt=163 ct=299 $1.07 
[167/300] bfcl-live_multiple_286-129-1 low r1 rt=134 ct=162 $1.07 
[168/300] bfcl-live_multiple_316-132-6 low r1 rt=44 ct=110 $1.08 
[169/300] if-209 low r1 rt=3101 ct=4021 $1.09 
[170/300] bfcl-live_multiple_562-155-2 low r1 rt=55 ct=101 $1.09 
[171/300] bfcl-live_multiple_607-159-0 low r1 rt=64 ct=152 $1.09 
[172/300] bfcl-live_multiple_628-160-8 low r1 rt=119 ct=181 $1.09 
[173/300] bfcl-live_multiple_802-175-8 low r1 rt=49 ct=116 $1.09 
[174/300] bfcl-live_simple_4-3-0 low r1 rt=44 ct=87 $1.09 
[175/300] bfcl-live_multiple_1030-258-0 low r1 rt=93 ct=117 $1.09 
[176/300] bfcl-live_simple_118-74-0 low r1 rt=37 ct=71 $1.09 
[177/300] bfcl-live_simple_158-95-15 low r1 rt=64 ct=90 $1.09 
[178/300] bfcl-live_simple_173-99-7 low r1 rt=30 ct=56 $1.09 
[179/300] bfcl-live_simple_176-102-0 low r1 rt=201 ct=184 $1.09 
[180/300] bfcl-live_simple_180-105-0 low r1 rt=87 ct=144 $1.09 
[181/300] bfcl-live_simple_222-117-14 low r1 rt=47 ct=111 $1.10 
[182/300] bfcl-live_simple_234-123-1 low r1 rt=361 ct=441 $1.10 
[183/300] bfcl-irrelevance_1 low r1 rt=140 ct=424 $1.10 
[184/300] bfcl-irrelevance_149 low r1 rt=191 ct=369 $1.10 
[185/300] bfcl-irrelevance_81 low r1 rt=74 ct=418 $1.10 
[186/300] bfcl-live_parallel_multiple_4-3-0 low r1 rt=67 ct=169 $1.10 
[187/300] bfcl-live_parallel_multiple_7-6-0 low r1 rt=66 ct=158 $1.10 
[188/300] bfcl-live_parallel_multiple_16-14-0 low r1 rt=55 ct=111 $1.10 
[189/300] bfcl-irrelevance_221 low r1 rt=56 ct=515 $1.10 
[190/300] bfcl-live_parallel_multiple_19-16-1 low r1 rt=61 ct=238 $1.11 
[191/300] if-205 low r1 rt=7466 ct=11449 $1.14 
[192/300] rg-intermediate_integration-001 medium r1 rt=1326 ct=2934 $1.15 
[193/300] rg-intermediate_integration-002 medium r1 rt=384 ct=1004 $1.15 
[194/300] rg-intermediate_integration-003 medium r1 rt=319 ct=1124 $1.16 
[195/300] rg-intermediate_integration-004 medium r1 rt=214 ct=910 $1.16 
[196/300] rg-intermediate_integration-000 medium r1 rt=2367 ct=2935 $1.17 
[197/300] rg-intermediate_integration-005 medium r1 rt=428 ct=1462 $1.17 
[198/300] rg-intermediate_integration-007 medium r1 rt=304 ct=768 $1.17 
[199/300] rg-intermediate_integration-006 medium r1 rt=226 ct=914 $1.18 
[200/300] if-268 low r1 rt=7426 ct=12331 $1.21 
[201/300] rg-propositional_logic-000 medium r1 rt=149 ct=361 $1.21 
[202/300] rg-intermediate_integration-008 medium r1 rt=342 ct=725 $1.22 
[203/300] rg-propositional_logic-001 medium r1 rt=232 ct=424 $1.22 
[204/300] rg-intermediate_integration-009 medium r1 rt=329 ct=894 $1.22 
[205/300] ma-hmmt_feb_2026-5 low r1 rt=12307 ct=29430 $1.31 
[206/300] rg-propositional_logic-003 medium r1 rt=595 ct=905 $1.31 
[207/300] rg-propositional_logic-005 medium r1 rt=518 ct=626 $1.31 
[208/300] rg-propositional_logic-004 medium r1 rt=581 ct=1024 $1.32 
[209/300] rg-propositional_logic-006 medium r1 rt=123 ct=208 $1.32 
[210/300] ma-hmmt_feb_2026-29 low r1 rt=20401 ct=35683 $1.42 
[211/300] rg-propositional_logic-009 medium r1 rt=114 ct=175 $1.42 
[212/300] rg-propositional_logic-002 medium r1 rt=1195 ct=1456 $1.43 
[213/300] rg-propositional_logic-007 medium r1 rt=479 ct=591 $1.43 
[214/300] rg-word_ladder-000 medium r1 rt=312 ct=453 $1.43 
[215/300] rg-propositional_logic-008 medium r1 rt=216 ct=493 $1.43 
[216/300] rg-word_ladder-003 medium r1 rt=324 ct=547 $1.43 
[217/300] rg-word_ladder-002 medium r1 rt=995 ct=1768 $1.44 
[218/300] rg-word_ladder-007 medium r1 rt=540 ct=859 $1.44 
[219/300] rg-number_sequence-001 medium r1 rt=170 ct=483 $1.44 
[220/300] rg-number_sequence-002 medium r1 rt=68 ct=193 $1.44 
[221/300] rg-number_sequence-003 medium r1 rt=64 ct=193 $1.44 
[222/300] rg-number_sequence-004 medium r1 rt=50 ct=183 $1.44 
[223/300] rg-number_sequence-000 medium r1 rt=383 ct=997 $1.45 
[224/300] rg-number_sequence-006 medium r1 rt=374 ct=750 $1.45 
[225/300] rg-number_sequence-005 medium r1 rt=348 ct=1036 $1.45 
[226/300] rg-number_sequence-007 medium r1 rt=298 ct=787 $1.46 
[227/300] ma-hmmt_feb_2026-9 low r1 rt=20425 ct=44117 $1.59 
[228/300] rg-word_ladder-001 medium r1 rt=2416 ct=3563 $1.60 
[229/300] if-248 low r1 rt=7151 ct=11121 $1.63 
[230/300] rg-word_ladder-006 medium r1 rt=2460 ct=3823 $1.64 
[231/300] ma-hmmt_feb_2026-25 low r1 rt=28203 ct=44553 $1.77 
[232/300] rg-rush_hour-002 medium r1 rt=1264 ct=2689 $1.78 
[233/300] ma-hmmt_feb_2026-7 low r1 rt=17944 ct=37864 $1.89 
[234/300] ma-hmmt_feb_2026-11 medium r1 rt=856 ct=2045 $1.90 
[235/300] ma-aime_2026-30 low r1 rt=17938 ct=35785 $2.01 
[236/300] ma-hmmt_feb_2026-14 medium r1 rt=1974 ct=3631 $2.02 
[237/300] ma-hmmt_feb_2026-13 medium r1 rt=4765 ct=7619 $2.04 
[238/300] rg-rush_hour-001 medium r1 rt=9683 ct=19028 $2.10 
[239/300] rg-rush_hour-000 medium r1 rt=12086 ct=19563 $2.16 
[240/300] ma-aime_2026-15 low r1 rt=21880 ct=43178 $2.28 
[241/300] ma-hmmt_feb_2026-4 medium r1 rt=7051 ct=16190 $2.33 
[242/300] rg-rush_hour-003 medium r1 rt=13839 ct=21960 $2.40 
[243/300] rg-word_ladder-005 medium r1 rt=13961 ct=21908 $2.46 
[244/300] ma-hmmt_feb_2026-9 medium r1 rt=7711 ct=17084 $2.51 
[245/300] ma-hmmt_feb_2026-30 medium r1 rt=2559 ct=6005 $2.53 
[246/300] ma-hmmt_feb_2026-25 medium r1 rt=8498 ct=12887 $2.57 
[247/300] ma-hmmt_feb_2026-26 medium r1 rt=3074 ct=6857 $2.59 
[248/300] ma-aime_2026-2 medium r1 rt=1471 ct=4106 $2.60 
[249/300] if-18 medium r1 rt=799 ct=909 $2.60 
[250/300] if-5 medium r1 rt=826 ct=2064 $2.61 
[251/300] ma-hmmt_feb_2026-32 medium r1 rt=5731 ct=9696 $2.64 
[252/300] if-97 medium r1 rt=709 ct=951 $2.64 
[253/300] if-44 medium r1 rt=1374 ct=2033 $2.65 
[254/300] if-99 medium r1 rt=922 ct=1071 $2.65 
[255/300] ma-aime_2026-21 medium r1 rt=8379 ct=10868 $2.68 
[256/300] if-89 medium r1 rt=3148 ct=4463 $2.70 
[257/300] if-170 medium r1 rt=2530 ct=4606 $2.71 
[258/300] if-160 medium r1 rt=4229 ct=4498 $2.72 
[259/300] if-197 medium r1 rt=2468 ct=2972 $2.73 
[260/300] ma-hmmt_feb_2026-5 medium r1 rt=15282 ct=36017 $2.84 
[261/300] if-204 medium r1 rt=3436 ct=4731 $2.85 
[262/300] if-221 medium r1 rt=2135 ct=2058 $2.86 
[263/300] if-239 medium r1 rt=5507 ct=7183 $2.88 
[264/300] if-49 medium r1 rt=7769 ct=10496 $2.91 
[265/300] if-283 medium r1 rt=227 ct=303 $2.91 
[266/300] if-245 medium r1 rt=6425 ct=5951 $2.93 
[267/300] bfcl-live_multiple_121-46-0 medium r1 rt=243 ct=363 $2.93 
[268/300] bfcl-live_multiple_286-129-1 medium r1 rt=175 ct=208 $2.93 
[269/300] bfcl-live_multiple_316-132-6 medium r1 rt=51 ct=118 $2.94 
[270/300] bfcl-live_multiple_562-155-2 medium r1 rt=56 ct=101 $2.94 
[271/300] bfcl-live_multiple_607-159-0 medium r1 rt=132 ct=229 $2.94 
[272/300] bfcl-live_multiple_802-175-8 medium r1 rt=47 ct=114 $2.94 
[273/300] bfcl-live_multiple_628-160-8 medium r1 rt=142 ct=205 $2.94 
[274/300] bfcl-live_multiple_1030-258-0 medium r1 rt=102 ct=123 $2.94 
[275/300] bfcl-live_simple_4-3-0 medium r1 rt=52 ct=96 $2.94 
[276/300] bfcl-live_simple_158-95-15 medium r1 rt=90 ct=123 $2.94 
[277/300] bfcl-live_simple_118-74-0 medium r1 rt=63 ct=103 $2.94 
[278/300] ma-aime_2026-30 medium r1 rt=12671 ct=27509 $3.02 
[279/300] bfcl-live_simple_173-99-7 medium r1 rt=42 ct=62 $3.02 
[280/300] if-124 medium r1 rt=9872 ct=16674 $3.07 
[281/300] bfcl-live_simple_176-102-0 medium r1 rt=281 ct=252 $3.07 
[282/300] bfcl-live_simple_222-117-14 medium r1 rt=48 ct=117 $3.07 
[283/300] bfcl-live_simple_180-105-0 medium r1 rt=171 ct=231 $3.08 
[284/300] bfcl-live_simple_234-123-1 medium r1 rt=330 ct=365 $3.08 
[285/300] bfcl-irrelevance_81 medium r1 rt=59 ct=512 $3.08 
[286/300] bfcl-irrelevance_149 medium r1 rt=205 ct=389 $3.08 
[287/300] bfcl-live_parallel_multiple_4-3-0 medium r1 rt=124 ct=219 $3.08 
[288/300] bfcl-irrelevance_1 medium r1 rt=160 ct=481 $3.08 
[289/300] bfcl-live_parallel_multiple_7-6-0 medium r1 rt=59 ct=155 $3.08 
[290/300] bfcl-irrelevance_221 medium r1 rt=124 ct=476 $3.08 
[291/300] bfcl-live_parallel_multiple_16-14-0 medium r1 rt=74 ct=133 $3.08 
[292/300] bfcl-live_parallel_multiple_19-16-1 medium r1 rt=60 ct=200 $3.09 
[293/300] ma-hmmt_feb_2026-7 medium r1 rt=22818 ct=38752 $3.20 
[294/300] ma-hmmt_feb_2026-29 medium r1 rt=15741 ct=30379 $3.29 
[295/300] if-209 medium r1 rt=9526 ct=13159 $3.33 
[296/300] if-205 medium r1 rt=10592 ct=14839 $3.37 
[297/300] if-268 medium r1 rt=5264 ct=9607 $3.40 
[298/300] ma-aime_2026-15 medium r1 rt=32035 ct=43983 $3.53 
[299/300] if-248 medium r1 rt=10031 ct=16225 $3.58 
[300/300] rg-word_ladder-004 medium r1 rt=39323 ct=65909 $3.78 
done in 31.9 min: ok=300 skip=0 err=0 cost=$3.78
