200 tasks x ['xhigh'] x 3 = 600 calls, concurrency 10
[1/600] rg-intermediate_integration-116 xhigh r1 rt=521 ct=819 $0.00 
[2/600] rg-intermediate_integration-111 xhigh r1 rt=841 ct=1139 $0.01 
[3/600] rg-intermediate_integration-110 xhigh r1 rt=626 ct=1253 $0.01 
[4/600] rg-intermediate_integration-113 xhigh r1 rt=791 ct=1653 $0.01 
[5/600] rg-intermediate_integration-122 xhigh r1 rt=520 ct=738 $0.02 
[6/600] rg-intermediate_integration-120 xhigh r1 rt=429 ct=927 $0.02 
[7/600] rg-intermediate_integration-123 xhigh r1 rt=303 ct=663 $0.02 
[8/600] rg-intermediate_integration-115 xhigh r1 rt=488 ct=869 $0.02 
[9/600] rg-intermediate_integration-118 xhigh r1 rt=1646 ct=2752 $0.03 
[10/600] rg-intermediate_integration-112 xhigh r1 rt=1426 ct=2305 $0.04 
[11/600] rg-intermediate_integration-119 xhigh r1 rt=759 ct=1080 $0.04 
[12/600] rg-intermediate_integration-128 xhigh r1 rt=480 ct=567 $0.05 
[13/600] rg-intermediate_integration-127 xhigh r1 rt=530 ct=960 $0.05 
[14/600] rg-intermediate_integration-114 xhigh r1 rt=1839 ct=2650 $0.06 
[15/600] rg-intermediate_integration-117 xhigh r1 rt=1387 ct=2436 $0.06 
[16/600] rg-intermediate_integration-125 xhigh r1 rt=1427 ct=2611 $0.07 
[17/600] rg-propositional_logic-114 xhigh r1 rt=216 ct=220 $0.07 
[18/600] rg-intermediate_integration-124 xhigh r1 rt=1154 ct=1771 $0.08 
[19/600] rg-intermediate_integration-121 xhigh r1 rt=2305 ct=3226 $0.09 
[20/600] rg-propositional_logic-117 xhigh r1 rt=361 ct=348 $0.09 
[21/600] rg-intermediate_integration-130 xhigh r1 rt=1183 ct=2025 $0.09 
[22/600] rg-propositional_logic-112 xhigh r1 rt=2558 ct=2681 $0.10 
[23/600] rg-intermediate_integration-126 xhigh r1 rt=1997 ct=3126 $0.11 
[24/600] rg-propositional_logic-110 xhigh r1 rt=2831 ct=3246 $0.12 
[25/600] rg-propositional_logic-123 xhigh r1 rt=151 ct=152 $0.12 
[26/600] rg-propositional_logic-124 xhigh r1 rt=88 ct=92 $0.12 
[27/600] rg-propositional_logic-121 xhigh r1 rt=529 ct=548 $0.12 
[28/600] rg-propositional_logic-122 xhigh r1 rt=672 ct=652 $0.13 
[29/600] rg-propositional_logic-118 xhigh r1 rt=1279 ct=1294 $0.13 
[30/600] rg-propositional_logic-120 xhigh r1 rt=1935 ct=1976 $0.14 
[31/600] rg-propositional_logic-126 xhigh r1 rt=2461 ct=2543 $0.14 
[32/600] rg-propositional_logic-111 xhigh r1 rt=6595 ct=6315 $0.16 
[33/600] rg-propositional_logic-116 xhigh r1 rt=3851 ct=4047 $0.17 
[34/600] rg-word_ladder-108 xhigh r1 rt=1015 ct=1333 $0.18 
[35/600] rg-word_ladder-109 xhigh r1 rt=528 ct=683 $0.18 
[36/600] rg-propositional_logic-125 xhigh r1 rt=4573 ct=4640 $0.19 
[37/600] rg-word_ladder-113 xhigh r1 rt=367 ct=467 $0.20 
[38/600] rg-propositional_logic-129 xhigh r1 rt=3341 ct=3258 $0.21 
[39/600] rg-word_ladder-110 xhigh r1 rt=507 ct=709 $0.21 
[40/600] rg-propositional_logic-119 xhigh r1 rt=7466 ct=7340 $0.23 
[41/600] rg-word_ladder-115 xhigh r1 rt=795 ct=929 $0.23 
[42/600] rg-propositional_logic-128 xhigh r1 rt=4001 ct=4008 $0.24 
[43/600] rg-word_ladder-112 xhigh r1 rt=988 ct=1472 $0.25 
[44/600] rg-propositional_logic-127 xhigh r1 rt=7238 ct=6878 $0.27 
[45/600] rg-propositional_logic-113 xhigh r1 rt=14340 ct=14288 $0.31 
[46/600] rg-word_ladder-119 xhigh r1 rt=1166 ct=1600 $0.32 
[47/600] rg-word_ladder-116 xhigh r1 rt=5694 ct=6683 $0.34 
[48/600] rg-word_ladder-123 xhigh r1 rt=732 ct=820 $0.34 
[49/600] rg-word_ladder-114 xhigh r1 rt=7371 ct=11199 $0.37 
[50/600] rg-word_ladder-118 xhigh r1 rt=5937 ct=8517 $0.40 
[51/600] rg-number_sequence-111 xhigh r1 rt=58 ct=115 $0.40 
[52/600] rg-number_sequence-112 xhigh r1 rt=122 ct=281 $0.40 
[53/600] rg-number_sequence-113 xhigh r1 rt=199 ct=321 $0.40 
[54/600] rg-word_ladder-121 xhigh r1 rt=2659 ct=3683 $0.41 
[55/600] rg-number_sequence-114 xhigh r1 rt=43 ct=75 $0.41 
[56/600] rg-number_sequence-115 xhigh r1 rt=42 ct=99 $0.41 
[57/600] rg-word_ladder-111 xhigh r1 rt=4040 ct=6624 $0.43 
[58/600] rg-number_sequence-118 xhigh r1 rt=40 ct=60 $0.43 
[59/600] rg-number_sequence-119 xhigh r1 rt=212 ct=324 $0.43 
[60/600] rg-number_sequence-120 xhigh r1 rt=157 ct=318 $0.43 
[61/600] rg-number_sequence-108 xhigh r1 rt=5225 ct=7413 $0.46 
[62/600] rg-number_sequence-122 xhigh r1 rt=52 ct=74 $0.46 
[63/600] rg-number_sequence-123 xhigh r1 rt=52 ct=76 $0.46 
[64/600] rg-number_sequence-121 xhigh r1 rt=103 ct=260 $0.46 
[65/600] rg-word_ladder-122 xhigh r1 rt=3120 ct=4712 $0.47 
[66/600] rg-number_sequence-124 xhigh r1 rt=301 ct=494 $0.47 
[67/600] rg-word_ladder-117 xhigh r1 rt=9683 ct=14294 $0.51 
[68/600] rg-number_sequence-127 xhigh r1 rt=80 ct=91 $0.52 
[69/600] rg-word_ladder-120 xhigh r1 rt=5252 ct=7432 $0.54 
[70/600] rg-number_sequence-116 xhigh r1 rt=1291 ct=2198 $0.54 
[71/600] rg-rush_hour-107 xhigh r1 rt=2879 ct=3610 $0.55 
[72/600] rg-number_sequence-126 xhigh r1 rt=5131 ct=10419 $0.59 
[73/600] rg-rush_hour-105 xhigh r1 rt=10550 ct=12967 $0.62 
[74/600] ma-hmmt_feb_2026-2 xhigh r1 rt=5174 ct=9750 $0.65 
[75/600] rg-propositional_logic-115 xhigh r1 rt=20884 ct=20314 $0.71 
[76/600] rg-number_sequence-117 xhigh r1 rt=13760 ct=21974 $0.78 
[77/600] rg-number_sequence-109 xhigh r1 rt=27783 ct=39578 $0.90 
[78/600] rg-number_sequence-125 xhigh r1 rt=24835 ct=37061 $1.01 
[79/600] ma-hmmt_feb_2026-24 xhigh r1 rt=1691 ct=3399 $1.02 
[80/600] ma-hmmt_feb_2026-6 xhigh r1 rt=26460 ct=35068 $1.12 
[81/600] ma-hmmt_feb_2026-8 xhigh r1 rt=8290 ct=14997 $1.17 
[82/600] rg-number_sequence-110 xhigh r1 rt=21057 ct=31119 $1.26 
[83/600] ma-hmmt_feb_2026-23 xhigh r1 rt=7324 ct=11191 $1.29 
[84/600] ma-hmmt_feb_2026-10 xhigh r1 rt=15377 ct=30516 $1.38 
[85/600] if-21 xhigh r1 rt=666 ct=775 $1.38 
[86/600] if-11 xhigh r1 rt=5716 ct=6021 $1.40 
[87/600] if-30 xhigh r1 rt=969 ct=1211 $1.41 
[88/600] if-33 xhigh r1 rt=1041 ct=1077 $1.41 
[89/600] if-60 xhigh r1 rt=267 ct=227 $1.41 
[90/600] if-66 xhigh r1 rt=860 ct=796 $1.41 
[91/600] rg-rush_hour-104 xhigh r1 rt=29686 ct=29686 $1.41 
[92/600] rg-rush_hour-106 xhigh r1 rt=29506 ct=29506 $1.41 
[93/600] if-74 xhigh r1 rt=777 ct=752 $1.41 
[94/600] if-78 xhigh r1 rt=1524 ct=1791 $1.42 
[95/600] if-69 xhigh r1 rt=1834 ct=2090 $1.43 
[96/600] if-94 xhigh r1 rt=151 ct=150 $1.43 
[97/600] if-29 xhigh r1 rt=10951 ct=11899 $1.46 
[98/600] if-91 xhigh r1 rt=2631 ct=3084 $1.47 
[99/600] if-12 xhigh r1 rt=11610 ct=13704 $1.51 
[100/600] if-110 xhigh r1 rt=3619 ct=3950 $1.52 
[101/600] if-84 xhigh r1 rt=5674 ct=5448 $1.54 
[102/600] if-112 xhigh r1 rt=2086 ct=2150 $1.55 
[103/600] if-133 xhigh r1 rt=4161 ct=4739 $1.56 
[104/600] if-140 xhigh r1 rt=2626 ct=3212 $1.57 
[105/600] if-139 xhigh r1 rt=2240 ct=2875 $1.58 
[106/600] if-125 xhigh r1 rt=7066 ct=6954 $1.60 
[107/600] if-135 xhigh r1 rt=6339 ct=7454 $1.62 
[108/600] if-156 xhigh r1 rt=795 ct=720 $1.62 
[109/600] if-161 xhigh r1 rt=1300 ct=1265 $1.63 
[110/600] ma-hmmt_feb_2026-18 xhigh r1 rt=46934 ct=46934 $1.63 
[111/600] ma-hmmt_feb_2026-31 xhigh r1 rt=39485 ct=43463 $1.76 
[112/600] if-164 xhigh r1 rt=2585 ct=2720 $1.77 
[113/600] if-173 xhigh r1 rt=1639 ct=2050 $1.77 
[114/600] if-155 xhigh r1 rt=2441 ct=2560 $1.78 
[115/600] if-198 xhigh r1 rt=624 ct=782 $1.78 
[116/600] if-195 xhigh r1 rt=2908 ct=3072 $1.79 
[117/600] ma-hmmt_feb_2026-19 xhigh r1 rt=43763 ct=43763 $1.79 
[118/600] if-224 xhigh r1 rt=1140 ct=1145 $1.79 
[119/600] if-179 xhigh r1 rt=9694 ct=9988 $1.82 
[120/600] if-234 xhigh r1 rt=1174 ct=1340 $1.83 
[121/600] if-236 xhigh r1 rt=2592 ct=3012 $1.84 
[122/600] ma-hmmt_feb_2026-27 xhigh r1 rt=33831 ct=33831 $1.84 
[123/600] if-150 xhigh r1 rt=21690 ct=24767 $1.91 
[124/600] ma-hmmt_feb_2026-28 xhigh r1 rt=22376 ct=22376 $1.91 
[125/600] if-149 xhigh r1 rt=21768 ct=26356 $1.99 
[126/600] if-244 xhigh r1 rt=2717 ct=2458 $2.00 
[127/600] if-206 xhigh r1 rt=14555 ct=18934 $2.05 
[128/600] if-276 xhigh r1 rt=678 ct=1317 $2.06 
[129/600] if-166 xhigh r1 rt=20199 ct=27591 $2.14 
[130/600] if-243 xhigh r1 rt=1638 ct=1564 $2.14 
[131/600] if-298 xhigh r1 rt=868 ct=844 $2.15 
[132/600] bfcl-live_multiple_59-22-6 xhigh r1 rt=101 ct=149 $2.15 
[133/600] bfcl-live_multiple_71-31-0 xhigh r1 rt=83 ct=178 $2.15 
[134/600] if-293 xhigh r1 rt=1023 ct=1036 $2.15 
[135/600] bfcl-live_multiple_128-50-0 xhigh r1 rt=121 ct=151 $2.15 
[136/600] bfcl-live_multiple_367-134-12 xhigh r1 rt=57 ct=107 $2.15 
[137/600] bfcl-live_multiple_390-137-8 xhigh r1 rt=74 ct=128 $2.15 
[138/600] bfcl-live_multiple_203-90-5 xhigh r1 rt=208 ct=210 $2.15 
[139/600] if-285 xhigh r1 rt=3502 ct=3638 $2.16 
[140/600] bfcl-live_multiple_432-141-21 xhigh r1 rt=135 ct=273 $2.17 
[141/600] bfcl-live_multiple_501-148-11 xhigh r1 rt=60 ct=135 $2.17 
[142/600] bfcl-live_multiple_556-154-2 xhigh r1 rt=109 ct=267 $2.17 
[143/600] bfcl-live_multiple_658-162-0 xhigh r1 rt=200 ct=234 $2.17 
[144/600] bfcl-live_multiple_832-178-7 xhigh r1 rt=70 ct=158 $2.17 
[145/600] bfcl-live_multiple_901-185-11 xhigh r1 rt=73 ct=139 $2.17 
[146/600] bfcl-live_multiple_900-185-10 xhigh r1 rt=61 ct=140 $2.17 
[147/600] bfcl-live_multiple_663-162-5 xhigh r1 rt=122 ct=186 $2.17 
[148/600] bfcl-live_multiple_951-200-0 xhigh r1 rt=29 ct=43 $2.18 
[149/600] bfcl-live_multiple_970-211-0 xhigh r1 rt=72 ct=144 $2.18 
[150/600] bfcl-live_multiple_943-196-1 xhigh r1 rt=26 ct=54 $2.18 
[151/600] bfcl-live_multiple_1007-236-0 xhigh r1 rt=33 ct=59 $2.18 
[152/600] bfcl-live_simple_24-5-2 xhigh r1 rt=55 ct=87 $2.18 
[153/600] bfcl-live_simple_25-5-3 xhigh r1 rt=84 ct=153 $2.18 
[154/600] bfcl-live_multiple_949-199-0 xhigh r1 rt=32 ct=59 $2.18 
[155/600] bfcl-live_simple_61-29-1 xhigh r1 rt=14 ct=57 $2.18 
[156/600] bfcl-live_simple_87-48-0 xhigh r1 rt=23 ct=61 $2.18 
[157/600] bfcl-live_multiple_974-214-0 xhigh r1 rt=659 ct=762 $2.18 
[158/600] bfcl-live_simple_55-25-1 xhigh r1 rt=37 ct=95 $2.18 
[159/600] if-266 xhigh r1 rt=9237 ct=10966 $2.22 
[160/600] bfcl-live_simple_98-58-0 xhigh r1 rt=76 ct=147 $2.22 
[161/600] bfcl-live_simple_105-62-0 xhigh r1 rt=138 ct=164 $2.22 
[162/600] bfcl-live_simple_130-84-0 xhigh r1 rt=104 ct=223 $2.22 
[163/600] bfcl-live_simple_150-95-7 xhigh r1 rt=27 ct=64 $2.22 
[164/600] bfcl-live_simple_137-90-0 xhigh r1 rt=85 ct=213 $2.22 
[165/600] bfcl-live_simple_139-92-0 xhigh r1 rt=146 ct=233 $2.22 
[166/600] bfcl-live_simple_191-115-1 xhigh r1 rt=32 ct=75 $2.22 
[167/600] bfcl-live_simple_195-116-3 xhigh r1 rt=44 ct=110 $2.22 
[168/600] bfcl-live_simple_126-82-0 xhigh r1 rt=68 ct=175 $2.22 
[169/600] bfcl-live_simple_210-117-2 xhigh r1 rt=44 ct=98 $2.22 
[170/600] bfcl-live_simple_219-117-11 xhigh r1 rt=51 ct=113 $2.22 
[171/600] bfcl-live_simple_228-119-0 xhigh r1 rt=48 ct=82 $2.22 
[172/600] bfcl-live_simple_233-123-0 xhigh r1 rt=71 ct=173 $2.22 
[173/600] bfcl-live_simple_181-106-0 xhigh r1 rt=138 ct=220 $2.22 
[174/600] bfcl-live_simple_237-125-0 xhigh r1 rt=42 ct=82 $2.23 
[175/600] bfcl-irrelevance_101 xhigh r1 rt=458 ct=599 $2.23 
[176/600] if-210 xhigh r1 rt=9414 ct=12798 $2.27 
[177/600] bfcl-irrelevance_132 xhigh r1 rt=312 ct=561 $2.27 
[178/600] bfcl-irrelevance_115 xhigh r1 rt=483 ct=707 $2.27 
[179/600] bfcl-irrelevance_218 xhigh r1 rt=273 ct=322 $2.27 
[180/600] bfcl-irrelevance_167 xhigh r1 rt=177 ct=262 $2.27 
[181/600] bfcl-irrelevance_68 xhigh r1 rt=461 ct=666 $2.27 
[182/600] bfcl-irrelevance_106 xhigh r1 rt=644 ct=1104 $2.28 
[183/600] bfcl-live_parallel_multiple_1-1-0 xhigh r1 rt=57 ct=133 $2.28 
[184/600] bfcl-live_parallel_multiple_0-0-0 xhigh r1 rt=130 ct=250 $2.28 
[185/600] bfcl-live_parallel_multiple_3-2-1 xhigh r1 rt=324 ct=417 $2.28 
[186/600] bfcl-live_parallel_multiple_12-10-1 xhigh r1 rt=84 ct=140 $2.28 
[187/600] bfcl-live_parallel_multiple_15-13-0 xhigh r1 rt=48 ct=137 $2.28 
[188/600] bfcl-live_parallel_multiple_14-12-0 xhigh r1 rt=157 ct=292 $2.28 
[189/600] bfcl-live_parallel_multiple_18-16-0 xhigh r1 rt=42 ct=177 $2.28 
[190/600] bfcl-live_parallel_multiple_17-15-0 xhigh r1 rt=217 ct=304 $2.29 
[191/600] bfcl-live_parallel_multiple_2-2-0 xhigh r1 rt=367 ct=381 $2.29 
[192/600] bfcl-irrelevance_172 xhigh r1 rt=758 ct=820 $2.29 
[193/600] if-299 xhigh r1 rt=2285 ct=2970 $2.30 
[194/600] bfcl-live_parallel_multiple_21-18-0 xhigh r1 rt=111 ct=283 $2.30 
[195/600] bfcl-live_parallel_multiple_20-17-0 xhigh r1 rt=136 ct=384 $2.30 
[196/600] bfcl-live_parallel_multiple_13-11-0 xhigh r1 rt=246 ct=416 $2.30 
[197/600] rg-intermediate_integration-110 xhigh r2 rt=219 ct=399 $2.31 
[198/600] rg-intermediate_integration-113 xhigh r2 rt=526 ct=1076 $2.31 
[199/600] rg-intermediate_integration-114 xhigh r2 rt=933 ct=1577 $2.31 
[200/600] rg-intermediate_integration-112 xhigh r2 rt=1074 ct=1763 $2.32 
[201/600] rg-intermediate_integration-111 xhigh r2 rt=1151 ct=1496 $2.32 
[202/600] rg-intermediate_integration-116 xhigh r2 rt=1107 ct=1569 $2.33 
[203/600] rg-intermediate_integration-119 xhigh r2 rt=351 ct=721 $2.33 
[204/600] rg-intermediate_integration-122 xhigh r2 rt=202 ct=285 $2.33 
[205/600] rg-intermediate_integration-121 xhigh r2 rt=345 ct=542 $2.33 
[206/600] rg-intermediate_integration-115 xhigh r2 rt=1829 ct=3166 $2.34 
[207/600] if-184 xhigh r1 rt=9616 ct=10715 $2.37 
[208/600] rg-intermediate_integration-124 xhigh r2 rt=613 ct=1018 $2.38 
[209/600] rg-intermediate_integration-127 xhigh r2 rt=499 ct=788 $2.38 
[210/600] rg-intermediate_integration-125 xhigh r2 rt=1312 ct=2222 $2.39 
[211/600] rg-intermediate_integration-118 xhigh r2 rt=2815 ct=4747 $2.40 
[212/600] rg-intermediate_integration-123 xhigh r2 rt=801 ct=1546 $2.41 
[213/600] rg-intermediate_integration-126 xhigh r2 rt=669 ct=1328 $2.41 
[214/600] rg-intermediate_integration-128 xhigh r2 rt=335 ct=477 $2.41 
[215/600] rg-intermediate_integration-117 xhigh r2 rt=3044 ct=4564 $2.43 
[216/600] rg-propositional_logic-114 xhigh r2 rt=243 ct=245 $2.43 
[217/600] rg-intermediate_integration-130 xhigh r2 rt=1204 ct=2147 $2.43 
[218/600] rg-propositional_logic-110 xhigh r2 rt=1761 ct=2107 $2.44 
[219/600] rg-propositional_logic-117 xhigh r2 rt=113 ct=121 $2.44 
[220/600] rg-intermediate_integration-120 xhigh r2 rt=2291 ct=3565 $2.45 
[221/600] rg-propositional_logic-119 xhigh r2 rt=576 ct=595 $2.45 
[222/600] rg-propositional_logic-120 xhigh r2 rt=539 ct=558 $2.45 
[223/600] rg-propositional_logic-112 xhigh r2 rt=3408 ct=3502 $2.46 
[224/600] rg-propositional_logic-121 xhigh r2 rt=703 ct=701 $2.47 
[225/600] rg-propositional_logic-123 xhigh r2 rt=183 ct=190 $2.47 
[226/600] rg-propositional_logic-124 xhigh r2 rt=134 ct=136 $2.47 
[227/600] rg-propositional_logic-122 xhigh r2 rt=3331 ct=3282 $2.48 
[228/600] rg-propositional_logic-118 xhigh r2 rt=2539 ct=2569 $2.48 
[229/600] rg-propositional_logic-111 xhigh r2 rt=7012 ct=6782 $2.51 
[230/600] rg-propositional_logic-125 xhigh r2 rt=4167 ct=4138 $2.52 
[231/600] rg-propositional_logic-129 xhigh r2 rt=1176 ct=1169 $2.52 
[232/600] if-278 xhigh r1 rt=12486 ct=16587 $2.57 
[233/600] rg-word_ladder-109 xhigh r2 rt=371 ct=418 $2.57 
[234/600] rg-propositional_logic-115 xhigh r2 rt=8490 ct=8335 $2.60 
[235/600] rg-propositional_logic-127 xhigh r2 rt=3268 ct=3019 $2.61 
[236/600] rg-propositional_logic-113 xhigh r2 rt=16297 ct=16086 $2.65 
[237/600] if-249 xhigh r1 rt=10528 ct=14510 $2.70 
[238/600] rg-propositional_logic-128 xhigh r2 rt=1067 ct=1164 $2.70 
[239/600] rg-word_ladder-110 xhigh r2 rt=2208 ct=3019 $2.71 
[240/600] rg-word_ladder-108 xhigh r2 rt=2827 ct=4161 $2.72 
[241/600] rg-word_ladder-111 xhigh r2 rt=2574 ct=3993 $2.73 
[242/600] rg-word_ladder-116 xhigh r2 rt=1311 ct=1758 $2.74 
[243/600] rg-word_ladder-115 xhigh r2 rt=1374 ct=1847 $2.74 
[244/600] rg-word_ladder-112 xhigh r2 rt=3233 ct=4946 $2.76 
[245/600] rg-word_ladder-113 xhigh r2 rt=3521 ct=5612 $2.78 
[246/600] rg-word_ladder-119 xhigh r2 rt=1611 ct=2121 $2.78 
[247/600] rg-word_ladder-123 xhigh r2 rt=1585 ct=2070 $2.79 
[248/600] rg-word_ladder-122 xhigh r2 rt=3340 ct=5517 $2.80 
[249/600] rg-number_sequence-108 xhigh r2 rt=3591 ct=4887 $2.82 
[250/600] rg-word_ladder-117 xhigh r2 rt=3726 ct=5683 $2.84 
[251/600] rg-number_sequence-111 xhigh r2 rt=66 ct=155 $2.84 
[252/600] rg-number_sequence-112 xhigh r2 rt=197 ct=402 $2.84 
[253/600] rg-propositional_logic-126 xhigh r2 rt=17902 ct=18392 $2.89 
[254/600] rg-number_sequence-114 xhigh r2 rt=59 ct=85 $2.89 
[255/600] rg-number_sequence-113 xhigh r2 rt=506 ct=1120 $2.90 
[256/600] rg-number_sequence-115 xhigh r2 rt=69 ct=95 $2.90 
[257/600] rg-word_ladder-118 xhigh r2 rt=10753 ct=15313 $2.94 
[258/600] rg-number_sequence-118 xhigh r2 rt=50 ct=87 $2.94 
[259/600] rg-number_sequence-119 xhigh r2 rt=127 ct=175 $2.94 
[260/600] rg-number_sequence-120 xhigh r2 rt=412 ct=891 $2.95 
[261/600] rg-number_sequence-121 xhigh r2 rt=104 ct=263 $2.95 
[262/600] rg-number_sequence-122 xhigh r2 rt=27 ct=50 $2.95 
[263/600] rg-number_sequence-123 xhigh r2 rt=35 ct=56 $2.95 
[264/600] rg-propositional_logic-116 xhigh r2 rt=21227 ct=20788 $3.01 
[265/600] rg-number_sequence-124 xhigh r2 rt=317 ct=490 $3.01 
[266/600] rg-word_ladder-120 xhigh r2 rt=16345 ct=26543 $3.09 
[267/600] rg-number_sequence-127 xhigh r2 rt=80 ct=96 $3.09 
[268/600] rg-word_ladder-114 xhigh r2 rt=15135 ct=23628 $3.16 
[269/600] rg-number_sequence-126 xhigh r2 rt=2913 ct=6282 $3.18 
[270/600] rg-word_ladder-121 xhigh r2 rt=18854 ct=25308 $3.25 
[271/600] rg-number_sequence-110 xhigh r2 rt=12183 ct=17643 $3.31 
[272/600] rg-rush_hour-107 xhigh r2 rt=4034 ct=4975 $3.32 
[273/600] rg-number_sequence-109 xhigh r2 rt=18301 ct=25039 $3.40 
[274/600] if-230 xhigh r1 rt=54995 ct=54995 $3.40 
[275/600] rg-rush_hour-104 xhigh r2 rt=15817 ct=22119 $3.46 
[276/600] rg-number_sequence-117 xhigh r2 rt=17961 ct=29262 $3.55 
[277/600] rg-number_sequence-125 xhigh r2 rt=25716 ct=38039 $3.66 
[278/600] ma-hmmt_feb_2026-2 xhigh r2 rt=5773 ct=10429 $3.69 
[279/600] ma-hmmt_feb_2026-8 xhigh r2 rt=7556 ct=13510 $3.73 
[280/600] rg-rush_hour-106 xhigh r2 rt=12671 ct=15961 $3.78 
[281/600] ma-hmmt_feb_2026-24 xhigh r2 rt=1040 ct=2324 $3.79 
[282/600] ma-hmmt_feb_2026-6 xhigh r2 rt=18464 ct=23096 $3.86 
[283/600] rg-rush_hour-105 xhigh r2 rt=18848 ct=24322 $3.93 
[284/600] ma-hmmt_feb_2026-23 xhigh r2 rt=12818 ct=20214 $3.99 
[285/600] if-21 xhigh r2 rt=632 ct=706 $3.99 
[286/600] if-11 xhigh r2 rt=8590 ct=9119 $4.02 
[287/600] if-12 xhigh r2 rt=6372 ct=6952 $4.04 
[288/600] if-30 xhigh r2 rt=3740 ct=4785 $4.05 
[289/600] if-60 xhigh r2 rt=572 ct=474 $4.05 
[290/600] rg-number_sequence-116 xhigh r2 rt=10482 ct=16424 $4.10 
[291/600] if-33 xhigh r2 rt=674 ct=717 $4.10 
[292/600] ma-hmmt_feb_2026-10 xhigh r2 rt=17256 ct=31316 $4.20 
[293/600] if-74 xhigh r2 rt=563 ct=551 $4.20 
[294/600] if-66 xhigh r2 rt=1863 ct=1738 $4.20 
[295/600] if-91 xhigh r2 rt=679 ct=951 $4.21 
[296/600] if-94 xhigh r2 rt=210 ct=208 $4.21 
[297/600] if-69 xhigh r2 rt=2445 ct=2513 $4.22 
[298/600] if-110 xhigh r2 rt=744 ct=843 $4.22 
[299/600] if-78 xhigh r2 rt=3570 ct=3767 $4.23 
[300/600] if-125 xhigh r2 rt=3312 ct=3455 $4.24 
[301/600] if-133 xhigh r2 rt=2731 ct=2977 $4.25 
[302/600] if-84 xhigh r2 rt=7722 ct=7746 $4.27 
[303/600] if-112 xhigh r2 rt=2923 ct=2752 $4.28 
[304/600] if-140 xhigh r2 rt=1664 ct=2181 $4.29 
[305/600] if-29 xhigh r2 rt=11423 ct=12601 $4.32 
[306/600] if-155 xhigh r2 rt=1712 ct=1834 $4.33 
[307/600] if-139 xhigh r2 rt=5257 ct=5612 $4.35 
[308/600] if-161 xhigh r2 rt=700 ct=710 $4.35 
[309/600] if-156 xhigh r2 rt=1421 ct=1322 $4.35 
[310/600] if-135 xhigh r2 rt=9110 ct=8919 $4.38 
[311/600] if-149 xhigh r2 rt=8345 ct=9601 $4.41 
[312/600] ma-hmmt_feb_2026-19 xhigh r2 rt=35256 ct=48754 $4.55 
[313/600] if-173 xhigh r2 rt=4215 ct=5191 $4.57 
[314/600] ma-hmmt_feb_2026-18 xhigh r2 rt=39370 ct=52528 $4.72 
[315/600] if-198 xhigh r2 rt=2319 ct=2894 $4.73 
[316/600] if-164 xhigh r2 rt=7865 ct=8844 $4.76 
[317/600] if-179 xhigh r2 rt=8105 ct=8183 $4.78 
[318/600] if-195 xhigh r2 rt=8124 ct=7547 $4.81 
[319/600] if-224 xhigh r2 rt=8258 ct=9874 $4.83 
[320/600] ma-hmmt_feb_2026-28 xhigh r2 rt=33497 ct=44720 $4.97 
[321/600] if-234 xhigh r2 rt=2179 ct=2587 $4.98 
[322/600] if-206 xhigh r2 rt=14765 ct=17937 $5.03 
[323/600] if-243 xhigh r2 rt=1782 ct=1666 $5.03 
[324/600] if-236 xhigh r2 rt=3174 ct=3865 $5.05 
[325/600] if-184 xhigh r2 rt=20538 ct=22819 $5.11 
[326/600] if-244 xhigh r2 rt=1972 ct=1950 $5.12 
[327/600] if-166 xhigh r2 rt=22644 ct=32319 $5.21 
[328/600] if-276 xhigh r2 rt=784 ct=1325 $5.22 
[329/600] if-210 xhigh r2 rt=10210 ct=15424 $5.26 
[330/600] if-293 xhigh r2 rt=2007 ct=1950 $5.27 
[331/600] if-298 xhigh r2 rt=369 ct=375 $5.27 
[332/600] bfcl-live_multiple_59-22-6 xhigh r2 rt=303 ct=287 $5.27 
[333/600] bfcl-live_multiple_71-31-0 xhigh r2 rt=77 ct=184 $5.27 
[334/600] bfcl-live_multiple_128-50-0 xhigh r2 rt=90 ct=140 $5.27 
[335/600] bfcl-live_multiple_203-90-5 xhigh r2 rt=199 ct=198 $5.28 
[336/600] bfcl-live_multiple_367-134-12 xhigh r2 rt=33 ct=87 $5.28 
[337/600] bfcl-live_multiple_390-137-8 xhigh r2 rt=60 ct=109 $5.28 
[338/600] bfcl-live_multiple_432-141-21 xhigh r2 rt=108 ct=244 $5.28 
[339/600] bfcl-live_multiple_501-148-11 xhigh r2 rt=54 ct=140 $5.28 
[340/600] if-299 xhigh r2 rt=1866 ct=2500 $5.29 
[341/600] bfcl-live_multiple_556-154-2 xhigh r2 rt=108 ct=254 $5.29 
[342/600] bfcl-live_multiple_663-162-5 xhigh r2 rt=33 ct=100 $5.29 
[343/600] bfcl-live_multiple_832-178-7 xhigh r2 rt=67 ct=159 $5.29 
[344/600] bfcl-live_multiple_900-185-10 xhigh r2 rt=56 ct=156 $5.29 
[345/600] if-285 xhigh r2 rt=6226 ct=6225 $5.31 
[346/600] bfcl-live_multiple_943-196-1 xhigh r2 rt=27 ct=55 $5.31 
[347/600] bfcl-live_multiple_901-185-11 xhigh r2 rt=77 ct=145 $5.31 
[348/600] bfcl-live_multiple_949-199-0 xhigh r2 rt=31 ct=58 $5.31 
[349/600] bfcl-live_multiple_951-200-0 xhigh r2 rt=40 ct=51 $5.31 
[350/600] bfcl-live_multiple_970-211-0 xhigh r2 rt=62 ct=137 $5.31 
[351/600] bfcl-live_multiple_1007-236-0 xhigh r2 rt=34 ct=59 $5.31 
[352/600] if-266 xhigh r2 rt=6646 ct=8442 $5.34 
[353/600] bfcl-live_simple_24-5-2 xhigh r2 rt=40 ct=69 $5.34 
[354/600] bfcl-live_simple_25-5-3 xhigh r2 rt=69 ct=108 $5.34 
[355/600] bfcl-live_multiple_658-162-0 xhigh r2 rt=1044 ct=1081 $5.34 
[356/600] bfcl-live_simple_55-25-1 xhigh r2 rt=39 ct=87 $5.34 
[357/600] bfcl-live_simple_61-29-1 xhigh r2 rt=24 ct=69 $5.35 
[358/600] bfcl-live_multiple_974-214-0 xhigh r2 rt=729 ct=778 $5.35 
[359/600] bfcl-live_simple_87-48-0 xhigh r2 rt=46 ct=85 $5.35 
[360/600] bfcl-live_simple_98-58-0 xhigh r2 rt=41 ct=112 $5.35 
[361/600] bfcl-live_simple_105-62-0 xhigh r2 rt=115 ct=155 $5.35 
[362/600] bfcl-live_simple_126-82-0 xhigh r2 rt=57 ct=157 $5.35 
[363/600] bfcl-live_simple_137-90-0 xhigh r2 rt=64 ct=170 $5.35 
[364/600] bfcl-live_simple_130-84-0 xhigh r2 rt=148 ct=316 $5.35 
[365/600] bfcl-live_simple_150-95-7 xhigh r2 rt=21 ct=58 $5.35 
[366/600] bfcl-live_simple_139-92-0 xhigh r2 rt=99 ct=209 $5.35 
[367/600] bfcl-live_simple_181-106-0 xhigh r2 rt=78 ct=157 $5.35 
[368/600] bfcl-live_simple_195-116-3 xhigh r2 rt=47 ct=114 $5.35 
[369/600] bfcl-live_simple_210-117-2 xhigh r2 rt=56 ct=111 $5.36 
[370/600] bfcl-live_simple_219-117-11 xhigh r2 rt=48 ct=110 $5.36 
[371/600] bfcl-live_simple_228-119-0 xhigh r2 rt=51 ct=82 $5.36 
[372/600] bfcl-live_simple_237-125-0 xhigh r2 rt=44 ct=83 $5.36 
[373/600] bfcl-live_simple_233-123-0 xhigh r2 rt=66 ct=155 $5.36 
[374/600] bfcl-live_simple_191-115-1 xhigh r2 rt=39 ct=85 $5.36 
[375/600] bfcl-irrelevance_115 xhigh r2 rt=187 ct=291 $5.36 
[376/600] bfcl-irrelevance_68 xhigh r2 rt=578 ct=827 $5.36 
[377/600] bfcl-irrelevance_106 xhigh r2 rt=479 ct=694 $5.36 
[378/600] bfcl-irrelevance_101 xhigh r2 rt=184 ct=407 $5.37 
[379/600] bfcl-irrelevance_218 xhigh r2 rt=162 ct=286 $5.37 
[380/600] bfcl-irrelevance_132 xhigh r2 rt=529 ct=842 $5.37 
[381/600] bfcl-live_parallel_multiple_0-0-0 xhigh r2 rt=126 ct=247 $5.37 
[382/600] bfcl-irrelevance_167 xhigh r2 rt=514 ct=506 $5.37 
[383/600] bfcl-irrelevance_172 xhigh r2 rt=411 ct=542 $5.37 
[384/600] bfcl-live_parallel_multiple_1-1-0 xhigh r2 rt=96 ct=178 $5.37 
[385/600] bfcl-live_parallel_multiple_2-2-0 xhigh r2 rt=310 ct=316 $5.38 
[386/600] bfcl-live_parallel_multiple_12-10-1 xhigh r2 rt=97 ct=187 $5.38 
[387/600] bfcl-live_parallel_multiple_3-2-1 xhigh r2 rt=234 ct=345 $5.38 
[388/600] bfcl-live_parallel_multiple_15-13-0 xhigh r2 rt=79 ct=159 $5.38 
[389/600] bfcl-live_parallel_multiple_14-12-0 xhigh r2 rt=217 ct=340 $5.38 
[390/600] bfcl-live_parallel_multiple_13-11-0 xhigh r2 rt=268 ct=437 $5.38 
[391/600] bfcl-live_parallel_multiple_18-16-0 xhigh r2 rt=56 ct=198 $5.38 
[392/600] bfcl-live_parallel_multiple_21-18-0 xhigh r2 rt=67 ct=213 $5.39 
[393/600] bfcl-live_parallel_multiple_17-15-0 xhigh r2 rt=131 ct=283 $5.39 
[394/600] bfcl-live_parallel_multiple_20-17-0 xhigh r2 rt=124 ct=367 $5.39 
[395/600] rg-intermediate_integration-111 xhigh r3 rt=319 ct=419 $5.39 
[396/600] rg-intermediate_integration-110 xhigh r3 rt=284 ct=756 $5.39 
[397/600] rg-intermediate_integration-112 xhigh r3 rt=533 ct=856 $5.39 
[398/600] rg-intermediate_integration-113 xhigh r3 rt=731 ct=1192 $5.40 
[399/600] rg-intermediate_integration-116 xhigh r3 rt=443 ct=885 $5.40 
[400/600] rg-intermediate_integration-117 xhigh r3 rt=1054 ct=1891 $5.41 
[401/600] rg-intermediate_integration-114 xhigh r3 rt=1126 ct=1744 $5.41 
[402/600] if-150 xhigh r2 rt=24343 ct=27075 $5.49 
[403/600] rg-intermediate_integration-119 xhigh r3 rt=326 ct=665 $5.49 
[404/600] rg-intermediate_integration-121 xhigh r3 rt=266 ct=556 $5.50 
[405/600] rg-intermediate_integration-115 xhigh r3 rt=1103 ct=2265 $5.50 
[406/600] rg-intermediate_integration-122 xhigh r3 rt=312 ct=472 $5.51 
[407/600] if-249 xhigh r2 rt=13846 ct=18741 $5.56 
[408/600] rg-intermediate_integration-123 xhigh r3 rt=646 ct=1028 $5.56 
[409/600] rg-intermediate_integration-118 xhigh r3 rt=1531 ct=2883 $5.57 
[410/600] rg-intermediate_integration-128 xhigh r3 rt=212 ct=342 $5.57 
[411/600] rg-intermediate_integration-124 xhigh r3 rt=1220 ct=1786 $5.58 
[412/600] rg-intermediate_integration-126 xhigh r3 rt=544 ct=1106 $5.58 
[413/600] rg-intermediate_integration-127 xhigh r3 rt=1045 ct=1647 $5.59 
[414/600] if-278 xhigh r2 rt=12359 ct=15342 $5.63 
[415/600] rg-intermediate_integration-120 xhigh r3 rt=3224 ct=4894 $5.65 
[416/600] rg-intermediate_integration-125 xhigh r3 rt=1740 ct=2473 $5.66 
[417/600] rg-intermediate_integration-130 xhigh r3 rt=1734 ct=2833 $5.66 
[418/600] rg-propositional_logic-112 xhigh r3 rt=2059 ct=2115 $5.67 
[419/600] rg-propositional_logic-117 xhigh r3 rt=233 ct=235 $5.67 
[420/600] rg-propositional_logic-118 xhigh r3 rt=561 ct=577 $5.67 
[421/600] if-230 xhigh r2 rt=28641 ct=43761 $5.80 
[422/600] rg-propositional_logic-114 xhigh r3 rt=4131 ct=3916 $5.81 
[423/600] rg-propositional_logic-110 xhigh r3 rt=5562 ct=6249 $5.83 
[424/600] rg-propositional_logic-121 xhigh r3 rt=719 ct=728 $5.84 
[425/600] rg-propositional_logic-122 xhigh r3 rt=457 ct=452 $5.84 
[426/600] rg-propositional_logic-123 xhigh r3 rt=226 ct=230 $5.84 
[427/600] rg-propositional_logic-124 xhigh r3 rt=90 ct=90 $5.84 
[428/600] rg-propositional_logic-119 xhigh r3 rt=3284 ct=3322 $5.85 
[429/600] rg-propositional_logic-126 xhigh r3 rt=2419 ct=2518 $5.86 
[430/600] rg-propositional_logic-128 xhigh r3 rt=1665 ct=1725 $5.86 
[431/600] rg-propositional_logic-111 xhigh r3 rt=10917 ct=10637 $5.89 
[432/600] rg-propositional_logic-125 xhigh r3 rt=2694 ct=2682 $5.90 
[433/600] rg-propositional_logic-116 xhigh r3 rt=10824 ct=10622 $5.93 
[434/600] rg-word_ladder-108 xhigh r3 rt=668 ct=800 $5.93 
[435/600] rg-propositional_logic-129 xhigh r3 rt=1352 ct=1323 $5.94 
[436/600] rg-propositional_logic-120 xhigh r3 rt=7285 ct=7287 $5.96 
[437/600] rg-word_ladder-110 xhigh r3 rt=912 ct=1329 $5.96 
[438/600] rg-word_ladder-109 xhigh r3 rt=1142 ct=1643 $5.97 
[439/600] rg-propositional_logic-127 xhigh r3 rt=5097 ct=4700 $5.98 
[440/600] rg-word_ladder-115 xhigh r3 rt=1844 ct=2663 $5.99 
[441/600] rg-propositional_logic-115 xhigh r3 rt=7833 ct=7441 $6.01 
[442/600] rg-word_ladder-111 xhigh r3 rt=1933 ct=2978 $6.02 
[443/600] rg-propositional_logic-113 xhigh r3 rt=13337 ct=13347 $6.06 
[444/600] rg-word_ladder-113 xhigh r3 rt=2652 ct=3950 $6.07 
[445/600] rg-word_ladder-120 xhigh r3 rt=509 ct=586 $6.08 
[446/600] rg-word_ladder-117 xhigh r3 rt=1389 ct=2072 $6.08 
[447/600] rg-word_ladder-116 xhigh r3 rt=2748 ct=3962 $6.09 
[448/600] rg-word_ladder-122 xhigh r3 rt=849 ct=1183 $6.10 
[449/600] rg-word_ladder-119 xhigh r3 rt=1603 ct=2163 $6.10 
[450/600] rg-word_ladder-114 xhigh r3 rt=3933 ct=4952 $6.12 
[451/600] rg-number_sequence-111 xhigh r3 rt=46 ct=67 $6.12 
[452/600] rg-number_sequence-112 xhigh r3 rt=215 ct=445 $6.12 
[453/600] rg-word_ladder-112 xhigh r3 rt=5299 ct=7915 $6.14 
[454/600] rg-number_sequence-114 xhigh r3 rt=45 ct=68 $6.14 
[455/600] rg-word_ladder-123 xhigh r3 rt=1073 ct=1460 $6.15 
[456/600] rg-number_sequence-113 xhigh r3 rt=113 ct=188 $6.15 
[457/600] rg-number_sequence-115 xhigh r3 rt=98 ct=125 $6.15 
[458/600] rg-number_sequence-118 xhigh r3 rt=29 ct=48 $6.15 
[459/600] rg-number_sequence-119 xhigh r3 rt=127 ct=192 $6.15 
[460/600] rg-number_sequence-120 xhigh r3 rt=361 ct=771 $6.15 
[461/600] rg-number_sequence-121 xhigh r3 rt=110 ct=217 $6.15 
[462/600] rg-number_sequence-122 xhigh r3 rt=56 ct=79 $6.15 
[463/600] rg-number_sequence-123 xhigh r3 rt=54 ct=86 $6.15 
[464/600] rg-number_sequence-124 xhigh r3 rt=292 ct=546 $6.15 
[465/600] ma-hmmt_feb_2026-27 xhigh r2 rt=42322 ct=72573 $6.37 
[466/600] rg-number_sequence-108 xhigh r3 rt=3597 ct=5026 $6.39 
[467/600] rg-number_sequence-127 xhigh r3 rt=58 ct=73 $6.39 
[468/600] rg-word_ladder-121 xhigh r3 rt=12647 ct=17741 $6.44 
[469/600] rg-word_ladder-118 xhigh r3 rt=10540 ct=14753 $6.48 
[470/600] rg-number_sequence-125 xhigh r3 rt=9133 ct=13380 $6.52 
[471/600] rg-number_sequence-126 xhigh r3 rt=7337 ct=14258 $6.56 
[472/600] rg-rush_hour-107 xhigh r3 rt=4754 ct=5949 $6.58 
[473/600] ma-hmmt_feb_2026-31 xhigh r2 rt=56784 ct=62398 $6.77 
[474/600] rg-number_sequence-110 xhigh r3 rt=12529 ct=19403 $6.83 
[475/600] rg-number_sequence-117 xhigh r3 rt=11585 ct=17680 $6.88 
[476/600] rg-rush_hour-105 xhigh r3 rt=9229 ct=12392 $6.91 
[477/600] ma-hmmt_feb_2026-2 xhigh r3 rt=3862 ct=7874 $6.94 
[478/600] rg-number_sequence-116 xhigh r3 rt=21580 ct=32899 $7.04 
[479/600] rg-rush_hour-104 xhigh r3 rt=14435 ct=20790 $7.10 
[480/600] ma-hmmt_feb_2026-23 xhigh r3 rt=4854 ct=8071 $7.12 
[481/600] ma-hmmt_feb_2026-8 xhigh r3 rt=5806 ct=10038 $7.12 
[482/600] ma-hmmt_feb_2026-24 xhigh r3 rt=7011 ct=11749 $7.16 
[483/600] ma-hmmt_feb_2026-10 xhigh r3 rt=10302 ct=20712 $7.22 
[484/600] ma-hmmt_feb_2026-6 xhigh r3 rt=16513 ct=23183 $7.29 
[485/600] if-21 xhigh r3 rt=655 ct=719 $7.29 
[486/600] if-11 xhigh r3 rt=5648 ct=5752 $7.31 
[487/600] rg-number_sequence-109 xhigh r3 rt=16793 ct=23696 $7.38 
[488/600] if-30 xhigh r3 rt=1492 ct=1967 $7.38 
[489/600] if-60 xhigh r3 rt=336 ct=326 $7.38 
[490/600] if-33 xhigh r3 rt=1022 ct=1051 $7.39 
[491/600] if-12 xhigh r3 rt=4488 ct=5271 $7.40 
[492/600] if-74 xhigh r3 rt=422 ct=411 $7.40 
[493/600] if-66 xhigh r3 rt=1271 ct=1209 $7.41 
[494/600] if-69 xhigh r3 rt=2751 ct=2825 $7.42 
[495/600] if-78 xhigh r3 rt=2336 ct=2630 $7.42 
[496/600] if-94 xhigh r3 rt=251 ct=232 $7.42 
[497/600] rg-rush_hour-106 xhigh r3 rt=40916 ct=50079 $7.57 
[498/600] if-29 xhigh r3 rt=8037 ct=8020 $7.60 
[499/600] if-91 xhigh r3 rt=2581 ct=3048 $7.61 
[500/600] if-84 xhigh r3 rt=5972 ct=6059 $7.62 
[501/600] ma-hmmt_feb_2026-31 xhigh r3 rt=21346 ct=26706 $7.70 
[502/600] if-112 xhigh r3 rt=6931 ct=7115 $7.73 
[503/600] if-140 xhigh r3 rt=1083 ct=1503 $7.73 
[504/600] if-139 xhigh r3 rt=1621 ct=2275 $7.74 
[505/600] if-135 xhigh r3 rt=6431 ct=6379 $7.76 
[506/600] if-125 xhigh r3 rt=8888 ct=8718 $7.78 
[507/600] if-133 xhigh r3 rt=6400 ct=7800 $7.80 
[508/600] if-110 xhigh r3 rt=13082 ct=13966 $7.85 
[509/600] if-161 xhigh r3 rt=1060 ct=1102 $7.85 
[510/600] if-155 xhigh r3 rt=5064 ct=5104 $7.86 
[511/600] if-156 xhigh r3 rt=5947 ct=5634 $7.88 
[512/600] if-173 xhigh r3 rt=3009 ct=4028 $7.89 
[513/600] ma-hmmt_feb_2026-28 xhigh r3 rt=30549 ct=49970 $8.04 
[514/600] if-164 xhigh r3 rt=4919 ct=5422 $8.06 
[515/600] if-198 xhigh r3 rt=1276 ct=1566 $8.06 
[516/600] if-195 xhigh r3 rt=5816 ct=5615 $8.08 
[517/600] if-179 xhigh r3 rt=10892 ct=11136 $8.11 
[518/600] if-224 xhigh r3 rt=3509 ct=3515 $8.12 
[519/600] if-149 xhigh r3 rt=13031 ct=15775 $8.17 
[520/600] if-234 xhigh r3 rt=1584 ct=2073 $8.18 
[521/600] if-236 xhigh r3 rt=1265 ct=1554 $8.18 
[522/600] if-243 xhigh r3 rt=1415 ct=1365 $8.18 
[523/600] if-150 xhigh r3 rt=31552 ct=33584 $8.28 
[524/600] if-244 xhigh r3 rt=1614 ct=1531 $8.29 
[525/600] if-166 xhigh r3 rt=24064 ct=31005 $8.38 
[526/600] if-276 xhigh r3 rt=533 ct=974 $8.38 
[527/600] if-184 xhigh r3 rt=20589 ct=24325 $8.46 
[528/600] ma-hmmt_feb_2026-19 xhigh r3 rt=67249 ct=91217 $8.73 
[529/600] if-210 xhigh r3 rt=11030 ct=16808 $8.78 
[530/600] if-298 xhigh r3 rt=501 ct=511 $8.78 
[531/600] if-206 xhigh r3 rt=14958 ct=18930 $8.84 
[532/600] bfcl-live_multiple_59-22-6 xhigh r3 rt=144 ct=160 $8.84 
[533/600] if-293 xhigh r3 rt=1471 ct=1509 $8.84 
[534/600] bfcl-live_multiple_71-31-0 xhigh r3 rt=80 ct=169 $8.84 
[535/600] bfcl-live_multiple_203-90-5 xhigh r3 rt=76 ct=101 $8.84 
[536/600] bfcl-live_multiple_128-50-0 xhigh r3 rt=167 ct=225 $8.84 
[537/600] bfcl-live_multiple_367-134-12 xhigh r3 rt=20 ct=48 $8.84 
[538/600] bfcl-live_multiple_390-137-8 xhigh r3 rt=62 ct=102 $8.85 
[539/600] bfcl-live_multiple_501-148-11 xhigh r3 rt=52 ct=130 $8.85 
[540/600] if-266 xhigh r3 rt=11993 ct=14633 $8.89 
[541/600] if-249 xhigh r3 rt=9973 ct=15038 $8.93 
[542/600] bfcl-live_multiple_556-154-2 xhigh r3 rt=98 ct=231 $8.94 
[543/600] bfcl-live_multiple_663-162-5 xhigh r3 rt=62 ct=133 $8.94 
[544/600] bfcl-live_multiple_832-178-7 xhigh r3 rt=33 ct=117 $8.94 
[545/600] bfcl-live_multiple_900-185-10 xhigh r3 rt=81 ct=156 $8.94 
[546/600] bfcl-live_multiple_943-196-1 xhigh r3 rt=28 ct=55 $8.94 
[547/600] bfcl-live_multiple_658-162-0 xhigh r3 rt=340 ct=449 $8.94 
[548/600] bfcl-live_multiple_901-185-11 xhigh r3 rt=66 ct=134 $8.94 
[549/600] bfcl-live_multiple_949-199-0 xhigh r3 rt=46 ct=74 $8.94 
[550/600] bfcl-live_multiple_951-200-0 xhigh r3 rt=21 ct=38 $8.94 
[551/600] bfcl-live_multiple_970-211-0 xhigh r3 rt=29 ct=94 $8.94 
[552/600] bfcl-live_multiple_432-141-21 xhigh r3 rt=101 ct=212 $8.95 
[553/600] if-299 xhigh r3 rt=1456 ct=1967 $8.95 
[554/600] bfcl-live_multiple_1007-236-0 xhigh r3 rt=37 ct=65 $8.95 
[555/600] bfcl-live_simple_24-5-2 xhigh r3 rt=35 ct=68 $8.95 
[556/600] bfcl-live_simple_55-25-1 xhigh r3 rt=50 ct=110 $8.95 
[557/600] bfcl-live_simple_61-29-1 xhigh r3 rt=15 ct=59 $8.95 
[558/600] bfcl-live_simple_87-48-0 xhigh r3 rt=52 ct=87 $8.95 
[559/600] bfcl-live_simple_25-5-3 xhigh r3 rt=127 ct=161 $8.95 
[560/600] bfcl-live_simple_105-62-0 xhigh r3 rt=119 ct=167 $8.95 
[561/600] bfcl-live_simple_98-58-0 xhigh r3 rt=56 ct=139 $8.96 
[562/600] bfcl-live_simple_139-92-0 xhigh r3 rt=66 ct=153 $8.96 
[563/600] bfcl-live_simple_130-84-0 xhigh r3 rt=100 ct=249 $8.96 
[564/600] bfcl-live_simple_137-90-0 xhigh r3 rt=78 ct=187 $8.96 
[565/600] bfcl-live_multiple_974-214-0 xhigh r3 rt=920 ct=941 $8.96 
[566/600] bfcl-live_simple_191-115-1 xhigh r3 rt=65 ct=119 $8.96 
[567/600] bfcl-live_simple_181-106-0 xhigh r3 rt=83 ct=163 $8.96 
[568/600] bfcl-live_simple_195-116-3 xhigh r3 rt=44 ct=110 $8.96 
[569/600] bfcl-live_simple_150-95-7 xhigh r3 rt=337 ct=331 $8.96 
[570/600] bfcl-live_simple_210-117-2 xhigh r3 rt=50 ct=106 $8.97 
[571/600] bfcl-live_simple_219-117-11 xhigh r3 rt=54 ct=116 $8.97 
[572/600] bfcl-live_simple_228-119-0 xhigh r3 rt=47 ct=79 $8.97 
[573/600] bfcl-live_simple_233-123-0 xhigh r3 rt=70 ct=150 $8.97 
[574/600] bfcl-live_simple_237-125-0 xhigh r3 rt=76 ct=118 $8.97 
[575/600] bfcl-live_simple_126-82-0 xhigh r3 rt=80 ct=203 $8.97 
[576/600] bfcl-irrelevance_106 xhigh r3 rt=334 ct=327 $8.97 
[577/600] bfcl-irrelevance_115 xhigh r3 rt=264 ct=359 $8.97 
[578/600] bfcl-irrelevance_68 xhigh r3 rt=273 ct=441 $8.97 
[579/600] bfcl-irrelevance_101 xhigh r3 rt=597 ct=776 $8.97 
[580/600] bfcl-irrelevance_167 xhigh r3 rt=279 ct=358 $8.98 
[581/600] bfcl-irrelevance_218 xhigh r3 rt=121 ct=159 $8.98 
[582/600] bfcl-live_parallel_multiple_1-1-0 xhigh r3 rt=37 ct=116 $8.98 
[583/600] bfcl-irrelevance_172 xhigh r3 rt=363 ct=418 $8.98 
[584/600] bfcl-live_parallel_multiple_2-2-0 xhigh r3 rt=307 ct=321 $8.98 
[585/600] bfcl-live_parallel_multiple_12-10-1 xhigh r3 rt=63 ct=123 $8.98 
[586/600] bfcl-live_parallel_multiple_0-0-0 xhigh r3 rt=119 ct=242 $8.98 
[587/600] bfcl-live_parallel_multiple_3-2-1 xhigh r3 rt=222 ct=344 $8.98 
[588/600] if-285 xhigh r3 rt=6794 ct=6716 $9.00 
[589/600] bfcl-live_parallel_multiple_13-11-0 xhigh r3 rt=108 ct=230 $9.00 
[590/600] bfcl-live_parallel_multiple_15-13-0 xhigh r3 rt=75 ct=162 $9.01 
[591/600] bfcl-live_parallel_multiple_14-12-0 xhigh r3 rt=101 ct=218 $9.01 
[592/600] bfcl-live_parallel_multiple_21-18-0 xhigh r3 rt=110 ct=256 $9.01 
[593/600] bfcl-live_parallel_multiple_18-16-0 xhigh r3 rt=90 ct=253 $9.01 
[594/600] bfcl-live_parallel_multiple_20-17-0 xhigh r3 rt=122 ct=358 $9.01 
[595/600] bfcl-live_parallel_multiple_17-15-0 xhigh r3 rt=1019 ct=894 $9.01 
[596/600] bfcl-irrelevance_132 xhigh r3 rt=1569 ct=1543 $9.02 
[597/600] if-278 xhigh r3 rt=18641 ct=23043 $9.09 
[598/600] ma-hmmt_feb_2026-27 xhigh r3 rt=59939 ct=99721 $9.38 
[599/600] if-230 xhigh r3 rt=37983 ct=47882 $9.53 
[600/600] ma-hmmt_feb_2026-18 xhigh r3 rt=57386 ct=79130 $9.76 
done in 146.2 min: ok=600 skip=0 err=0 cost=$9.76
