60 tasks x ['xhigh'] x 3 = 180 calls, concurrency 10
[1/180] ma-hmmt_feb_2026-11 xhigh r1 rt=459 ct=819 $0.00 
[2/180] ma-hmmt_feb_2026-14 xhigh r1 rt=2705 ct=3499 $0.01 
[3/180] ma-hmmt_feb_2026-4 xhigh r1 rt=3934 ct=7323 $0.03 
[4/180] ma-aime_2026-2 xhigh r1 rt=1513 ct=2841 $0.04 
[5/180] ma-hmmt_feb_2026-32 xhigh r1 rt=5690 ct=10490 $0.07 
[6/180] ma-hmmt_feb_2026-5 xhigh r1 rt=15335 ct=25975 $0.15 
[7/180] ma-hmmt_feb_2026-13 xhigh r1 rt=14022 ct=15472 $0.20 
[8/180] ma-hmmt_feb_2026-30 xhigh r1 rt=10873 ct=20671 $0.26 
[9/180] if-18 xhigh r1 rt=403 ct=409 $0.26 
[10/180] if-44 xhigh r1 rt=1054 ct=1329 $0.26 
[11/180] ma-hmmt_feb_2026-9 xhigh r1 rt=16992 ct=31095 $0.36 
[12/180] if-49 xhigh r1 rt=3164 ct=3608 $0.37 
[13/180] if-97 xhigh r1 rt=799 ct=788 $0.37 
[14/180] if-99 xhigh r1 rt=998 ct=1078 $0.37 
[15/180] if-89 xhigh r1 rt=4077 ct=5183 $0.39 
[16/180] ma-aime_2026-21 xhigh r1 rt=7130 ct=9890 $0.42 
[17/180] if-5 xhigh r1 rt=10894 ct=12830 $0.46 
[18/180] if-197 xhigh r1 rt=1318 ct=1595 $0.46 
[19/180] if-160 xhigh r1 rt=5030 ct=4633 $0.47 
[20/180] ma-hmmt_feb_2026-7 xhigh r1 rt=15318 ct=22971 $0.54 
[21/180] if-205 xhigh r1 rt=12044 ct=13818 $0.58 
[22/180] if-209 xhigh r1 rt=10766 ct=13707 $0.62 
[23/180] if-170 xhigh r1 rt=7443 ct=9086 $0.65 
[24/180] if-245 xhigh r1 rt=1725 ct=1653 $0.66 
[25/180] if-239 xhigh r1 rt=3209 ct=3808 $0.67 
[26/180] if-248 xhigh r1 rt=2419 ct=3116 $0.68 
[27/180] if-283 xhigh r1 rt=630 ct=584 $0.68 
[28/180] if-221 xhigh r1 rt=7871 ct=6815 $0.70 
[29/180] bfcl-live_multiple_286-129-1 xhigh r1 rt=145 ct=180 $0.70 
[30/180] bfcl-live_multiple_316-132-6 xhigh r1 rt=43 ct=107 $0.70 
[31/180] bfcl-live_multiple_562-155-2 xhigh r1 rt=46 ct=98 $0.70 
[32/180] bfcl-live_multiple_121-46-0 xhigh r1 rt=698 ct=818 $0.71 
[33/180] bfcl-live_multiple_607-159-0 xhigh r1 rt=192 ct=283 $0.71 
[34/180] bfcl-live_multiple_628-160-8 xhigh r1 rt=228 ct=283 $0.71 
[35/180] bfcl-live_multiple_802-175-8 xhigh r1 rt=47 ct=114 $0.71 
[36/180] bfcl-live_simple_4-3-0 xhigh r1 rt=74 ct=113 $0.71 
[37/180] bfcl-live_simple_118-74-0 xhigh r1 rt=67 ct=110 $0.71 
[38/180] if-204 xhigh r1 rt=19862 ct=22206 $0.78 
[39/180] bfcl-live_multiple_1030-258-0 xhigh r1 rt=438 ct=445 $0.78 
[40/180] bfcl-live_simple_173-99-7 xhigh r1 rt=34 ct=61 $0.78 
[41/180] bfcl-live_simple_158-95-15 xhigh r1 rt=93 ct=128 $0.78 
[42/180] bfcl-live_simple_176-102-0 xhigh r1 rt=249 ct=239 $0.78 
[43/180] bfcl-live_simple_180-105-0 xhigh r1 rt=214 ct=247 $0.78 
[44/180] bfcl-live_simple_222-117-14 xhigh r1 rt=56 ct=122 $0.78 
[45/180] bfcl-irrelevance_1 xhigh r1 rt=103 ct=429 $0.78 
[46/180] bfcl-irrelevance_81 xhigh r1 rt=36 ct=420 $0.78 
[47/180] bfcl-live_simple_234-123-1 xhigh r1 rt=747 ct=700 $0.79 
[48/180] if-268 xhigh r1 rt=4619 ct=5899 $0.80 
[49/180] bfcl-irrelevance_221 xhigh r1 rt=104 ct=423 $0.80 
[50/180] bfcl-live_parallel_multiple_16-14-0 xhigh r1 rt=112 ct=168 $0.81 
[51/180] bfcl-live_parallel_multiple_7-6-0 xhigh r1 rt=81 ct=179 $0.81 
[52/180] bfcl-live_parallel_multiple_4-3-0 xhigh r1 rt=653 ct=683 $0.81 
[53/180] bfcl-live_parallel_multiple_19-16-1 xhigh r1 rt=77 ct=213 $0.81 
[54/180] bfcl-irrelevance_149 xhigh r1 rt=1412 ct=1914 $0.82 
[55/180] ma-hmmt_feb_2026-29 xhigh r1 rt=32653 ct=51584 $0.97 
[56/180] ma-hmmt_feb_2026-11 xhigh r2 rt=518 ct=756 $0.97 
[57/180] ma-hmmt_feb_2026-4 xhigh r2 rt=3345 ct=6227 $0.99 
[58/180] ma-hmmt_feb_2026-14 xhigh r2 rt=3016 ct=3749 $1.00 
[59/180] ma-hmmt_feb_2026-13 xhigh r2 rt=11288 ct=13217 $1.04 
[60/180] ma-hmmt_feb_2026-26 xhigh r1 rt=45558 ct=82382 $1.29 
[61/180] ma-aime_2026-30 xhigh r1 rt=38826 ct=52144 $1.44 
[62/180] if-124 xhigh r1 rt=44310 ct=58270 $1.61 
[63/180] ma-aime_2026-15 xhigh r1 rt=67231 ct=93416 $1.89 
[64/180] ma-hmmt_feb_2026-26 xhigh r2 rt=15442 ct=28767 $1.98 
[65/180] ma-hmmt_feb_2026-9 xhigh r2 rt=15145 ct=30586 $2.07 
[66/180] ma-hmmt_feb_2026-25 xhigh r1 rt=56487 ct=62162 $2.25 
[67/180] ma-aime_2026-2 xhigh r2 rt=2914 ct=5024 $2.27 
[68/180] ma-hmmt_feb_2026-30 xhigh r2 rt=10289 ct=19141 $2.32 
[69/180] if-18 xhigh r2 rt=697 ct=676 $2.33 
[70/180] ma-hmmt_feb_2026-32 xhigh r2 rt=8811 ct=15461 $2.37 
[71/180] if-44 xhigh r2 rt=1210 ct=1530 $2.38 
[72/180] ma-aime_2026-21 xhigh r2 rt=8934 ct=11347 $2.41 
[73/180] if-97 xhigh r2 rt=1166 ct=1054 $2.41 
[74/180] if-99 xhigh r2 rt=816 ct=904 $2.42 
[75/180] if-5 xhigh r2 rt=4339 ct=5725 $2.43 
[76/180] if-89 xhigh r2 rt=2262 ct=2642 $2.44 
[77/180] if-160 xhigh r2 rt=1511 ct=1430 $2.45 
[78/180] if-197 xhigh r2 rt=1175 ct=1337 $2.45 
[79/180] if-49 xhigh r2 rt=5441 ct=6691 $2.47 
[80/180] if-170 xhigh r2 rt=6145 ct=7415 $2.49 
[81/180] if-204 xhigh r2 rt=8943 ct=10274 $2.52 
[82/180] if-221 xhigh r2 rt=2585 ct=2228 $2.53 
[83/180] ma-hmmt_feb_2026-7 xhigh r2 rt=47678 ct=75547 $2.75 
[84/180] if-245 xhigh r2 rt=3044 ct=2719 $2.76 
[85/180] if-239 xhigh r2 rt=4384 ct=5052 $2.78 
[86/180] ma-hmmt_feb_2026-25 xhigh r2 rt=41344 ct=50341 $2.93 
[87/180] if-209 xhigh r2 rt=7097 ct=8871 $2.95 
[88/180] if-283 xhigh r2 rt=828 ct=787 $2.95 
[89/180] bfcl-live_multiple_121-46-0 xhigh r2 rt=437 ct=540 $2.96 
[90/180] bfcl-live_multiple_286-129-1 xhigh r2 rt=117 ct=156 $2.96 
[91/180] bfcl-live_multiple_562-155-2 xhigh r2 rt=69 ct=115 $2.96 
[92/180] bfcl-live_multiple_316-132-6 xhigh r2 rt=45 ct=107 $2.96 
[93/180] bfcl-live_multiple_628-160-8 xhigh r2 rt=132 ct=177 $2.96 
[94/180] bfcl-live_multiple_802-175-8 xhigh r2 rt=47 ct=116 $2.96 
[95/180] bfcl-live_multiple_1030-258-0 xhigh r2 rt=113 ct=138 $2.96 
[96/180] bfcl-live_simple_4-3-0 xhigh r2 rt=81 ct=135 $2.96 
[97/180] bfcl-live_simple_118-74-0 xhigh r2 rt=59 ct=101 $2.96 
[98/180] if-248 xhigh r2 rt=4433 ct=5459 $2.98 
[99/180] bfcl-live_multiple_607-159-0 xhigh r2 rt=570 ct=703 $2.98 
[100/180] bfcl-live_simple_158-95-15 xhigh r2 rt=30 ct=64 $2.98 
[101/180] bfcl-live_simple_173-99-7 xhigh r2 rt=28 ct=54 $2.98 
[102/180] bfcl-live_simple_222-117-14 xhigh r2 rt=46 ct=110 $2.98 
[103/180] bfcl-live_simple_180-105-0 xhigh r2 rt=360 ct=462 $2.98 
[104/180] bfcl-live_simple_234-123-1 xhigh r2 rt=366 ct=388 $2.99 
[105/180] bfcl-live_simple_176-102-0 xhigh r2 rt=742 ct=788 $2.99 
[106/180] bfcl-irrelevance_81 xhigh r2 rt=54 ct=487 $2.99 
[107/180] bfcl-irrelevance_1 xhigh r2 rt=128 ct=400 $2.99 
[108/180] bfcl-irrelevance_149 xhigh r2 rt=483 ct=734 $2.99 
[109/180] ma-hmmt_feb_2026-5 xhigh r2 rt=25955 ct=47272 $3.13 
[110/180] bfcl-live_parallel_multiple_7-6-0 xhigh r2 rt=71 ct=193 $3.13 
[111/180] bfcl-irrelevance_221 xhigh r2 rt=118 ct=400 $3.14 
[112/180] bfcl-live_parallel_multiple_4-3-0 xhigh r2 rt=514 ct=556 $3.14 
[113/180] bfcl-live_parallel_multiple_16-14-0 xhigh r2 rt=82 ct=135 $3.14 
[114/180] bfcl-live_parallel_multiple_19-16-1 xhigh r2 rt=122 ct=249 $3.14 
[115/180] if-268 xhigh r2 rt=9142 ct=11551 $3.17 
[116/180] ma-aime_2026-30 xhigh r2 rt=33508 ct=48120 $3.32 
[117/180] ma-hmmt_feb_2026-11 xhigh r3 rt=760 ct=1033 $3.32 
[118/180] ma-hmmt_feb_2026-4 xhigh r3 rt=5215 ct=9059 $3.35 
[119/180] ma-hmmt_feb_2026-14 xhigh r3 rt=2223 ct=3046 $3.36 
[120/180] ma-hmmt_feb_2026-13 xhigh r3 rt=9678 ct=11415 $3.39 
[121/180] ma-hmmt_feb_2026-5 xhigh r3 rt=16218 ct=28128 $3.47 
[122/180] if-124 xhigh r2 rt=42411 ct=55002 $3.64 
[123/180] ma-hmmt_feb_2026-9 xhigh r3 rt=15790 ct=30416 $3.73 
[124/180] ma-aime_2026-2 xhigh r3 rt=1834 ct=2952 $3.74 
[125/180] if-205 xhigh r2 rt=32517 ct=41215 $3.86 
[126/180] ma-hmmt_feb_2026-26 xhigh r3 rt=16625 ct=26194 $3.94 
[127/180] ma-hmmt_feb_2026-29 xhigh r2 rt=30887 ct=54891 $4.10 
[128/180] ma-aime_2026-21 xhigh r3 rt=7424 ct=9912 $4.13 
[129/180] if-5 xhigh r3 rt=4058 ct=5584 $4.15 
[130/180] if-18 xhigh r3 rt=419 ct=422 $4.15 
[131/180] if-44 xhigh r3 rt=1326 ct=1527 $4.15 
[132/180] if-49 xhigh r3 rt=1833 ct=2085 $4.16 
[133/180] if-97 xhigh r3 rt=974 ct=944 $4.16 
[134/180] if-89 xhigh r3 rt=2797 ct=3189 $4.17 
[135/180] if-99 xhigh r3 rt=921 ct=1077 $4.17 
[136/180] ma-hmmt_feb_2026-32 xhigh r3 rt=9607 ct=16609 $4.22 
[137/180] ma-hmmt_feb_2026-30 xhigh r3 rt=12075 ct=24122 $4.30 
[138/180] if-160 xhigh r3 rt=6046 ct=5471 $4.31 
[139/180] if-197 xhigh r3 rt=1215 ct=1390 $4.32 
[140/180] if-170 xhigh r3 rt=4232 ct=5199 $4.33 
[141/180] if-209 xhigh r3 rt=4259 ct=5363 $4.35 
[142/180] if-204 xhigh r3 rt=11737 ct=13069 $4.39 
[143/180] if-239 xhigh r3 rt=2822 ct=3300 $4.40 
[144/180] ma-aime_2026-15 xhigh r2 rt=61410 ct=82923 $4.64 
[145/180] if-221 xhigh r3 rt=7429 ct=6454 $4.66 
[146/180] if-245 xhigh r3 rt=4068 ct=3586 $4.67 
[147/180] if-283 xhigh r3 rt=346 ct=340 $4.67 
[148/180] if-205 xhigh r3 rt=17136 ct=21615 $4.74 
[149/180] bfcl-live_multiple_121-46-0 xhigh r3 rt=164 ct=293 $4.74 
[150/180] bfcl-live_multiple_286-129-1 xhigh r3 rt=102 ct=145 $4.74 
[151/180] bfcl-live_multiple_316-132-6 xhigh r3 rt=42 ct=104 $4.74 
[152/180] if-248 xhigh r3 rt=4358 ct=5625 $4.76 
[153/180] bfcl-live_multiple_562-155-2 xhigh r3 rt=46 ct=88 $4.76 
[154/180] bfcl-live_multiple_628-160-8 xhigh r3 rt=116 ct=173 $4.76 
[155/180] bfcl-live_multiple_802-175-8 xhigh r3 rt=47 ct=121 $4.76 
[156/180] bfcl-live_multiple_1030-258-0 xhigh r3 rt=77 ct=106 $4.76 
[157/180] bfcl-live_simple_4-3-0 xhigh r3 rt=83 ct=119 $4.76 
[158/180] bfcl-live_simple_118-74-0 xhigh r3 rt=79 ct=118 $4.76 
[159/180] bfcl-live_simple_158-95-15 xhigh r3 rt=39 ct=75 $4.76 
[160/180] bfcl-live_simple_173-99-7 xhigh r3 rt=28 ct=55 $4.76 
[161/180] bfcl-live_multiple_607-159-0 xhigh r3 rt=499 ct=615 $4.76 
[162/180] bfcl-live_simple_180-105-0 xhigh r3 rt=103 ct=199 $4.77 
[163/180] bfcl-live_simple_176-102-0 xhigh r3 rt=221 ct=235 $4.77 
[164/180] bfcl-live_simple_222-117-14 xhigh r3 rt=64 ct=132 $4.77 
[165/180] bfcl-irrelevance_1 xhigh r3 rt=80 ct=288 $4.77 
[166/180] bfcl-irrelevance_81 xhigh r3 rt=55 ct=452 $4.77 
[167/180] bfcl-live_simple_234-123-1 xhigh r3 rt=858 ct=800 $4.77 
[168/180] bfcl-irrelevance_221 xhigh r3 rt=220 ct=642 $4.77 
[169/180] bfcl-live_parallel_multiple_7-6-0 xhigh r3 rt=108 ct=193 $4.78 
[170/180] bfcl-live_parallel_multiple_4-3-0 xhigh r3 rt=359 ct=402 $4.78 
[171/180] bfcl-live_parallel_multiple_16-14-0 xhigh r3 rt=96 ct=158 $4.78 
[172/180] bfcl-irrelevance_149 xhigh r3 rt=836 ct=1168 $4.78 
[173/180] bfcl-live_parallel_multiple_19-16-1 xhigh r3 rt=68 ct=229 $4.78 
[174/180] ma-aime_2026-30 xhigh r3 rt=32491 ct=45877 $4.92 
[175/180] ma-hmmt_feb_2026-25 xhigh r3 rt=48240 ct=57504 $5.09 
[176/180] if-268 xhigh r3 rt=9379 ct=11776 $5.12 
[177/180] ma-hmmt_feb_2026-29 xhigh r3 rt=35489 ct=55929 $5.29 
[178/180] if-124 xhigh r3 rt=35209 ct=43250 $5.42 
[179/180] ma-hmmt_feb_2026-7 xhigh r3 rt=37197 ct=66337 $5.62 
[180/180] ma-aime_2026-15 xhigh r3 rt=67020 ct=97830 $5.91 
done in 59.3 min: ok=180 skip=0 err=0 cost=$5.91
