# benchlocal-cli sandbox log — lcb-v6-30
# container_id: 2f0ca95e4b3e11c3ff910b4e6c300ab2f6983fe0eda502956ef7372ba2d4af7c
# captured_at: 2026-08-21T23:09:47Z

=== STDOUT ===

=== STDERR ===
[code-reasoning-sandbox] listening on :9000
[code-reasoning-sandbox] "GET /health HTTP/1.1" 200 -
[code-reasoning-sandbox] "POST /verify HTTP/1.1" 200 -
[code-reasoning-sandbox] "POST /verify HTTP/1.1" 200 -
[code-reasoning-sandbox] "POST /verify HTTP/1.1" 200 -
[code-reasoning-sandbox] "POST /verify HTTP/1.1" 200 -
[code-reasoning-sandbox] "POST /verify HTTP/1.1" 200 -
[code-reasoning-sandbox] "POST /verify HTTP/1.1" 200 -
[code-reasoning-sandbox] "POST /verify HTTP/1.1" 200 -
[code-reasoning-sandbox] "POST /verify HTTP/1.1" 200 -
[code-reasoning-sandbox] "POST /verify HTTP/1.1" 200 -
[code-reasoning-sandbox] "POST /verify HTTP/1.1" 200 -
[code-reasoning-sandbox] "POST /verify HTTP/1.1" 200 -
[code-reasoning-sandbox] "POST /verify HTTP/1.1" 200 -
[code-reasoning-sandbox] "POST /verify HTTP/1.1" 200 -
[code-reasoning-sandbox] "POST /verify HTTP/1.1" 200 -
[code-reasoning-sandbox] "POST /verify HTTP/1.1" 200 -
[code-reasoning-sandbox] "POST /verify HTTP/1.1" 200 -
[code-reasoning-sandbox] "POST /verify HTTP/1.1" 200 -
[code-reasoning-sandbox] "POST /verify HTTP/1.1" 200 -
[code-reasoning-sandbox] "POST /verify HTTP/1.1" 200 -
[code-reasoning-sandbox] "POST /verify HTTP/1.1" 200 -
[code-reasoning-sandbox] "POST /verify HTTP/1.1" 200 -
[code-reasoning-sandbox] "POST /verify HTTP/1.1" 200 -
[code-reasoning-sandbox] "POST /verify HTTP/1.1" 200 -
[code-reasoning-sandbox] "POST /verify HTTP/1.1" 200 -
[code-reasoning-sandbox] "POST /verify HTTP/1.1" 200 -
[code-reasoning-sandbox] "POST /verify HTTP/1.1" 200 -
[code-reasoning-sandbox] "POST /verify HTTP/1.1" 200 -
[code-reasoning-sandbox] "POST /verify HTTP/1.1" 200 -
[code-reasoning-sandbox] "POST /verify HTTP/1.1" 200 -
[code-reasoning-sandbox] "POST /verify HTTP/1.1" 200 -
[code-reasoning-sandbox] "POST /verify HTTP/1.1" 200 -
[code-reasoning-sandbox] "POST /verify HTTP/1.1" 200 -
[code-reasoning-sandbox] "POST /verify HTTP/1.1" 200 -

