# benchlocal-cli sandbox log — hermesagent-20
# container_id: 7a44e738d6eeb4af6f09843f976624d7b39f3c64e018b53f7d732f3038f65c36
# captured_at: 2026-08-19T05:02:26Z

=== STDOUT ===
HermesAgent-20 verifier listening on http://0.0.0.0:4010

=== STDERR ===
[entrypoint] starting upstream node grader on internal :4010...
[entrypoint] upstream node grader ready on :4010 (2s)
[hermes-sandbox] listening on :9000 (stage=v0.7.4, upstream=http://127.0.0.1:4010, hermes_agent_source=baked, timeout=300s)
[hermes-sandbox] "GET /health HTTP/1.1" 200 -
[hermes-sandbox] "POST /verify-start HTTP/1.1" 200 -
[hermes-sandbox] "POST /verify-start HTTP/1.1" 200 -
[hermes-sandbox] "POST /verify-start HTTP/1.1" 200 -
[hermes-sandbox] "POST /verify-start HTTP/1.1" 200 -
[hermes-sandbox] "POST /verify-start HTTP/1.1" 200 -
[hermes-sandbox] "POST /verify-start HTTP/1.1" 200 -
[hermes-sandbox] "POST /verify-start HTTP/1.1" 200 -
[hermes-sandbox] "POST /verify-start HTTP/1.1" 200 -
[hermes-sandbox] "POST /verify-start HTTP/1.1" 200 -
[hermes-sandbox] "POST /verify-start HTTP/1.1" 200 -
[hermes-sandbox] "POST /verify-start HTTP/1.1" 200 -
[hermes-sandbox] "POST /verify-start HTTP/1.1" 200 -
[hermes-sandbox] "POST /verify-start HTTP/1.1" 200 -
[hermes-sandbox] "POST /verify-start HTTP/1.1" 200 -
[hermes-sandbox] "POST /verify-start HTTP/1.1" 200 -
[hermes-sandbox] "POST /verify-start HTTP/1.1" 200 -
[hermes-sandbox] "POST /verify-start HTTP/1.1" 200 -
[hermes-sandbox] "POST /verify-start HTTP/1.1" 200 -
[hermes-sandbox] "POST /verify-start HTTP/1.1" 200 -
[hermes-sandbox] "POST /verify-start HTTP/1.1" 200 -
[hermes-sandbox] "POST /verify-start HTTP/1.1" 200 -
[hermes-sandbox] "POST /verify-start HTTP/1.1" 200 -
[hermes-sandbox] "POST /verify-start HTTP/1.1" 200 -
[hermes-sandbox] "POST /verify-start HTTP/1.1" 200 -
[hermes-sandbox] "POST /verify-start HTTP/1.1" 200 -
[hermes-sandbox] "POST /verify-start HTTP/1.1" 200 -
[hermes-sandbox] "POST /verify-start HTTP/1.1" 200 -
[hermes-sandbox] "POST /verify-start HTTP/1.1" 200 -

