# benchlocal-cli sandbox log — hermesagent-20
# container_id: 0380b71b5ac7bf80e03fa0ab04c174291bf4156c8a3b43ee5b1014b0a3067957
# captured_at: 2026-08-22T12:39:48Z

=== STDOUT ===
HermesAgent-20 verifier listening on http://0.0.0.0:4010

=== STDERR ===
[entrypoint] starting upstream node grader on internal :4010...
[entrypoint] upstream node grader ready on :4010 (2s)
[hermes-sandbox] listening on :9000 (stage=v0.7.4, upstream=http://127.0.0.1:4010, hermes_agent_source=baked, timeout=300s)
[hermes-sandbox] "GET /health HTTP/1.1" 200 -
[hermes-sandbox] "POST /verify-start HTTP/1.1" 200 -
[hermes-sandbox] "POST /verify-start HTTP/1.1" 200 -
[hermes-sandbox] "POST /verify-start HTTP/1.1" 200 -
[hermes-sandbox] "POST /verify-start HTTP/1.1" 200 -
[hermes-sandbox] "POST /verify-start HTTP/1.1" 200 -
[hermes-sandbox] "POST /verify-start HTTP/1.1" 200 -
[hermes-sandbox] "POST /verify-start HTTP/1.1" 200 -
[hermes-sandbox] "POST /verify-start HTTP/1.1" 200 -
[hermes-sandbox] "POST /verify-start HTTP/1.1" 200 -
[hermes-sandbox] "POST /verify-start HTTP/1.1" 200 -
[hermes-sandbox] "POST /verify-start HTTP/1.1" 200 -
[hermes-sandbox] "POST /verify-start HTTP/1.1" 200 -
[hermes-sandbox] "POST /verify-start HTTP/1.1" 200 -
[hermes-sandbox] "POST /verify-start HTTP/1.1" 200 -
[hermes-sandbox] "POST /verify-start HTTP/1.1" 200 -
[hermes-sandbox] "POST /verify-start HTTP/1.1" 200 -
[hermes-sandbox] "POST /verify-start HTTP/1.1" 200 -
[hermes-sandbox] "POST /verify-start HTTP/1.1" 200 -
[hermes-sandbox] "POST /verify-start HTTP/1.1" 200 -
[hermes-sandbox] "POST /verify-start HTTP/1.1" 200 -
[hermes-sandbox] "POST /verify-start HTTP/1.1" 200 -
[hermes-sandbox] "POST /verify-start HTTP/1.1" 200 -
[hermes-sandbox] "POST /verify-start HTTP/1.1" 200 -
[hermes-sandbox] "POST /verify-start HTTP/1.1" 200 -
[hermes-sandbox] "POST /verify-start HTTP/1.1" 200 -
[hermes-sandbox] "POST /verify-start HTTP/1.1" 200 -
[hermes-sandbox] "POST /verify-start HTTP/1.1" 200 -
[hermes-sandbox] "POST /verify-start HTTP/1.1" 200 -

