[18:02:40] sandbox port offset 1040
benchlocal-cli: thinking control 'reasoning_effort' (explicit --reasoning-effort)
  [1/4] CLI-02 ✓ passed pass@1 (117.1s)
  [2/4] CLI-12 ✓ passed pass@1 (757.5s)
  [3/4] CLI-22 ✓ passed pass@1 (12.6s)
  [4/4] CLI-32 ✓ passed pass@1 (16.2s)
cli-40 (v1.0.2) | 4 / 4 | 100% | 66.69s | ok; partial — 4 of 40 selected
  [1/2] HA-02 ✓ passed pass@1 (244.0s)
  [2/2] HA-12 ✓ passed pass@1 (59.0s)
hermesagent-20 (v1.0.0) | 2 / 2 | 100% | 151.48s | ok; partial — 2 of 20 selected
## Quality bench, thinking on, benchlocal-cli v0.9.8, repeat = 1

Pack | Pass / Total | Score | Std | CV | p50 latency | p95 latency | Status
---|---:|---:|---:|---:|---:|---:|---
cli-40 (v1.0.2) | 4 / 4 | 100% | — | — | 66.69s | 757.47s | ok; partial — 4 of 40 selected
hermesagent-20 (v1.0.0) | 2 / 2 | 100% | — | — | 151.48s | 243.95s | ok; partial — 2 of 20 selected

TOTAL | 6 / 6 | 100% |  |  |  |  |

Equivalent to: 150/150

<details>
<summary>Raw data</summary>

```
=== benchlocal-cli --custom  (endpoint: http://127.0.0.1:19420/v1, model: bench, thinking=on, 2026-09-27T18:02:40.803506Z) [PARTIAL SELECTION: 6 scenarios] ===

  [1/4] CLI-02 ✓ passed pass@1 (117.1s)
  [2/4] CLI-12 ✓ passed pass@1 (757.5s)
  [3/4] CLI-22 ✓ passed pass@1 (12.6s)
  [4/4] CLI-32 ✓ passed pass@1 (16.2s)
cli-40 (v1.0.2) | 4 / 4 | 100% | 66.69s | ok; partial — 4 of 40 selected
  [1/2] HA-02 ✓ passed pass@1 (244.0s)
  [2/2] HA-12 ✓ passed pass@1 (59.0s)
hermesagent-20 (v1.0.0) | 2 / 2 | 100% | 151.48s | ok; partial — 2 of 20 selected

Pack | Pass / Total | Score | p50 latency | p95 latency | Status
---|---:|---:|---:|---:|---
cli-40 (v1.0.2) | 4 / 4 | 100% | 66.69s | 757.47s | ok; partial — 4 of 40 selected
hermesagent-20 (v1.0.0) | 2 / 2 | 100% | 151.48s | 243.95s | ok; partial — 2 of 20 selected

TOTAL | 6 / 6 | 100% |  |  |

Completion and extraction diagnostics:

Pack | finish_reason=length | extraction_method | extraction_issue | response_field_used
---|---:|---|---|---
cli-40 | 0 / 6 (0.0%) | — | — | message.content=3, multi_turn=1
hermesagent-20 | — | — | — | multi_turn=2
```

</details>
