[18:26:49] sandbox port offset 2060
benchlocal-cli: thinking control 'reasoning_effort' (explicit --reasoning-effort)
  [1/5] CLI-08 ✗ server_error pass@2 (6282.1s)
  [2/5] CLI-16 ✓ passed pass@1 (129.7s)
  [3/5] CLI-24 ✓ passed pass@1 (37.4s)
  [4/5] CLI-32 ✗ verifier_fail fail (15.4s)
  [5/5] CLI-40 ✓ passed pass@1 (69.7s)
cli-40 (v1.0.2) | pass@1 3 / 5 (60%) | pass@3 4 / 5 (80%) | 69.69s | ok; partial — 5 of 40 selected
  [1/2] HA-08 ✓ passed pass@1 (85.2s)
  [2/2] HA-16 ✗ verifier_fail fail (71.5s)
hermesagent-20 (v1.0.0) | 1 / 2 | 50% | 78.36s | ok; partial — 2 of 20 selected
## Quality bench, thinking on, benchlocal-cli v0.9.8, repeat = 1

Pack | Pass / Total | Score | Std | CV | p50 latency | p95 latency | Status
---|---:|---:|---:|---:|---:|---:|---
cli-40 (v1.0.2) | 3 / 5 | 60% | — | — | 69.69s | 6282.12s | ok; partial — 5 of 40 selected
hermesagent-20 (v1.0.0) | 1 / 2 | 50% | — | — | 78.36s | 85.18s | ok; partial — 2 of 20 selected

TOTAL | 4 / 7 | 57% |  |  |  |  |

Equivalent to: 86/150

<details>
<summary>Raw data</summary>

```
=== benchlocal-cli --custom  (endpoint: http://127.0.0.1:19410/v1, model: bench, thinking=on, 2026-09-27T18:26:49.899630Z) [PARTIAL SELECTION: 7 scenarios] ===

  [1/5] CLI-08 ✗ server_error pass@2 (6282.1s)
  [2/5] CLI-16 ✓ passed pass@1 (129.7s)
  [3/5] CLI-24 ✓ passed pass@1 (37.4s)
  [4/5] CLI-32 ✗ verifier_fail fail (15.4s)
  [5/5] CLI-40 ✓ passed pass@1 (69.7s)
cli-40 (v1.0.2) | pass@1 3 / 5 (60%) | pass@3 4 / 5 (80%) | 69.69s | ok; partial — 5 of 40 selected
  [1/2] HA-08 ✓ passed pass@1 (85.2s)
  [2/2] HA-16 ✗ verifier_fail fail (71.5s)
hermesagent-20 (v1.0.0) | 1 / 2 | 50% | 78.36s | ok; partial — 2 of 20 selected

Pack | Pass@1 | Pass@3 | Flaky | p50 latency | p95 latency | Status
---|---:|---:|---:|---:|---:|---
cli-40 (v1.0.2) | 3 / 5 (60%) | 4 / 5 (80%) | 1 | 69.69s | 6282.12s | ok; partial — 5 of 40 selected
hermesagent-20 (v1.0.0) | 1 / 2 (50%) | - | - | 78.36s | 85.18s | ok; partial — 2 of 20 selected

TOTAL | 4 / 7 (57%) | 4 / 5 (80%) | 1 |  |  |

Inline retry classification (clean pass@1 rows omitted):

Scenario | Label | Attempts | Pass@k credit
---|---|---:|---
cli-40/CLI-08 | pass@2 | 2 | yes
cli-40/CLI-32 | fail | 1 | no
hermesagent-20/HA-16 | fail | 1 | no

Completion and extraction diagnostics:

Pack | finish_reason=length | extraction_method | extraction_issue | response_field_used
---|---:|---|---|---
cli-40 | 0 / 13 (0.0%) | — | — | message.content=3, message.reasoning=1, multi_turn=2
hermesagent-20 | — | — | — | multi_turn=2

Failure breakdown:
- cli-40 CLI-08: server_error [pass@2] (CLI-08: verifier raised OSError: [Errno 7] Argument list too long: 'node')
- cli-40 CLI-32: verifier_fail [fail] (CLI-32: Did not satisfy the scenario requirements. (score=0; correctness=0/2; efficiency=0/2; discipline=0/2; commandCount=1; note=Applied or attempted a blanket chmod 777 across the project tree.))
- hermesagent-20 HA-16: verifier_fail [fail] (Hermes failed to send the message to the correct named target.)
```

</details>
