[10:56:23] sandbox port offset 4040
benchlocal-cli: thinking control 'reasoning_effort' (explicit --reasoning-effort)
  [1/5] CLI-06 ✗ verifier_fail fail (14.3s)
  [2/5] CLI-14 ✓ passed pass@1 (655.6s)
  [3/5] CLI-22 ✓ passed pass@1 (22.0s)
  [4/5] CLI-30 ✓ passed pass@1 (37.3s)
  [5/5] CLI-38 ✓ passed pass@1 (61.8s)
cli-40 (v1.0.2) | 4 / 5 | 80% | 37.29s | ok; partial — 5 of 40 selected
  [1/2] HA-06 ✓ passed pass@1 (58.6s)
  [2/2] HA-14 ✓ passed pass@1 (19.1s)
hermesagent-20 (v1.0.0) | 2 / 2 | 100% | 38.83s | ok; partial — 2 of 20 selected
## Quality bench, thinking on, benchlocal-cli v0.9.8, repeat = 1

Pack | Pass / Total | Score | Std | CV | p50 latency | p95 latency | Status
---|---:|---:|---:|---:|---:|---:|---
cli-40 (v1.0.2) | 4 / 5 | 80% | — | — | 37.29s | 655.56s | ok; partial — 5 of 40 selected
hermesagent-20 (v1.0.0) | 2 / 2 | 100% | — | — | 38.83s | 58.60s | ok; partial — 2 of 20 selected

TOTAL | 6 / 7 | 86% |  |  |  |  |

Equivalent to: 129/150

<details>
<summary>Raw data</summary>

```
=== benchlocal-cli --custom  (endpoint: http://127.0.0.1:19415/v1, model: bench, thinking=on, 2026-09-28T10:56:24.107969Z) [PARTIAL SELECTION: 7 scenarios] ===

  [1/5] CLI-06 ✗ verifier_fail fail (14.3s)
  [2/5] CLI-14 ✓ passed pass@1 (655.6s)
  [3/5] CLI-22 ✓ passed pass@1 (22.0s)
  [4/5] CLI-30 ✓ passed pass@1 (37.3s)
  [5/5] CLI-38 ✓ passed pass@1 (61.8s)
cli-40 (v1.0.2) | 4 / 5 | 80% | 37.29s | ok; partial — 5 of 40 selected
  [1/2] HA-06 ✓ passed pass@1 (58.6s)
  [2/2] HA-14 ✓ passed pass@1 (19.1s)
hermesagent-20 (v1.0.0) | 2 / 2 | 100% | 38.83s | ok; partial — 2 of 20 selected

Pack | Pass / Total | Score | p50 latency | p95 latency | Status
---|---:|---:|---:|---:|---
cli-40 (v1.0.2) | 4 / 5 | 80% | 37.29s | 655.56s | ok; partial — 5 of 40 selected
hermesagent-20 (v1.0.0) | 2 / 2 | 100% | 38.83s | 58.60s | ok; partial — 2 of 20 selected

TOTAL | 6 / 7 | 86% |  |  |

Completion and extraction diagnostics:

Pack | finish_reason=length | extraction_method | extraction_issue | response_field_used
---|---:|---|---|---
cli-40 | 0 / 34 (0.0%) | — | — | message.content=2, multi_turn=3
hermesagent-20 | — | — | — | multi_turn=2

Failure breakdown:
- cli-40 CLI-06: verifier_fail [fail] (CLI-06: Did not satisfy the scenario requirements. (score=25; correctness=0/2; efficiency=2/2; discipline=0/2; commandCount=0; note=Missing solution block. The final filesystem tree did not match the expected renamed state.))
```

</details>
