[10:47:01] sandbox port offset 4050
benchlocal-cli: thinking control 'reasoning_effort' (explicit --reasoning-effort)
  [1/5] CLI-03 ✓ passed pass@1 (66.4s)
  [2/5] CLI-11 ✓ passed pass@1 (203.8s)
  [3/5] CLI-19 ✓ passed pass@1 (146.9s)
  [4/5] CLI-27 ✓ passed pass@1 (151.5s)
  [5/5] CLI-35 ✗ verifier_fail fail (4.8s)
cli-40 (v1.0.2) | 4 / 5 | 80% | 146.94s | ok; partial — 5 of 40 selected
  [1/3] HA-03 ✓ passed pass@1 (16.3s)
  [2/3] HA-11 ✓ passed pass@1 (59.5s)
  [3/3] HA-19 ✗ verifier_fail fail (111.1s)
hermesagent-20 (v1.0.0) | 2 / 3 | 67% | 59.46s | ok; partial — 3 of 20 selected
## Quality bench, thinking on, benchlocal-cli v0.9.8, repeat = 1

Pack | Pass / Total | Score | Std | CV | p50 latency | p95 latency | Status
---|---:|---:|---:|---:|---:|---:|---
cli-40 (v1.0.2) | 4 / 5 | 80% | — | — | 146.94s | 203.76s | ok; partial — 5 of 40 selected
hermesagent-20 (v1.0.0) | 2 / 3 | 67% | — | — | 59.46s | 111.14s | ok; partial — 3 of 20 selected

TOTAL | 6 / 8 | 75% |  |  |  |  |

Equivalent to: 113/150

<details>
<summary>Raw data</summary>

```
=== benchlocal-cli --custom  (endpoint: http://127.0.0.1:19414/v1, model: bench, thinking=on, 2026-09-28T10:47:01.231413Z) [PARTIAL SELECTION: 8 scenarios] ===

  [1/5] CLI-03 ✓ passed pass@1 (66.4s)
  [2/5] CLI-11 ✓ passed pass@1 (203.8s)
  [3/5] CLI-19 ✓ passed pass@1 (146.9s)
  [4/5] CLI-27 ✓ passed pass@1 (151.5s)
  [5/5] CLI-35 ✗ verifier_fail fail (4.8s)
cli-40 (v1.0.2) | 4 / 5 | 80% | 146.94s | ok; partial — 5 of 40 selected
  [1/3] HA-03 ✓ passed pass@1 (16.3s)
  [2/3] HA-11 ✓ passed pass@1 (59.5s)
  [3/3] HA-19 ✗ verifier_fail fail (111.1s)
hermesagent-20 (v1.0.0) | 2 / 3 | 67% | 59.46s | ok; partial — 3 of 20 selected

Pack | Pass / Total | Score | p50 latency | p95 latency | Status
---|---:|---:|---:|---:|---
cli-40 (v1.0.2) | 4 / 5 | 80% | 146.94s | 203.76s | ok; partial — 5 of 40 selected
hermesagent-20 (v1.0.0) | 2 / 3 | 67% | 59.46s | 111.14s | ok; partial — 3 of 20 selected

TOTAL | 6 / 8 | 75% |  |  |

Completion and extraction diagnostics:

Pack | finish_reason=length | extraction_method | extraction_issue | response_field_used
---|---:|---|---|---
cli-40 | 0 / 19 (0.0%) | — | — | message.content=4, multi_turn=1
hermesagent-20 | — | — | — | multi_turn=3

Failure breakdown:
- cli-40 CLI-35: verifier_fail [fail] (CLI-35: Did not satisfy the scenario requirements. (score=0; correctness=0/2; efficiency=0/2; discipline=0/2; commandCount=0; note=Missing solution block. Used an invalid verdict for an already-satisfied task.))
- hermesagent-20 HA-19: verifier_fail [fail] (Hermes retried deployment partially, but the corrective-action trace or final success was incomplete.)
```

</details>
