[10:28:25] sandbox port offset 4070
benchlocal-cli: thinking control 'reasoning_effort' (explicit --reasoning-effort)
  [1/5] CLI-04 ✓ passed pass@1 (104.3s)
  [2/5] CLI-12 ✓ passed pass@1 (376.5s)
  [3/5] CLI-20 ✗ verifier_fail fail (8.9s)
  [4/5] CLI-28 ✓ passed pass@1 (13.0s)
  [5/5] CLI-36 ✓ passed pass@1 (52.0s)
cli-40 (v1.0.2) | 4 / 5 | 80% | 52.03s | ok; partial — 5 of 40 selected
  [1/3] HA-04 ✓ passed pass@1 (70.0s)
  [2/3] HA-12 ✓ passed pass@1 (30.9s)
  [3/3] HA-20 ✗ verifier_fail fail (50.6s)
hermesagent-20 (v1.0.0) | 2 / 3 | 67% | 50.57s | ok; partial — 3 of 20 selected
## Quality bench, thinking on, benchlocal-cli v0.9.8, repeat = 1

Pack | Pass / Total | Score | Std | CV | p50 latency | p95 latency | Status
---|---:|---:|---:|---:|---:|---:|---
cli-40 (v1.0.2) | 4 / 5 | 80% | — | — | 52.03s | 376.50s | ok; partial — 5 of 40 selected
hermesagent-20 (v1.0.0) | 2 / 3 | 67% | — | — | 50.57s | 69.98s | ok; partial — 3 of 20 selected

TOTAL | 6 / 8 | 75% |  |  |  |  |

Equivalent to: 113/150

<details>
<summary>Raw data</summary>

```
=== benchlocal-cli --custom  (endpoint: http://127.0.0.1:19415/v1, model: bench, thinking=on, 2026-09-28T10:28:26.004643Z) [PARTIAL SELECTION: 8 scenarios] ===

  [1/5] CLI-04 ✓ passed pass@1 (104.3s)
  [2/5] CLI-12 ✓ passed pass@1 (376.5s)
  [3/5] CLI-20 ✗ verifier_fail fail (8.9s)
  [4/5] CLI-28 ✓ passed pass@1 (13.0s)
  [5/5] CLI-36 ✓ passed pass@1 (52.0s)
cli-40 (v1.0.2) | 4 / 5 | 80% | 52.03s | ok; partial — 5 of 40 selected
  [1/3] HA-04 ✓ passed pass@1 (70.0s)
  [2/3] HA-12 ✓ passed pass@1 (30.9s)
  [3/3] HA-20 ✗ verifier_fail fail (50.6s)
hermesagent-20 (v1.0.0) | 2 / 3 | 67% | 50.57s | ok; partial — 3 of 20 selected

Pack | Pass / Total | Score | p50 latency | p95 latency | Status
---|---:|---:|---:|---:|---
cli-40 (v1.0.2) | 4 / 5 | 80% | 52.03s | 376.50s | ok; partial — 5 of 40 selected
hermesagent-20 (v1.0.0) | 2 / 3 | 67% | 50.57s | 69.98s | ok; partial — 3 of 20 selected

TOTAL | 6 / 8 | 75% |  |  |

Completion and extraction diagnostics:

Pack | finish_reason=length | extraction_method | extraction_issue | response_field_used
---|---:|---|---|---
cli-40 | 0 / 22 (0.0%) | — | — | message.content=3, multi_turn=2
hermesagent-20 | — | — | — | multi_turn=3

Failure breakdown:
- cli-40 CLI-20: verifier_fail [fail] (CLI-20: Did not satisfy the scenario requirements. (score=25; correctness=0/2; efficiency=2/2; discipline=0/2; commandCount=0; note=Missing solution block. new.tar is missing or unreadable: ENOENT: no such file or directory, open '/workspace/new.tar'))
- hermesagent-20 HA-20: verifier_fail [fail] (Hermes failed the ambiguous destructive-request scenario.)
```

</details>
