# benchlocal-cli sandbox log — bugfind-15
# container_id: 5092938664f8b6790b0bb77cb21ec1d6f9f39b1436582c6d5ac2a1df230df161
# captured_at: 2026-08-18T10:59:44Z

=== STDOUT ===

=== STDERR ===
[bugfind-sandbox] listening on :9000
[bugfind-sandbox] "GET /health HTTP/1.1" 200 -
[bugfind-sandbox] "POST /verify HTTP/1.1" 200 -
[bugfind-sandbox] "POST /verify HTTP/1.1" 200 -
[bugfind-sandbox] "POST /verify HTTP/1.1" 200 -
[bugfind-sandbox] "POST /verify HTTP/1.1" 200 -
[bugfind-sandbox] "POST /verify HTTP/1.1" 200 -
[bugfind-sandbox] "POST /verify HTTP/1.1" 200 -
[bugfind-sandbox] "POST /verify HTTP/1.1" 200 -
[bugfind-sandbox] "POST /verify HTTP/1.1" 200 -
[bugfind-sandbox] "POST /verify HTTP/1.1" 200 -
[bugfind-sandbox] "POST /verify HTTP/1.1" 200 -
[bugfind-sandbox] "POST /verify HTTP/1.1" 200 -
[bugfind-sandbox] "POST /verify HTTP/1.1" 200 -
[bugfind-sandbox] "POST /verify HTTP/1.1" 200 -
[bugfind-sandbox] "POST /verify HTTP/1.1" 200 -
[bugfind-sandbox] "POST /verify HTTP/1.1" 200 -

