# benchlocal-cli sandbox log — lcb-v6-30
# container_id: 949d0d0b66ed4f8f2ac1a960e214bb01ec645fd5df5622fca666cf04dc0f482b
# captured_at: 2026-08-21T17:13:46Z

=== STDOUT ===

=== STDERR ===
[code-reasoning-sandbox] listening on :9000
[code-reasoning-sandbox] "GET /health HTTP/1.1" 200 -
[code-reasoning-sandbox] "POST /verify HTTP/1.1" 200 -
[code-reasoning-sandbox] "POST /verify HTTP/1.1" 200 -
[code-reasoning-sandbox] "POST /verify HTTP/1.1" 200 -
[code-reasoning-sandbox] "POST /verify HTTP/1.1" 200 -
[code-reasoning-sandbox] "POST /verify HTTP/1.1" 200 -
[code-reasoning-sandbox] "POST /verify HTTP/1.1" 200 -
[code-reasoning-sandbox] "POST /verify HTTP/1.1" 200 -
[code-reasoning-sandbox] "POST /verify HTTP/1.1" 200 -
[code-reasoning-sandbox] "POST /verify HTTP/1.1" 200 -
[code-reasoning-sandbox] "POST /verify HTTP/1.1" 200 -
[code-reasoning-sandbox] "POST /verify HTTP/1.1" 200 -
[code-reasoning-sandbox] "POST /verify HTTP/1.1" 200 -
[code-reasoning-sandbox] "POST /verify HTTP/1.1" 200 -
[code-reasoning-sandbox] "POST /verify HTTP/1.1" 200 -
[code-reasoning-sandbox] "POST /verify HTTP/1.1" 200 -
[code-reasoning-sandbox] "POST /verify HTTP/1.1" 200 -
[code-reasoning-sandbox] "POST /verify HTTP/1.1" 200 -
[code-reasoning-sandbox] "POST /verify HTTP/1.1" 200 -
[code-reasoning-sandbox] "POST /verify HTTP/1.1" 200 -
[code-reasoning-sandbox] "POST /verify HTTP/1.1" 200 -
[code-reasoning-sandbox] "POST /verify HTTP/1.1" 200 -
[code-reasoning-sandbox] "POST /verify HTTP/1.1" 200 -
[code-reasoning-sandbox] "POST /verify HTTP/1.1" 200 -
[code-reasoning-sandbox] "POST /verify HTTP/1.1" 200 -
[code-reasoning-sandbox] "POST /verify HTTP/1.1" 200 -
[code-reasoning-sandbox] "POST /verify HTTP/1.1" 200 -
[code-reasoning-sandbox] "POST /verify HTTP/1.1" 200 -
[code-reasoning-sandbox] "POST /verify HTTP/1.1" 200 -
[code-reasoning-sandbox] "POST /verify HTTP/1.1" 200 -
[code-reasoning-sandbox] "POST /verify HTTP/1.1" 200 -
[code-reasoning-sandbox] "POST /verify HTTP/1.1" 200 -
[code-reasoning-sandbox] "POST /verify HTTP/1.1" 200 -
[code-reasoning-sandbox] "POST /verify HTTP/1.1" 200 -

