# benchlocal-cli sandbox log — hermesagent-20
# container_id: 39a2881c4246211aab8152374c8bf0307ea3bc251edb7d8d6395d915973333dd
# captured_at: 2026-08-18T21:41:07Z

=== STDOUT ===
HermesAgent-20 verifier listening on http://0.0.0.0:4010

=== STDERR ===
[entrypoint] starting upstream node grader on internal :4010...
[entrypoint] upstream node grader ready on :4010 (2s)
[hermes-sandbox] listening on :9000 (stage=v0.7.4, upstream=http://127.0.0.1:4010, hermes_agent_source=baked, timeout=300s)
[hermes-sandbox] "GET /health HTTP/1.1" 200 -
[hermes-sandbox] "POST /verify-start HTTP/1.1" 200 -
[hermes-sandbox] "POST /verify-start HTTP/1.1" 200 -
[hermes-sandbox] "POST /verify-start HTTP/1.1" 200 -
[hermes-sandbox] "POST /verify-start HTTP/1.1" 200 -
[hermes-sandbox] "POST /verify-start HTTP/1.1" 200 -
[hermes-sandbox] "POST /verify-start HTTP/1.1" 200 -
[hermes-sandbox] "POST /verify-start HTTP/1.1" 200 -
[hermes-sandbox] "POST /verify-start HTTP/1.1" 200 -
[hermes-sandbox] "POST /verify-start HTTP/1.1" 200 -
[hermes-sandbox] "POST /verify-start HTTP/1.1" 200 -
[hermes-sandbox] "POST /verify-start HTTP/1.1" 200 -
[hermes-sandbox] "POST /verify-start HTTP/1.1" 200 -
[hermes-sandbox] "POST /verify-start HTTP/1.1" 200 -
[hermes-sandbox] "POST /verify-start HTTP/1.1" 200 -
[hermes-sandbox] "POST /verify-start HTTP/1.1" 200 -
[hermes-sandbox] "POST /verify-start HTTP/1.1" 200 -
[hermes-sandbox] "POST /verify-start HTTP/1.1" 200 -
[hermes-sandbox] "POST /verify-start HTTP/1.1" 200 -
[hermes-sandbox] "POST /verify-start HTTP/1.1" 200 -
[hermes-sandbox] "POST /verify-start HTTP/1.1" 200 -
[hermes-sandbox] "POST /verify-start HTTP/1.1" 200 -
[hermes-sandbox] "POST /verify-start HTTP/1.1" 200 -
[hermes-sandbox] "POST /verify-start HTTP/1.1" 200 -
[hermes-sandbox] "POST /verify-start HTTP/1.1" 200 -
[hermes-sandbox] "POST /verify-start HTTP/1.1" 200 -
[hermes-sandbox] "POST /verify-start HTTP/1.1" 200 -
[hermes-sandbox] "POST /verify-start HTTP/1.1" 200 -
[hermes-sandbox] "POST /verify-start HTTP/1.1" 200 -
[hermes-sandbox] "POST /verify-start HTTP/1.1" 200 -
[hermes-sandbox] "POST /verify-start HTTP/1.1" 200 -
[hermes-sandbox] "POST /verify-start HTTP/1.1" 200 -
[hermes-sandbox] "POST /verify-start HTTP/1.1" 200 -

