[17:35:44] sandbox port offset 1000
benchlocal-cli: thinking control 'reasoning_effort' (explicit --reasoning-effort)
  [1/4] CLI-02 ✓ passed pass@1 (268.7s)
  [2/4] CLI-12 ✓ passed pass@1 (915.9s)
  [3/4] CLI-22 ✓ passed pass@1 (19.3s)
  [4/4] CLI-32 ✗ verifier_fail fail (17.8s)
cli-40 (v1.0.2) | 3 / 4 | 75% | 144.01s | ok; partial — 4 of 40 selected
  [1/2] HA-02 ✓ passed pass@1 (126.2s)
  [2/2] HA-12 ✓ passed pass@1 (138.9s)
hermesagent-20 (v1.0.0) | 2 / 2 | 100% | 132.55s | ok; partial — 2 of 20 selected
## Quality bench, thinking on, benchlocal-cli v0.9.8, repeat = 1

Pack | Pass / Total | Score | Std | CV | p50 latency | p95 latency | Status
---|---:|---:|---:|---:|---:|---:|---
cli-40 (v1.0.2) | 3 / 4 | 75% | — | — | 144.01s | 915.88s | ok; partial — 4 of 40 selected
hermesagent-20 (v1.0.0) | 2 / 2 | 100% | — | — | 132.55s | 138.88s | ok; partial — 2 of 20 selected

TOTAL | 5 / 6 | 83% |  |  |  |  |

Equivalent to: 125/150

<details>
<summary>Raw data</summary>

```
=== benchlocal-cli --custom  (endpoint: http://127.0.0.1:19420/v1, model: bench, thinking=on, 2026-09-27T17:35:44.370469Z) [PARTIAL SELECTION: 6 scenarios] ===

  [1/4] CLI-02 ✓ passed pass@1 (268.7s)
  [2/4] CLI-12 ✓ passed pass@1 (915.9s)
  [3/4] CLI-22 ✓ passed pass@1 (19.3s)
  [4/4] CLI-32 ✗ verifier_fail fail (17.8s)
cli-40 (v1.0.2) | 3 / 4 | 75% | 144.01s | ok; partial — 4 of 40 selected
  [1/2] HA-02 ✓ passed pass@1 (126.2s)
  [2/2] HA-12 ✓ passed pass@1 (138.9s)
hermesagent-20 (v1.0.0) | 2 / 2 | 100% | 132.55s | ok; partial — 2 of 20 selected

Pack | Pass / Total | Score | p50 latency | p95 latency | Status
---|---:|---:|---:|---:|---
cli-40 (v1.0.2) | 3 / 4 | 75% | 144.01s | 915.88s | ok; partial — 4 of 40 selected
hermesagent-20 (v1.0.0) | 2 / 2 | 100% | 132.55s | 138.88s | ok; partial — 2 of 20 selected

TOTAL | 5 / 6 | 83% |  |  |

Completion and extraction diagnostics:

Pack | finish_reason=length | extraction_method | extraction_issue | response_field_used
---|---:|---|---|---
cli-40 | 0 / 8 (0.0%) | — | — | message.content=3, multi_turn=1
hermesagent-20 | — | — | — | multi_turn=2

Failure breakdown:
- cli-40 CLI-32: verifier_fail [fail] (CLI-32: Did not satisfy the scenario requirements. (score=0; correctness=0/2; efficiency=0/2; discipline=0/2; commandCount=1; note=Applied or attempted a blanket chmod 777 across the project tree.))
```

</details>
