# benchlocal-cli sandbox log — cli-40
# container_id: a83772e4f41832aa965d65d755f58c3f03f8625fb0e8dd6546ff45d437c68e45
# captured_at: 2026-08-23T06:33:32Z

=== STDOUT ===

=== STDERR ===
[cli-sandbox] listening on :9000
[cli-sandbox] "GET /health HTTP/1.1" 200 -
[cli-sandbox] "POST /verify HTTP/1.1" 200 -
[cli-sandbox] "POST /verify HTTP/1.1" 200 -
[cli-sandbox] "POST /verify HTTP/1.1" 200 -
[cli-sandbox] "POST /verify HTTP/1.1" 200 -
[cli-sandbox] "POST /verify HTTP/1.1" 200 -
[cli-sandbox] "POST /verify HTTP/1.1" 200 -
[cli-sandbox] "POST /verify HTTP/1.1" 200 -
[cli-sandbox] "POST /verify HTTP/1.1" 200 -
[cli-sandbox] "POST /verify HTTP/1.1" 200 -
[cli-sandbox] "POST /verify HTTP/1.1" 200 -
[cli-sandbox] "POST /verify HTTP/1.1" 200 -
[cli-sandbox] "POST /verify HTTP/1.1" 200 -
[cli-sandbox] "POST /verify HTTP/1.1" 200 -
[cli-sandbox] "POST /verify HTTP/1.1" 200 -
[cli-sandbox] "POST /verify HTTP/1.1" 200 -
[cli-sandbox] "POST /verify HTTP/1.1" 200 -
[cli-sandbox] "POST /verify HTTP/1.1" 200 -
[cli-sandbox] "POST /verify HTTP/1.1" 200 -
[cli-sandbox] "POST /verify HTTP/1.1" 200 -
[cli-sandbox] "POST /verify HTTP/1.1" 200 -
[cli-sandbox] "POST /verify HTTP/1.1" 200 -
[cli-sandbox] "POST /verify HTTP/1.1" 200 -
[cli-sandbox] "POST /verify HTTP/1.1" 200 -
[cli-sandbox] "POST /verify HTTP/1.1" 200 -
[cli-sandbox] "POST /verify HTTP/1.1" 200 -
[cli-sandbox] "POST /verify HTTP/1.1" 200 -
[cli-sandbox] "POST /verify HTTP/1.1" 200 -
[cli-sandbox] "POST /verify HTTP/1.1" 200 -
[cli-sandbox] "POST /verify HTTP/1.1" 200 -
[cli-sandbox] "POST /verify HTTP/1.1" 200 -
[cli-sandbox] "POST /verify HTTP/1.1" 200 -
[cli-sandbox] "POST /verify HTTP/1.1" 200 -
[cli-sandbox] "POST /verify HTTP/1.1" 200 -
[cli-sandbox] "POST /verify HTTP/1.1" 200 -
[cli-sandbox] "POST /verify HTTP/1.1" 200 -
[cli-sandbox] "POST /verify HTTP/1.1" 200 -
[cli-sandbox] "POST /verify-start HTTP/1.1" 200 -
[cli-sandbox] "POST /verify-turn HTTP/1.1" 200 -
[cli-sandbox] "POST /verify-turn HTTP/1.1" 200 -
[cli-sandbox] "POST /verify-turn HTTP/1.1" 200 -
[cli-sandbox] "POST /verify-turn HTTP/1.1" 200 -
[cli-sandbox] "POST /verify-turn HTTP/1.1" 200 -
[cli-sandbox] "POST /verify-turn HTTP/1.1" 200 -
[cli-sandbox] "POST /verify-turn HTTP/1.1" 200 -
[cli-sandbox] "POST /verify-turn HTTP/1.1" 200 -
[cli-sandbox] "POST /verify-turn HTTP/1.1" 200 -
[cli-sandbox] "POST /verify-turn HTTP/1.1" 200 -
[cli-sandbox] "POST /verify-turn HTTP/1.1" 200 -
[cli-sandbox] "POST /verify-turn HTTP/1.1" 200 -
[cli-sandbox] "POST /verify-turn HTTP/1.1" 200 -
[cli-sandbox] "POST /verify-turn HTTP/1.1" 200 -
[cli-sandbox] "POST /verify-turn HTTP/1.1" 200 -
[cli-sandbox] "POST /verify-end HTTP/1.1" 200 -
[cli-sandbox] "POST /verify-start HTTP/1.1" 200 -
[cli-sandbox] "POST /verify-turn HTTP/1.1" 200 -
[cli-sandbox] "POST /verify-turn HTTP/1.1" 200 -
[cli-sandbox] "POST /verify-turn HTTP/1.1" 200 -
[cli-sandbox] "POST /verify-turn HTTP/1.1" 200 -
[cli-sandbox] "POST /verify-start HTTP/1.1" 200 -
[cli-sandbox] "POST /verify-turn HTTP/1.1" 200 -
[cli-sandbox] "POST /verify-turn HTTP/1.1" 200 -
[cli-sandbox] "POST /verify-turn HTTP/1.1" 200 -
[cli-sandbox] "POST /verify-turn HTTP/1.1" 200 -
[cli-sandbox] "POST /verify-turn HTTP/1.1" 200 -
[cli-sandbox] "POST /verify-turn HTTP/1.1" 200 -
[cli-sandbox] "POST /verify-turn HTTP/1.1" 200 -
[cli-sandbox] "POST /verify-turn HTTP/1.1" 200 -
[cli-sandbox] "POST /verify-turn HTTP/1.1" 200 -
[cli-sandbox] "POST /verify-turn HTTP/1.1" 200 -
[cli-sandbox] "POST /verify-turn HTTP/1.1" 200 -
[cli-sandbox] "POST /verify-turn HTTP/1.1" 200 -
[cli-sandbox] "POST /verify-turn HTTP/1.1" 200 -
[cli-sandbox] "POST /verify-turn HTTP/1.1" 200 -
[cli-sandbox] "POST /verify-turn HTTP/1.1" 200 -
[cli-sandbox] "POST /verify-end HTTP/1.1" 200 -
[cli-sandbox] "POST /verify-start HTTP/1.1" 200 -
[cli-sandbox] "POST /verify-turn HTTP/1.1" 200 -
[cli-sandbox] "POST /verify-turn HTTP/1.1" 200 -
[cli-sandbox] "POST /verify-turn HTTP/1.1" 200 -
[cli-sandbox] "POST /verify-turn HTTP/1.1" 200 -
[cli-sandbox] "POST /verify-turn HTTP/1.1" 200 -
[cli-sandbox] "POST /verify-turn HTTP/1.1" 200 -
[cli-sandbox] "POST /verify-turn HTTP/1.1" 200 -
[cli-sandbox] "POST /verify-turn HTTP/1.1" 200 -
[cli-sandbox] "POST /verify-turn HTTP/1.1" 200 -
[cli-sandbox] "POST /verify-turn HTTP/1.1" 200 -
[cli-sandbox] "POST /verify-turn HTTP/1.1" 200 -
[cli-sandbox] "POST /verify-turn HTTP/1.1" 200 -
[cli-sandbox] "POST /verify-turn HTTP/1.1" 200 -
[cli-sandbox] "POST /verify-turn HTTP/1.1" 200 -
[cli-sandbox] "POST /verify-turn HTTP/1.1" 200 -
[cli-sandbox] "POST /verify-end HTTP/1.1" 200 -
[cli-sandbox] "POST /verify-start HTTP/1.1" 200 -
[cli-sandbox] "POST /verify-turn HTTP/1.1" 200 -
[cli-sandbox] "POST /verify-turn HTTP/1.1" 200 -
[cli-sandbox] "POST /verify-turn HTTP/1.1" 200 -
[cli-sandbox] "POST /verify-turn HTTP/1.1" 200 -
[cli-sandbox] "POST /verify-turn HTTP/1.1" 200 -
[cli-sandbox] "POST /verify-start HTTP/1.1" 200 -
[cli-sandbox] "POST /verify-turn HTTP/1.1" 200 -
[cli-sandbox] "POST /verify-turn HTTP/1.1" 200 -
[cli-sandbox] "POST /verify-turn HTTP/1.1" 200 -
[cli-sandbox] "POST /verify-turn HTTP/1.1" 200 -
[cli-sandbox] "POST /verify-turn HTTP/1.1" 200 -
[cli-sandbox] "POST /verify-turn HTTP/1.1" 200 -
[cli-sandbox] "POST /verify-turn HTTP/1.1" 200 -
[cli-sandbox] "POST /verify-turn HTTP/1.1" 200 -
[cli-sandbox] "POST /verify-turn HTTP/1.1" 200 -
[cli-sandbox] "POST /verify-turn HTTP/1.1" 200 -
[cli-sandbox] "POST /verify-turn HTTP/1.1" 200 -
[cli-sandbox] "POST /verify-turn HTTP/1.1" 200 -
[cli-sandbox] "POST /verify-turn HTTP/1.1" 200 -
[cli-sandbox] "POST /verify-turn HTTP/1.1" 200 -
[cli-sandbox] "POST /verify-turn HTTP/1.1" 200 -
[cli-sandbox] "POST /verify-end HTTP/1.1" 200 -
[cli-sandbox] "POST /verify-start HTTP/1.1" 200 -
[cli-sandbox] "POST /verify-turn HTTP/1.1" 200 -
[cli-sandbox] "POST /verify-turn HTTP/1.1" 200 -
[cli-sandbox] "POST /verify-turn HTTP/1.1" 200 -
[cli-sandbox] "POST /verify-turn HTTP/1.1" 200 -
[cli-sandbox] "POST /verify-turn HTTP/1.1" 200 -
[cli-sandbox] "POST /verify-turn HTTP/1.1" 200 -
[cli-sandbox] "POST /verify-turn HTTP/1.1" 200 -
[cli-sandbox] "POST /verify-start HTTP/1.1" 200 -
[cli-sandbox] "POST /verify-turn HTTP/1.1" 200 -
[cli-sandbox] "POST /verify-turn HTTP/1.1" 200 -
[cli-sandbox] "POST /verify-turn HTTP/1.1" 200 -
[cli-sandbox] "POST /verify-turn HTTP/1.1" 200 -
[cli-sandbox] "POST /verify-turn HTTP/1.1" 200 -
[cli-sandbox] "POST /verify-turn HTTP/1.1" 200 -
[cli-sandbox] "POST /verify-turn HTTP/1.1" 200 -
[cli-sandbox] "POST /verify-turn HTTP/1.1" 200 -
[cli-sandbox] "POST /verify-start HTTP/1.1" 200 -
[cli-sandbox] "POST /verify-turn HTTP/1.1" 200 -
[cli-sandbox] "POST /verify-turn HTTP/1.1" 200 -
[cli-sandbox] "POST /verify-turn HTTP/1.1" 200 -
[cli-sandbox] "POST /verify-turn HTTP/1.1" 200 -
[cli-sandbox] "POST /verify-turn HTTP/1.1" 200 -
[cli-sandbox] "POST /verify-turn HTTP/1.1" 200 -
[cli-sandbox] "POST /verify-turn HTTP/1.1" 200 -
[cli-sandbox] "POST /verify-turn HTTP/1.1" 200 -
[cli-sandbox] "POST /verify-turn HTTP/1.1" 200 -
[cli-sandbox] "POST /verify-start HTTP/1.1" 200 -
[cli-sandbox] "POST /verify-turn HTTP/1.1" 200 -
[cli-sandbox] "POST /verify-turn HTTP/1.1" 200 -
[cli-sandbox] "POST /verify-turn HTTP/1.1" 200 -
[cli-sandbox] "POST /verify-turn HTTP/1.1" 200 -
[cli-sandbox] "POST /verify-turn HTTP/1.1" 200 -
[cli-sandbox] "POST /verify-turn HTTP/1.1" 200 -
[cli-sandbox] "POST /verify-turn HTTP/1.1" 200 -
[cli-sandbox] "POST /verify-turn HTTP/1.1" 200 -
[cli-sandbox] "POST /verify-turn HTTP/1.1" 200 -
[cli-sandbox] "POST /verify-turn HTTP/1.1" 200 -
[cli-sandbox] "POST /verify-turn HTTP/1.1" 200 -
[cli-sandbox] "POST /verify-turn HTTP/1.1" 200 -
[cli-sandbox] "POST /verify-turn HTTP/1.1" 200 -
[cli-sandbox] "POST /verify-turn HTTP/1.1" 200 -
[cli-sandbox] "POST /verify-turn HTTP/1.1" 200 -
[cli-sandbox] "POST /verify-start HTTP/1.1" 200 -
[cli-sandbox] "POST /verify-turn HTTP/1.1" 200 -
[cli-sandbox] "POST /verify-turn HTTP/1.1" 200 -
[cli-sandbox] "POST /verify-turn HTTP/1.1" 200 -
[cli-sandbox] "POST /verify-turn HTTP/1.1" 200 -
[cli-sandbox] "POST /verify-turn HTTP/1.1" 200 -
[cli-sandbox] "POST /verify-turn HTTP/1.1" 200 -
[cli-sandbox] "POST /verify-turn HTTP/1.1" 200 -
[cli-sandbox] "POST /verify HTTP/1.1" 200 -
[cli-sandbox] "POST /verify HTTP/1.1" 200 -
[cli-sandbox] "POST /verify HTTP/1.1" 200 -
[cli-sandbox] "POST /verify HTTP/1.1" 200 -
[cli-sandbox] "POST /verify HTTP/1.1" 200 -
[cli-sandbox] "POST /verify HTTP/1.1" 200 -
[cli-sandbox] "POST /verify HTTP/1.1" 200 -
[cli-sandbox] "POST /verify HTTP/1.1" 200 -
[cli-sandbox] "POST /verify HTTP/1.1" 200 -
[cli-sandbox] "POST /verify HTTP/1.1" 200 -
[cli-sandbox] "POST /verify HTTP/1.1" 200 -
[cli-sandbox] "POST /verify HTTP/1.1" 200 -
[cli-sandbox] "POST /verify HTTP/1.1" 200 -
[cli-sandbox] "POST /verify-start HTTP/1.1" 200 -
[cli-sandbox] "POST /verify-turn HTTP/1.1" 200 -
[cli-sandbox] "POST /verify-turn HTTP/1.1" 200 -
[cli-sandbox] "POST /verify-turn HTTP/1.1" 200 -
[cli-sandbox] "POST /verify-turn HTTP/1.1" 200 -
[cli-sandbox] "POST /verify-turn HTTP/1.1" 200 -
[cli-sandbox] "POST /verify-turn HTTP/1.1" 200 -
[cli-sandbox] "POST /verify-start HTTP/1.1" 200 -
[cli-sandbox] "POST /verify-turn HTTP/1.1" 200 -
[cli-sandbox] "POST /verify-turn HTTP/1.1" 200 -
[cli-sandbox] "POST /verify-turn HTTP/1.1" 200 -
[cli-sandbox] "POST /verify-turn HTTP/1.1" 200 -
[cli-sandbox] "POST /verify-turn HTTP/1.1" 200 -
[cli-sandbox] "POST /verify-turn HTTP/1.1" 200 -
[cli-sandbox] "POST /verify-turn HTTP/1.1" 200 -
[cli-sandbox] "POST /verify-turn HTTP/1.1" 200 -
[cli-sandbox] "POST /verify-turn HTTP/1.1" 200 -
[cli-sandbox] "POST /verify-turn HTTP/1.1" 200 -
[cli-sandbox] "POST /verify-turn HTTP/1.1" 200 -
[cli-sandbox] "POST /verify-turn HTTP/1.1" 200 -
[cli-sandbox] "POST /verify-turn HTTP/1.1" 200 -
[cli-sandbox] "POST /verify-turn HTTP/1.1" 200 -
[cli-sandbox] "POST /verify-turn HTTP/1.1" 200 -
[cli-sandbox] "POST /verify-end HTTP/1.1" 200 -
[cli-sandbox] "POST /verify-start HTTP/1.1" 200 -
[cli-sandbox] "POST /verify-turn HTTP/1.1" 200 -
[cli-sandbox] "POST /verify-turn HTTP/1.1" 200 -
[cli-sandbox] "POST /verify-turn HTTP/1.1" 200 -
[cli-sandbox] "POST /verify-turn HTTP/1.1" 200 -
[cli-sandbox] "POST /verify-turn HTTP/1.1" 200 -
[cli-sandbox] "POST /verify-turn HTTP/1.1" 200 -
[cli-sandbox] "POST /verify-start HTTP/1.1" 200 -
[cli-sandbox] "POST /verify-turn HTTP/1.1" 200 -
[cli-sandbox] "POST /verify-turn HTTP/1.1" 200 -
[cli-sandbox] "POST /verify-turn HTTP/1.1" 200 -
[cli-sandbox] "POST /verify-turn HTTP/1.1" 200 -
[cli-sandbox] "POST /verify-turn HTTP/1.1" 200 -
[cli-sandbox] "POST /verify-turn HTTP/1.1" 200 -
[cli-sandbox] "POST /verify-turn HTTP/1.1" 200 -
[cli-sandbox] "POST /verify-turn HTTP/1.1" 200 -
[cli-sandbox] "POST /verify-turn HTTP/1.1" 200 -
[cli-sandbox] "POST /verify-turn HTTP/1.1" 200 -
[cli-sandbox] "POST /verify-turn HTTP/1.1" 200 -
[cli-sandbox] "POST /verify-turn HTTP/1.1" 200 -
[cli-sandbox] "POST /verify-turn HTTP/1.1" 200 -
[cli-sandbox] "POST /verify-turn HTTP/1.1" 200 -
[cli-sandbox] "POST /verify-turn HTTP/1.1" 200 -
[cli-sandbox] "POST /verify-end HTTP/1.1" 200 -
[cli-sandbox] "POST /verify-start HTTP/1.1" 200 -
[cli-sandbox] "POST /verify-turn HTTP/1.1" 200 -
[cli-sandbox] "POST /verify-turn HTTP/1.1" 200 -
[cli-sandbox] "POST /verify-turn HTTP/1.1" 200 -
[cli-sandbox] "POST /verify-turn HTTP/1.1" 200 -
[cli-sandbox] "POST /verify-turn HTTP/1.1" 200 -
[cli-sandbox] "POST /verify-turn HTTP/1.1" 200 -
[cli-sandbox] "POST /verify-turn HTTP/1.1" 200 -
[cli-sandbox] "POST /verify-turn HTTP/1.1" 200 -
[cli-sandbox] "POST /verify-turn HTTP/1.1" 200 -
[cli-sandbox] "POST /verify-turn HTTP/1.1" 200 -
[cli-sandbox] "POST /verify-turn HTTP/1.1" 200 -
[cli-sandbox] "POST /verify-turn HTTP/1.1" 200 -
[cli-sandbox] "POST /verify-turn HTTP/1.1" 200 -
[cli-sandbox] "POST /verify-turn HTTP/1.1" 200 -
[cli-sandbox] "POST /verify-turn HTTP/1.1" 200 -
[cli-sandbox] "POST /verify-end HTTP/1.1" 200 -

