# benchlocal-cli sandbox log — cli-40
# container_id: 5f5b06ecd2feebff60f87225bf47d521137499a7c99d3ec1f6b6960f25143f1f
# captured_at: 2026-08-22T15:39:43Z

=== STDOUT ===

=== STDERR ===
[cli-sandbox] listening on :9000
[cli-sandbox] "GET /health HTTP/1.1" 200 -
[cli-sandbox] "POST /verify HTTP/1.1" 200 -
[cli-sandbox] "POST /verify HTTP/1.1" 200 -
[cli-sandbox] "POST /verify HTTP/1.1" 200 -
[cli-sandbox] "POST /verify HTTP/1.1" 200 -
[cli-sandbox] "POST /verify HTTP/1.1" 200 -
[cli-sandbox] "POST /verify HTTP/1.1" 200 -
[cli-sandbox] "POST /verify HTTP/1.1" 200 -
[cli-sandbox] "POST /verify HTTP/1.1" 200 -
[cli-sandbox] "POST /verify HTTP/1.1" 200 -
[cli-sandbox] "POST /verify HTTP/1.1" 200 -
[cli-sandbox] "POST /verify HTTP/1.1" 200 -
[cli-sandbox] "POST /verify HTTP/1.1" 200 -
[cli-sandbox] "POST /verify HTTP/1.1" 200 -
[cli-sandbox] "POST /verify HTTP/1.1" 200 -
[cli-sandbox] "POST /verify HTTP/1.1" 200 -
[cli-sandbox] "POST /verify HTTP/1.1" 200 -
[cli-sandbox] "POST /verify HTTP/1.1" 200 -
[cli-sandbox] "POST /verify HTTP/1.1" 200 -
[cli-sandbox] "POST /verify HTTP/1.1" 200 -
[cli-sandbox] "POST /verify HTTP/1.1" 200 -
[cli-sandbox] "POST /verify HTTP/1.1" 200 -
[cli-sandbox] "POST /verify HTTP/1.1" 200 -
[cli-sandbox] "POST /verify HTTP/1.1" 200 -
[cli-sandbox] "POST /verify HTTP/1.1" 200 -
[cli-sandbox] "POST /verify HTTP/1.1" 200 -
[cli-sandbox] "POST /verify-start HTTP/1.1" 200 -
[cli-sandbox] "POST /verify-turn HTTP/1.1" 200 -
[cli-sandbox] "POST /verify-turn HTTP/1.1" 200 -
[cli-sandbox] "POST /verify-turn HTTP/1.1" 200 -
[cli-sandbox] "POST /verify-turn HTTP/1.1" 200 -
[cli-sandbox] "POST /verify-turn HTTP/1.1" 200 -
[cli-sandbox] "POST /verify-turn HTTP/1.1" 200 -
[cli-sandbox] "POST /verify-turn HTTP/1.1" 200 -
[cli-sandbox] "POST /verify-start HTTP/1.1" 200 -
[cli-sandbox] "POST /verify-turn HTTP/1.1" 200 -
[cli-sandbox] "POST /verify-turn HTTP/1.1" 200 -
[cli-sandbox] "POST /verify-turn HTTP/1.1" 200 -
[cli-sandbox] "POST /verify-turn HTTP/1.1" 200 -
[cli-sandbox] "POST /verify-turn HTTP/1.1" 200 -
[cli-sandbox] "POST /verify-start HTTP/1.1" 200 -
[cli-sandbox] "POST /verify-turn HTTP/1.1" 200 -
[cli-sandbox] "POST /verify-turn HTTP/1.1" 200 -
[cli-sandbox] "POST /verify-turn HTTP/1.1" 200 -
[cli-sandbox] "POST /verify-turn HTTP/1.1" 200 -
[cli-sandbox] "POST /verify-turn HTTP/1.1" 200 -
[cli-sandbox] "POST /verify-turn HTTP/1.1" 200 -
[cli-sandbox] "POST /verify-start HTTP/1.1" 200 -
[cli-sandbox] "POST /verify-turn HTTP/1.1" 200 -
[cli-sandbox] "POST /verify-turn HTTP/1.1" 200 -
[cli-sandbox] "POST /verify-turn HTTP/1.1" 200 -
[cli-sandbox] "POST /verify-turn HTTP/1.1" 200 -
[cli-sandbox] "POST /verify-turn HTTP/1.1" 200 -
[cli-sandbox] "POST /verify-start HTTP/1.1" 200 -
[cli-sandbox] "POST /verify-turn HTTP/1.1" 200 -
[cli-sandbox] "POST /verify-turn HTTP/1.1" 200 -
[cli-sandbox] "POST /verify-turn HTTP/1.1" 200 -
[cli-sandbox] "POST /verify-turn HTTP/1.1" 200 -
[cli-sandbox] "POST /verify-turn HTTP/1.1" 200 -
[cli-sandbox] "POST /verify-turn HTTP/1.1" 200 -
[cli-sandbox] "POST /verify-start HTTP/1.1" 200 -
[cli-sandbox] "POST /verify-turn HTTP/1.1" 200 -
[cli-sandbox] "POST /verify-turn HTTP/1.1" 200 -
[cli-sandbox] "POST /verify-turn HTTP/1.1" 200 -
[cli-sandbox] "POST /verify-turn HTTP/1.1" 200 -
[cli-sandbox] "POST /verify-turn HTTP/1.1" 200 -
[cli-sandbox] "POST /verify-start HTTP/1.1" 200 -
[cli-sandbox] "POST /verify-turn HTTP/1.1" 200 -
[cli-sandbox] "POST /verify-turn HTTP/1.1" 200 -
[cli-sandbox] "POST /verify-turn HTTP/1.1" 200 -
[cli-sandbox] "POST /verify-turn HTTP/1.1" 200 -
[cli-sandbox] "POST /verify-turn HTTP/1.1" 200 -
[cli-sandbox] "POST /verify-turn HTTP/1.1" 200 -
[cli-sandbox] "POST /verify-turn HTTP/1.1" 200 -
[cli-sandbox] "POST /verify-start HTTP/1.1" 200 -
[cli-sandbox] "POST /verify-turn HTTP/1.1" 200 -
[cli-sandbox] "POST /verify-turn HTTP/1.1" 200 -
[cli-sandbox] "POST /verify-turn HTTP/1.1" 200 -
[cli-sandbox] "POST /verify-turn HTTP/1.1" 200 -
[cli-sandbox] "POST /verify-start HTTP/1.1" 200 -
[cli-sandbox] "POST /verify-turn HTTP/1.1" 200 -
[cli-sandbox] "POST /verify-turn HTTP/1.1" 200 -
[cli-sandbox] "POST /verify-turn HTTP/1.1" 200 -
[cli-sandbox] "POST /verify-turn HTTP/1.1" 200 -
[cli-sandbox] "POST /verify-start HTTP/1.1" 200 -
[cli-sandbox] "POST /verify-turn HTTP/1.1" 200 -
[cli-sandbox] "POST /verify-turn HTTP/1.1" 200 -
[cli-sandbox] "POST /verify-turn HTTP/1.1" 200 -
[cli-sandbox] "POST /verify-turn HTTP/1.1" 200 -
[cli-sandbox] "POST /verify-turn HTTP/1.1" 200 -
[cli-sandbox] "POST /verify-start HTTP/1.1" 200 -
[cli-sandbox] "POST /verify-turn HTTP/1.1" 200 -
[cli-sandbox] "POST /verify-turn HTTP/1.1" 200 -
[cli-sandbox] "POST /verify-turn HTTP/1.1" 200 -
[cli-sandbox] "POST /verify-turn HTTP/1.1" 200 -
[cli-sandbox] "POST /verify-turn HTTP/1.1" 200 -
[cli-sandbox] "POST /verify-turn HTTP/1.1" 200 -
[cli-sandbox] "POST /verify-turn HTTP/1.1" 200 -
[cli-sandbox] "POST /verify HTTP/1.1" 200 -
[cli-sandbox] "POST /verify HTTP/1.1" 200 -
[cli-sandbox] "POST /verify HTTP/1.1" 200 -
[cli-sandbox] "POST /verify HTTP/1.1" 200 -
[cli-sandbox] "POST /verify HTTP/1.1" 200 -
[cli-sandbox] "POST /verify HTTP/1.1" 200 -
[cli-sandbox] "POST /verify HTTP/1.1" 200 -
[cli-sandbox] "POST /verify HTTP/1.1" 200 -
[cli-sandbox] "POST /verify HTTP/1.1" 200 -
[cli-sandbox] "POST /verify HTTP/1.1" 200 -
[cli-sandbox] "POST /verify HTTP/1.1" 200 -
[cli-sandbox] "POST /verify HTTP/1.1" 200 -
[cli-sandbox] "POST /verify HTTP/1.1" 200 -
[cli-sandbox] "POST /verify-start HTTP/1.1" 200 -
[cli-sandbox] "POST /verify-turn HTTP/1.1" 200 -
[cli-sandbox] "POST /verify-turn HTTP/1.1" 200 -
[cli-sandbox] "POST /verify-turn HTTP/1.1" 200 -
[cli-sandbox] "POST /verify-turn HTTP/1.1" 200 -
[cli-sandbox] "POST /verify-turn HTTP/1.1" 200 -
[cli-sandbox] "POST /verify-start HTTP/1.1" 200 -
[cli-sandbox] "POST /verify-turn HTTP/1.1" 200 -
[cli-sandbox] "POST /verify-turn HTTP/1.1" 200 -
[cli-sandbox] "POST /verify-turn HTTP/1.1" 200 -
[cli-sandbox] "POST /verify-turn HTTP/1.1" 200 -
[cli-sandbox] "POST /verify-turn HTTP/1.1" 200 -
[cli-sandbox] "POST /verify-turn HTTP/1.1" 200 -
[cli-sandbox] "POST /verify-start HTTP/1.1" 200 -
[cli-sandbox] "POST /verify-turn HTTP/1.1" 200 -
[cli-sandbox] "POST /verify-turn HTTP/1.1" 200 -
[cli-sandbox] "POST /verify-turn HTTP/1.1" 200 -
[cli-sandbox] "POST /verify-turn HTTP/1.1" 200 -
[cli-sandbox] "POST /verify-turn HTTP/1.1" 200 -
[cli-sandbox] "POST /verify-turn HTTP/1.1" 200 -
[cli-sandbox] "POST /verify-start HTTP/1.1" 200 -
[cli-sandbox] "POST /verify-turn HTTP/1.1" 200 -
[cli-sandbox] "POST /verify-turn HTTP/1.1" 200 -
[cli-sandbox] "POST /verify-turn HTTP/1.1" 200 -
[cli-sandbox] "POST /verify-turn HTTP/1.1" 200 -
[cli-sandbox] "POST /verify-turn HTTP/1.1" 200 -
[cli-sandbox] "POST /verify-turn HTTP/1.1" 200 -
[cli-sandbox] "POST /verify-turn HTTP/1.1" 200 -
[cli-sandbox] "POST /verify-turn HTTP/1.1" 200 -
[cli-sandbox] "POST /verify-turn HTTP/1.1" 200 -
[cli-sandbox] "POST /verify-turn HTTP/1.1" 200 -
[cli-sandbox] "POST /verify-turn HTTP/1.1" 200 -
[cli-sandbox] "POST /verify-start HTTP/1.1" 200 -
[cli-sandbox] "POST /verify-turn HTTP/1.1" 200 -
[cli-sandbox] "POST /verify-turn HTTP/1.1" 200 -
[cli-sandbox] "POST /verify-turn HTTP/1.1" 200 -
[cli-sandbox] "POST /verify-turn HTTP/1.1" 200 -
[cli-sandbox] "POST /verify-start HTTP/1.1" 200 -
[cli-sandbox] "POST /verify-turn HTTP/1.1" 200 -
[cli-sandbox] "POST /verify-turn HTTP/1.1" 200 -
[cli-sandbox] "POST /verify-turn HTTP/1.1" 200 -
[cli-sandbox] "POST /verify-turn HTTP/1.1" 200 -
[cli-sandbox] "POST /verify-turn HTTP/1.1" 200 -
[cli-sandbox] "POST /verify-turn HTTP/1.1" 200 -

