# benchlocal-cli sandbox log — bugfind-15
# container_id: f5eebce92311b3d798ab44bc422a7b1b023150260608f025a8b09969b80bc134
# captured_at: 2026-08-19T14:41:21Z

=== STDOUT ===

=== STDERR ===
[bugfind-sandbox] listening on :9000
[bugfind-sandbox] "GET /health HTTP/1.1" 200 -
[bugfind-sandbox] "POST /verify HTTP/1.1" 200 -
[bugfind-sandbox] "POST /verify HTTP/1.1" 200 -
[bugfind-sandbox] "POST /verify HTTP/1.1" 200 -
[bugfind-sandbox] "POST /verify HTTP/1.1" 200 -
[bugfind-sandbox] "POST /verify HTTP/1.1" 200 -
[bugfind-sandbox] "POST /verify HTTP/1.1" 200 -
[bugfind-sandbox] "POST /verify HTTP/1.1" 200 -
[bugfind-sandbox] "POST /verify HTTP/1.1" 200 -
[bugfind-sandbox] "POST /verify HTTP/1.1" 200 -
[bugfind-sandbox] "POST /verify HTTP/1.1" 200 -
[bugfind-sandbox] "POST /verify HTTP/1.1" 200 -
[bugfind-sandbox] "POST /verify HTTP/1.1" 200 -
[bugfind-sandbox] "POST /verify HTTP/1.1" 200 -
[bugfind-sandbox] "POST /verify HTTP/1.1" 200 -
[bugfind-sandbox] "POST /verify HTTP/1.1" 200 -
[bugfind-sandbox] "POST /verify HTTP/1.1" 200 -

