# benchlocal-cli sandbox log — hermesagent-20
# container_id: a4ccafb63b78e3b6af7f9340819a6a2c6cc52569dc0f8a7fcb6e47d77ee490e3
# captured_at: 2026-08-19T09:57:52Z

=== STDOUT ===
HermesAgent-20 verifier listening on http://0.0.0.0:4010

=== STDERR ===
[entrypoint] starting upstream node grader on internal :4010...
[entrypoint] upstream node grader ready on :4010 (2s)
[hermes-sandbox] listening on :9000 (stage=v0.7.4, upstream=http://127.0.0.1:4010, hermes_agent_source=baked, timeout=300s)
[hermes-sandbox] "GET /health HTTP/1.1" 200 -
[hermes-sandbox] "POST /verify-start HTTP/1.1" 200 -
[hermes-sandbox] "POST /verify-start HTTP/1.1" 200 -
[hermes-sandbox] "POST /verify-start HTTP/1.1" 200 -
[hermes-sandbox] "POST /verify-start HTTP/1.1" 200 -
[hermes-sandbox] "POST /verify-start HTTP/1.1" 200 -
[hermes-sandbox] "POST /verify-start HTTP/1.1" 200 -
[hermes-sandbox] "POST /verify-start HTTP/1.1" 200 -
[hermes-sandbox] "POST /verify-start HTTP/1.1" 200 -
[hermes-sandbox] "POST /verify-start HTTP/1.1" 200 -
[hermes-sandbox] "POST /verify-start HTTP/1.1" 200 -
[hermes-sandbox] "POST /verify-start HTTP/1.1" 200 -
[hermes-sandbox] "POST /verify-start HTTP/1.1" 200 -
[hermes-sandbox] "POST /verify-start HTTP/1.1" 200 -
[hermes-sandbox] "POST /verify-start HTTP/1.1" 200 -
[hermes-sandbox] "POST /verify-start HTTP/1.1" 200 -
[hermes-sandbox] "POST /verify-start HTTP/1.1" 200 -
[hermes-sandbox] "POST /verify-start HTTP/1.1" 200 -
[hermes-sandbox] "POST /verify-start HTTP/1.1" 200 -
[hermes-sandbox] "POST /verify-start HTTP/1.1" 200 -
[hermes-sandbox] "POST /verify-start HTTP/1.1" 200 -
[hermes-sandbox] "POST /verify-start HTTP/1.1" 200 -
[hermes-sandbox] "POST /verify-start HTTP/1.1" 200 -
[hermes-sandbox] "POST /verify-start HTTP/1.1" 200 -
[hermes-sandbox] "POST /verify-start HTTP/1.1" 200 -
[hermes-sandbox] "POST /verify-start HTTP/1.1" 200 -
[hermes-sandbox] "POST /verify-start HTTP/1.1" 200 -
[hermes-sandbox] "POST /verify-start HTTP/1.1" 200 -
[hermes-sandbox] "POST /verify-start HTTP/1.1" 200 -
[hermes-sandbox] "POST /verify-start HTTP/1.1" 200 -
[hermes-sandbox] "POST /verify-start HTTP/1.1" 200 -
[hermes-sandbox] "POST /verify-start HTTP/1.1" 200 -
[hermes-sandbox] "POST /verify-start HTTP/1.1" 200 -
[hermes-sandbox] "POST /verify-start HTTP/1.1" 200 -
[hermes-sandbox] "POST /verify-start HTTP/1.1" 200 -

