# benchlocal-cli sandbox log — bugfind-15
# container_id: f672f9c827d362f251ebc658fe0fded335677bcf0efd16411223e67746473ca9
# captured_at: 2026-08-20T02:36:11Z

=== STDOUT ===

=== STDERR ===
[bugfind-sandbox] listening on :9000
[bugfind-sandbox] "GET /health HTTP/1.1" 200 -
[bugfind-sandbox] "POST /verify HTTP/1.1" 200 -
[bugfind-sandbox] "POST /verify HTTP/1.1" 200 -
[bugfind-sandbox] "POST /verify HTTP/1.1" 200 -
[bugfind-sandbox] "POST /verify HTTP/1.1" 200 -
[bugfind-sandbox] "POST /verify HTTP/1.1" 200 -
[bugfind-sandbox] "POST /verify HTTP/1.1" 200 -
[bugfind-sandbox] "POST /verify HTTP/1.1" 200 -
[bugfind-sandbox] "POST /verify HTTP/1.1" 200 -
[bugfind-sandbox] "POST /verify HTTP/1.1" 200 -
[bugfind-sandbox] "POST /verify HTTP/1.1" 200 -
[bugfind-sandbox] "POST /verify HTTP/1.1" 200 -
[bugfind-sandbox] "POST /verify HTTP/1.1" 200 -
[bugfind-sandbox] "POST /verify HTTP/1.1" 200 -
[bugfind-sandbox] "POST /verify HTTP/1.1" 200 -
[bugfind-sandbox] "POST /verify HTTP/1.1" 200 -

