# benchlocal-cli sandbox log — hermesagent-20
# container_id: 86734c7fa0a026cc60db815c4ab015c7226b46df4d7688b85316c1355770a4b3
# captured_at: 2026-08-22T07:27:13Z

=== STDOUT ===
HermesAgent-20 verifier listening on http://0.0.0.0:4010

=== STDERR ===
[entrypoint] starting upstream node grader on internal :4010...
[entrypoint] upstream node grader ready on :4010 (2s)
[hermes-sandbox] listening on :9000 (stage=v0.7.4, upstream=http://127.0.0.1:4010, hermes_agent_source=baked, timeout=300s)
[hermes-sandbox] "GET /health HTTP/1.1" 200 -
[hermes-sandbox] "POST /verify-start HTTP/1.1" 200 -
[hermes-sandbox] "POST /verify-start HTTP/1.1" 200 -
[hermes-sandbox] "POST /verify-start HTTP/1.1" 200 -
[hermes-sandbox] "POST /verify-start HTTP/1.1" 200 -
[hermes-sandbox] "POST /verify-start HTTP/1.1" 200 -
[hermes-sandbox] "POST /verify-start HTTP/1.1" 200 -
[hermes-sandbox] "POST /verify-start HTTP/1.1" 200 -
[hermes-sandbox] "POST /verify-start HTTP/1.1" 200 -
[hermes-sandbox] "POST /verify-start HTTP/1.1" 200 -
[hermes-sandbox] "POST /verify-start HTTP/1.1" 200 -
[hermes-sandbox] "POST /verify-start HTTP/1.1" 200 -
[hermes-sandbox] "POST /verify-start HTTP/1.1" 200 -
[hermes-sandbox] "POST /verify-start HTTP/1.1" 200 -
[hermes-sandbox] "POST /verify-start HTTP/1.1" 200 -
[hermes-sandbox] "POST /verify-start HTTP/1.1" 200 -
[hermes-sandbox] "POST /verify-start HTTP/1.1" 200 -
[hermes-sandbox] "POST /verify-start HTTP/1.1" 200 -
[hermes-sandbox] "POST /verify-start HTTP/1.1" 200 -
[hermes-sandbox] "POST /verify-start HTTP/1.1" 200 -
[hermes-sandbox] "POST /verify-start HTTP/1.1" 200 -
[hermes-sandbox] "POST /verify-start HTTP/1.1" 200 -
[hermes-sandbox] "POST /verify-start HTTP/1.1" 200 -
[hermes-sandbox] "POST /verify-start HTTP/1.1" 200 -
[hermes-sandbox] "POST /verify-start HTTP/1.1" 200 -
[hermes-sandbox] "POST /verify-start HTTP/1.1" 200 -
[hermes-sandbox] "POST /verify-start HTTP/1.1" 200 -
[hermes-sandbox] "POST /verify-start HTTP/1.1" 200 -
[hermes-sandbox] "POST /verify-start HTTP/1.1" 200 -
[hermes-sandbox] "POST /verify-start HTTP/1.1" 200 -
[hermes-sandbox] "POST /verify-start HTTP/1.1" 200 -

