[17:49:02] sandbox port offset 1030
benchlocal-cli: thinking control 'reasoning_effort' (explicit --reasoning-effort)
  [1/4] CLI-05 ✓ passed pass@1 (905.1s)
  [2/4] CLI-15 ✓ passed pass@1 (809.1s)
  [3/4] CLI-25 ✓ passed pass@1 (16.2s)
  [4/4] CLI-35 ✓ passed pass@1 (4.2s)
cli-40 (v1.0.2) | 4 / 4 | 100% | 412.64s | ok; partial — 4 of 40 selected
  [1/2] HA-05 ✗ verifier_fail fail (94.1s)
  [2/2] HA-15 ✓ passed pass@1 (31.7s)
hermesagent-20 (v1.0.0) | 1 / 2 | 50% | 62.92s | ok; partial — 2 of 20 selected
## Quality bench, thinking on, benchlocal-cli v0.9.8, repeat = 1

Pack | Pass / Total | Score | Std | CV | p50 latency | p95 latency | Status
---|---:|---:|---:|---:|---:|---:|---
cli-40 (v1.0.2) | 4 / 4 | 100% | — | — | 412.64s | 905.13s | ok; partial — 4 of 40 selected
hermesagent-20 (v1.0.0) | 1 / 2 | 50% | — | — | 62.92s | 94.09s | ok; partial — 2 of 20 selected

TOTAL | 5 / 6 | 83% |  |  |  |  |

Equivalent to: 125/150

<details>
<summary>Raw data</summary>

```
=== benchlocal-cli --custom  (endpoint: http://127.0.0.1:19420/v1, model: bench, thinking=on, 2026-09-27T17:49:02.333572Z) [PARTIAL SELECTION: 6 scenarios] ===

  [1/4] CLI-05 ✓ passed pass@1 (905.1s)
  [2/4] CLI-15 ✓ passed pass@1 (809.1s)
  [3/4] CLI-25 ✓ passed pass@1 (16.2s)
  [4/4] CLI-35 ✓ passed pass@1 (4.2s)
cli-40 (v1.0.2) | 4 / 4 | 100% | 412.64s | ok; partial — 4 of 40 selected
  [1/2] HA-05 ✗ verifier_fail fail (94.1s)
  [2/2] HA-15 ✓ passed pass@1 (31.7s)
hermesagent-20 (v1.0.0) | 1 / 2 | 50% | 62.92s | ok; partial — 2 of 20 selected

Pack | Pass / Total | Score | p50 latency | p95 latency | Status
---|---:|---:|---:|---:|---
cli-40 (v1.0.2) | 4 / 4 | 100% | 412.64s | 905.13s | ok; partial — 4 of 40 selected
hermesagent-20 (v1.0.0) | 1 / 2 | 50% | 62.92s | 94.09s | ok; partial — 2 of 20 selected

TOTAL | 5 / 6 | 83% |  |  |

Completion and extraction diagnostics:

Pack | finish_reason=length | extraction_method | extraction_issue | response_field_used
---|---:|---|---|---
cli-40 | 0 / 7 (0.0%) | — | — | message.content=3, multi_turn=1
hermesagent-20 | — | — | — | multi_turn=2

Failure breakdown:
- hermesagent-20 HA-05: verifier_fail [fail] (Hermes changed the project, but the fix or the final verification trace was incomplete.)
```

</details>
