[17:35:44] sandbox port offset 1060
benchlocal-cli: thinking control 'reasoning_effort' (explicit --reasoning-effort)
  [1/4] CLI-08 ✓ passed pass@1 (977.7s)
  [2/4] CLI-18 ✓ passed pass@1 (8.2s)
  [3/4] CLI-28 ✓ passed pass@1 (23.3s)
  [4/4] CLI-38 ✓ passed pass@1 (34.7s)
cli-40 (v1.0.2) | 4 / 4 | 100% | 28.99s | ok; partial — 4 of 40 selected
  [1/2] HA-08 ✗ verifier_fail fail (68.6s)
  [2/2] HA-18 ✓ passed pass@1 (32.9s)
hermesagent-20 (v1.0.0) | 1 / 2 | 50% | 50.77s | ok; partial — 2 of 20 selected
## Quality bench, thinking on, benchlocal-cli v0.9.8, repeat = 1

Pack | Pass / Total | Score | Std | CV | p50 latency | p95 latency | Status
---|---:|---:|---:|---:|---:|---:|---
cli-40 (v1.0.2) | 4 / 4 | 100% | — | — | 28.99s | 977.73s | ok; partial — 4 of 40 selected
hermesagent-20 (v1.0.0) | 1 / 2 | 50% | — | — | 50.77s | 68.62s | ok; partial — 2 of 20 selected

TOTAL | 5 / 6 | 83% |  |  |  |  |

Equivalent to: 125/150

<details>
<summary>Raw data</summary>

```
=== benchlocal-cli --custom  (endpoint: http://127.0.0.1:19420/v1, model: bench, thinking=on, 2026-09-27T17:35:44.399438Z) [PARTIAL SELECTION: 6 scenarios] ===

  [1/4] CLI-08 ✓ passed pass@1 (977.7s)
  [2/4] CLI-18 ✓ passed pass@1 (8.2s)
  [3/4] CLI-28 ✓ passed pass@1 (23.3s)
  [4/4] CLI-38 ✓ passed pass@1 (34.7s)
cli-40 (v1.0.2) | 4 / 4 | 100% | 28.99s | ok; partial — 4 of 40 selected
  [1/2] HA-08 ✗ verifier_fail fail (68.6s)
  [2/2] HA-18 ✓ passed pass@1 (32.9s)
hermesagent-20 (v1.0.0) | 1 / 2 | 50% | 50.77s | ok; partial — 2 of 20 selected

Pack | Pass / Total | Score | p50 latency | p95 latency | Status
---|---:|---:|---:|---:|---
cli-40 (v1.0.2) | 4 / 4 | 100% | 28.99s | 977.73s | ok; partial — 4 of 40 selected
hermesagent-20 (v1.0.0) | 1 / 2 | 50% | 50.77s | 68.62s | ok; partial — 2 of 20 selected

TOTAL | 5 / 6 | 83% |  |  |

Completion and extraction diagnostics:

Pack | finish_reason=length | extraction_method | extraction_issue | response_field_used
---|---:|---|---|---
cli-40 | 0 / 11 (0.0%) | — | — | message.content=2, multi_turn=2
hermesagent-20 | — | — | — | multi_turn=2

Failure breakdown:
- hermesagent-20 HA-08: verifier_fail [fail] (Hermes touched the browser flow, but the export artifact or verifier invariants were incomplete.)
```

</details>
