[17:37:51] sandbox port offset 3010
benchlocal-cli: thinking control 'reasoning_effort' (explicit --reasoning-effort)
  [1/5] CLI-01 ✓ passed pass@1 (27.1s)
  [2/5] CLI-09 ✗ verifier_fail fail (191.6s)
  [3/5] CLI-17 ✗ verifier_fail fail (673.1s)
  [4/5] CLI-25 ✓ passed pass@1 (40.1s)
  [5/5] CLI-33 ✗ verifier_fail fail (2.4s)
cli-40 (v1.0.2) | 2 / 5 | 40% | 40.08s | ok; partial — 5 of 40 selected
  [1/3] HA-01 ✓ passed pass@1 (36.1s)
  [2/3] HA-09 ✓ passed pass@1 (131.0s)
  [3/3] HA-17 ✗ verifier_fail fail (175.1s)
hermesagent-20 (v1.0.0) | 2 / 3 | 67% | 130.97s | ok; partial — 3 of 20 selected
## Quality bench, thinking on, benchlocal-cli v0.9.8, repeat = 1

Pack | Pass / Total | Score | Std | CV | p50 latency | p95 latency | Status
---|---:|---:|---:|---:|---:|---:|---
cli-40 (v1.0.2) | 2 / 5 | 40% | — | — | 40.08s | 673.12s | ok; partial — 5 of 40 selected
hermesagent-20 (v1.0.0) | 2 / 3 | 67% | — | — | 130.97s | 175.05s | ok; partial — 3 of 20 selected

TOTAL | 4 / 8 | 50% |  |  |  |  |

Equivalent to: 75/150

<details>
<summary>Raw data</summary>

```
=== benchlocal-cli --custom  (endpoint: http://127.0.0.1:19412/v1, model: bench, thinking=on, 2026-09-27T17:37:51.363994Z) [PARTIAL SELECTION: 8 scenarios] ===

  [1/5] CLI-01 ✓ passed pass@1 (27.1s)
  [2/5] CLI-09 ✗ verifier_fail fail (191.6s)
  [3/5] CLI-17 ✗ verifier_fail fail (673.1s)
  [4/5] CLI-25 ✓ passed pass@1 (40.1s)
  [5/5] CLI-33 ✗ verifier_fail fail (2.4s)
cli-40 (v1.0.2) | 2 / 5 | 40% | 40.08s | ok; partial — 5 of 40 selected
  [1/3] HA-01 ✓ passed pass@1 (36.1s)
  [2/3] HA-09 ✓ passed pass@1 (131.0s)
  [3/3] HA-17 ✗ verifier_fail fail (175.1s)
hermesagent-20 (v1.0.0) | 2 / 3 | 67% | 130.97s | ok; partial — 3 of 20 selected

Pack | Pass / Total | Score | p50 latency | p95 latency | Status
---|---:|---:|---:|---:|---
cli-40 (v1.0.2) | 2 / 5 | 40% | 40.08s | 673.12s | ok; partial — 5 of 40 selected
hermesagent-20 (v1.0.0) | 2 / 3 | 67% | 130.97s | 175.05s | ok; partial — 3 of 20 selected

TOTAL | 4 / 8 | 50% |  |  |

Completion and extraction diagnostics:

Pack | finish_reason=length | extraction_method | extraction_issue | response_field_used
---|---:|---|---|---
cli-40 | 0 / 11 (0.0%) | — | — | message.content=4, multi_turn=1
hermesagent-20 | — | — | — | multi_turn=3

Failure breakdown:
- cli-40 CLI-09: verifier_fail [fail] (CLI-09: Did not satisfy the scenario requirements. (score=25; correctness=0/2; efficiency=2/2; discipline=0/2; commandCount=1; note=The remaining duplicate-set survivors or their bytes did not match the expected oldest files.))
- cli-40 CLI-17: verifier_fail [fail] (CLI-17: Did not satisfy the scenario requirements. (score=25; correctness=0/2; efficiency=2/2; discipline=0/2; commandCount=1; note=The submitted archive command did not succeed when repeated.))
- cli-40 CLI-33: verifier_fail [fail] (CLI-33: Did not satisfy the scenario requirements. (score=25; correctness=0/2; efficiency=2/2; discipline=0/2; commandCount=1; note=results/alpha.done is missing or unreadable: ENOENT: no such file or directory, open '/workspace/results/alpha.done' results/count.txt is missing or unreadable: ENOENT: no such file or directory, open '/workspace/results/count.txt' data/tasks.sorted.txt is missing or unreadable: ENOENT: no such file or directory, open '/workspace/data/tasks.sorted.txt' The final task workspace contained unexpected files or bytes.))
- hermesagent-20 HA-17: verifier_fail [fail] (Hermes produced a merged result, but the delegation trace or artifact correctness was incomplete.)
```

</details>
