# benchlocal-cli sandbox log — cli-40
# container_id: a0917bcff58cd0889656e6089855b4152f63f68b93e8dffae98b6a00b4756b8e
# captured_at: 2026-09-27T21:25:24Z

=== STDOUT ===

=== STDERR ===
[cli-sandbox] listening on :9000
[cli-sandbox] "GET /health HTTP/1.1" 200 -
[cli-sandbox] "POST /verify HTTP/1.1" 200 -
[cli-sandbox] "POST /verify HTTP/1.1" 200 -
[cli-sandbox] verifier exception on CLI-17: [Errno 7] Argument list too long: 'node'
Traceback (most recent call last):
  File "/app/server.py", line 619, in do_POST
    result = _verify(scenario_id, req.get("scenario", {}), req.get("response", {}))
  File "/app/server.py", line 381, in _verify
    upstream = _verify_with_upstream_runtime(scenario_id, scenario, text)
  File "/app/server.py", line 561, in _verify_with_upstream_runtime
    proc = subprocess.run(
        ["node", "--input-type=module", "-e", js, *args],
    ...<4 lines>...
        check=False,
    )
  File "/usr/lib/python3.13/subprocess.py", line 554, in run
    with Popen(*popenargs, **kwargs) as process:
         ~~~~~^^^^^^^^^^^^^^^^^^^^^^
  File "/usr/lib/python3.13/subprocess.py", line 1039, in __init__
    self._execute_child(args, executable, preexec_fn, close_fds,
    ~~~~~~~~~~~~~~~~~~~^^^^^^^^^^^^^^^^^^^^^^^^^^^^^^^^^^^^^^^^^
                        pass_fds, cwd, env,
                        ^^^^^^^^^^^^^^^^^^^
    ...<5 lines>...
                        gid, gids, uid, umask,
                        ^^^^^^^^^^^^^^^^^^^^^^
                        start_new_session, process_group)
                        ^^^^^^^^^^^^^^^^^^^^^^^^^^^^^^^^^
  File "/usr/lib/python3.13/subprocess.py", line 1972, in _execute_child
    raise child_exception_type(errno_num, err_msg, err_filename)
OSError: [Errno 7] Argument list too long: 'node'

[cli-sandbox] "POST /verify HTTP/1.1" 200 -
[cli-sandbox] verifier exception on CLI-17: [Errno 7] Argument list too long: 'node'
Traceback (most recent call last):
  File "/app/server.py", line 619, in do_POST
    result = _verify(scenario_id, req.get("scenario", {}), req.get("response", {}))
  File "/app/server.py", line 381, in _verify
    upstream = _verify_with_upstream_runtime(scenario_id, scenario, text)
  File "/app/server.py", line 561, in _verify_with_upstream_runtime
    proc = subprocess.run(
        ["node", "--input-type=module", "-e", js, *args],
    ...<4 lines>...
        check=False,
    )
  File "/usr/lib/python3.13/subprocess.py", line 554, in run
    with Popen(*popenargs, **kwargs) as process:
         ~~~~~^^^^^^^^^^^^^^^^^^^^^^
  File "/usr/lib/python3.13/subprocess.py", line 1039, in __init__
    self._execute_child(args, executable, preexec_fn, close_fds,
    ~~~~~~~~~~~~~~~~~~~^^^^^^^^^^^^^^^^^^^^^^^^^^^^^^^^^^^^^^^^^
                        pass_fds, cwd, env,
                        ^^^^^^^^^^^^^^^^^^^
    ...<5 lines>...
                        gid, gids, uid, umask,
                        ^^^^^^^^^^^^^^^^^^^^^^
                        start_new_session, process_group)
                        ^^^^^^^^^^^^^^^^^^^^^^^^^^^^^^^^^
  File "/usr/lib/python3.13/subprocess.py", line 1972, in _execute_child
    raise child_exception_type(errno_num, err_msg, err_filename)
OSError: [Errno 7] Argument list too long: 'node'

[cli-sandbox] "POST /verify HTTP/1.1" 200 -
[cli-sandbox] verifier exception on CLI-17: [Errno 7] Argument list too long: 'node'
Traceback (most recent call last):
  File "/app/server.py", line 619, in do_POST
    result = _verify(scenario_id, req.get("scenario", {}), req.get("response", {}))
  File "/app/server.py", line 381, in _verify
    upstream = _verify_with_upstream_runtime(scenario_id, scenario, text)
  File "/app/server.py", line 561, in _verify_with_upstream_runtime
    proc = subprocess.run(
        ["node", "--input-type=module", "-e", js, *args],
    ...<4 lines>...
        check=False,
    )
  File "/usr/lib/python3.13/subprocess.py", line 554, in run
    with Popen(*popenargs, **kwargs) as process:
         ~~~~~^^^^^^^^^^^^^^^^^^^^^^
  File "/usr/lib/python3.13/subprocess.py", line 1039, in __init__
    self._execute_child(args, executable, preexec_fn, close_fds,
    ~~~~~~~~~~~~~~~~~~~^^^^^^^^^^^^^^^^^^^^^^^^^^^^^^^^^^^^^^^^^
                        pass_fds, cwd, env,
                        ^^^^^^^^^^^^^^^^^^^
    ...<5 lines>...
                        gid, gids, uid, umask,
                        ^^^^^^^^^^^^^^^^^^^^^^
                        start_new_session, process_group)
                        ^^^^^^^^^^^^^^^^^^^^^^^^^^^^^^^^^
  File "/usr/lib/python3.13/subprocess.py", line 1972, in _execute_child
    raise child_exception_type(errno_num, err_msg, err_filename)
OSError: [Errno 7] Argument list too long: 'node'

[cli-sandbox] "POST /verify HTTP/1.1" 200 -
[cli-sandbox] "POST /verify-start HTTP/1.1" 200 -
[cli-sandbox] "POST /verify-turn HTTP/1.1" 200 -
[cli-sandbox] "POST /verify-turn HTTP/1.1" 200 -
[cli-sandbox] "POST /verify-turn HTTP/1.1" 200 -
[cli-sandbox] "POST /verify-turn HTTP/1.1" 200 -
[cli-sandbox] "POST /verify-turn HTTP/1.1" 200 -
[cli-sandbox] "POST /verify HTTP/1.1" 200 -

