# benchlocal-cli sandbox log — lcb-v6-30
# container_id: ff5385a6f0139c073a19ee10d77c769658a2afc5d0c94c9edfa6d53f21926279
# captured_at: 2026-08-20T22:13:27Z

=== STDOUT ===

=== STDERR ===
[code-reasoning-sandbox] listening on :9000
[code-reasoning-sandbox] "GET /health HTTP/1.1" 200 -
[code-reasoning-sandbox] "POST /verify HTTP/1.1" 200 -
[code-reasoning-sandbox] "POST /verify HTTP/1.1" 200 -
[code-reasoning-sandbox] "POST /verify HTTP/1.1" 200 -
[code-reasoning-sandbox] "POST /verify HTTP/1.1" 200 -
[code-reasoning-sandbox] "POST /verify HTTP/1.1" 200 -
[code-reasoning-sandbox] "POST /verify HTTP/1.1" 200 -
[code-reasoning-sandbox] "POST /verify HTTP/1.1" 200 -
[code-reasoning-sandbox] "POST /verify HTTP/1.1" 200 -
[code-reasoning-sandbox] "POST /verify HTTP/1.1" 200 -
[code-reasoning-sandbox] "POST /verify HTTP/1.1" 200 -
[code-reasoning-sandbox] "POST /verify HTTP/1.1" 200 -
[code-reasoning-sandbox] "POST /verify HTTP/1.1" 200 -
[code-reasoning-sandbox] "POST /verify HTTP/1.1" 200 -
[code-reasoning-sandbox] "POST /verify HTTP/1.1" 200 -
[code-reasoning-sandbox] "POST /verify HTTP/1.1" 200 -
[code-reasoning-sandbox] "POST /verify HTTP/1.1" 200 -
[code-reasoning-sandbox] "POST /verify HTTP/1.1" 200 -
[code-reasoning-sandbox] "POST /verify HTTP/1.1" 200 -
[code-reasoning-sandbox] "POST /verify HTTP/1.1" 200 -
[code-reasoning-sandbox] "POST /verify HTTP/1.1" 200 -
[code-reasoning-sandbox] "POST /verify HTTP/1.1" 200 -
[code-reasoning-sandbox] "POST /verify HTTP/1.1" 200 -
[code-reasoning-sandbox] "POST /verify HTTP/1.1" 200 -
[code-reasoning-sandbox] "POST /verify HTTP/1.1" 200 -
[code-reasoning-sandbox] "POST /verify HTTP/1.1" 200 -
[code-reasoning-sandbox] "POST /verify HTTP/1.1" 200 -
[code-reasoning-sandbox] "POST /verify HTTP/1.1" 200 -
[code-reasoning-sandbox] "POST /verify HTTP/1.1" 200 -
[code-reasoning-sandbox] "POST /verify HTTP/1.1" 200 -
[code-reasoning-sandbox] "POST /verify HTTP/1.1" 200 -
[code-reasoning-sandbox] "POST /verify HTTP/1.1" 200 -
[code-reasoning-sandbox] "POST /verify HTTP/1.1" 200 -

