# benchlocal-cli sandbox log — lcb-v6-30
# container_id: 0232a7338553d305434d447fd5333932517060c094bf80605fb631adcf1755cf
# captured_at: 2026-08-18T18:13:05Z

=== STDOUT ===

=== STDERR ===
[code-reasoning-sandbox] listening on :9000
[code-reasoning-sandbox] "GET /health HTTP/1.1" 200 -
[code-reasoning-sandbox] "POST /verify HTTP/1.1" 200 -
[code-reasoning-sandbox] "POST /verify HTTP/1.1" 200 -
[code-reasoning-sandbox] "POST /verify HTTP/1.1" 200 -
[code-reasoning-sandbox] "POST /verify HTTP/1.1" 200 -
[code-reasoning-sandbox] "POST /verify HTTP/1.1" 200 -
[code-reasoning-sandbox] "POST /verify HTTP/1.1" 200 -
[code-reasoning-sandbox] "POST /verify HTTP/1.1" 200 -
[code-reasoning-sandbox] "POST /verify HTTP/1.1" 200 -
[code-reasoning-sandbox] "POST /verify HTTP/1.1" 200 -
[code-reasoning-sandbox] "POST /verify HTTP/1.1" 200 -
[code-reasoning-sandbox] "POST /verify HTTP/1.1" 200 -
[code-reasoning-sandbox] "POST /verify HTTP/1.1" 200 -
[code-reasoning-sandbox] "POST /verify HTTP/1.1" 200 -
[code-reasoning-sandbox] "POST /verify HTTP/1.1" 200 -
[code-reasoning-sandbox] "POST /verify HTTP/1.1" 200 -
[code-reasoning-sandbox] "POST /verify HTTP/1.1" 200 -
[code-reasoning-sandbox] "POST /verify HTTP/1.1" 200 -
[code-reasoning-sandbox] "POST /verify HTTP/1.1" 200 -
[code-reasoning-sandbox] "POST /verify HTTP/1.1" 200 -
[code-reasoning-sandbox] "POST /verify HTTP/1.1" 200 -
[code-reasoning-sandbox] "POST /verify HTTP/1.1" 200 -
[code-reasoning-sandbox] "POST /verify HTTP/1.1" 200 -
[code-reasoning-sandbox] "POST /verify HTTP/1.1" 200 -
[code-reasoning-sandbox] "POST /verify HTTP/1.1" 200 -
[code-reasoning-sandbox] "POST /verify HTTP/1.1" 200 -
[code-reasoning-sandbox] "POST /verify HTTP/1.1" 200 -
[code-reasoning-sandbox] "POST /verify HTTP/1.1" 200 -
[code-reasoning-sandbox] "POST /verify HTTP/1.1" 200 -
[code-reasoning-sandbox] "POST /verify HTTP/1.1" 200 -
[code-reasoning-sandbox] "POST /verify HTTP/1.1" 200 -

