# benchlocal-cli sandbox log — bugfind-15
# container_id: 03dbd46756ac744251d4ddd87829e0326d4198c2c8a6f603add027da86c841ad
# captured_at: 2026-08-19T22:07:53Z

=== STDOUT ===

=== STDERR ===
[bugfind-sandbox] listening on :9000
[bugfind-sandbox] "GET /health HTTP/1.1" 200 -
[bugfind-sandbox] "POST /verify HTTP/1.1" 200 -
[bugfind-sandbox] "POST /verify HTTP/1.1" 200 -
[bugfind-sandbox] "POST /verify HTTP/1.1" 200 -
[bugfind-sandbox] "POST /verify HTTP/1.1" 200 -
[bugfind-sandbox] "POST /verify HTTP/1.1" 200 -
[bugfind-sandbox] "POST /verify HTTP/1.1" 200 -
[bugfind-sandbox] "POST /verify HTTP/1.1" 200 -
[bugfind-sandbox] "POST /verify HTTP/1.1" 200 -
[bugfind-sandbox] "POST /verify HTTP/1.1" 200 -
[bugfind-sandbox] "POST /verify HTTP/1.1" 200 -
[bugfind-sandbox] "POST /verify HTTP/1.1" 200 -
[bugfind-sandbox] "POST /verify HTTP/1.1" 200 -
[bugfind-sandbox] "POST /verify HTTP/1.1" 200 -
[bugfind-sandbox] "POST /verify HTTP/1.1" 200 -
[bugfind-sandbox] "POST /verify HTTP/1.1" 200 -
[bugfind-sandbox] "POST /verify HTTP/1.1" 200 -
[bugfind-sandbox] "POST /verify HTTP/1.1" 200 -

