[17:35:50] sandbox port offset 3010
benchlocal-cli: thinking control 'reasoning_effort' (explicit --reasoning-effort)
⚠️  skipping cli-40: sandbox unavailable (failed to start sandbox cli-40: Command '['docker', 'run', '--rm', '-d', '--name', 'benchlocal-cli-40-1790530550958', '-p', '12012:9000', 'benchlocal-sandbox-cli:latest']' returned non-zero exit status 125.). Hint: the sandboxed packs need pre-built Docker images (benchlocal-sandbox-*) that aren't auto-pulled — and the build tooling is NOT in the pip package, it lives in a benchlocal-cli checkout. Build them once: `git clone https://github.com/noonghunna/benchlocal-cli && bash benchlocal-cli/tools/build-sandboxes.sh`. Or run a deterministic-only subset (no Docker needed).
cli-40 (v1.0.2) | 0 / 0 | - | - | skipped; partial — 5 of 40 selected
  [1/3] HA-03 ✓ passed pass@1 (14.3s)
  [2/3] HA-11 ✓ passed pass@1 (33.0s)
  [3/3] HA-19 ✗ verifier_fail fail (68.9s)
hermesagent-20 (v1.0.0) | 2 / 3 | 67% | 33.03s | ok; partial — 3 of 20 selected
## Quality bench, thinking on, benchlocal-cli v0.9.8, repeat = 1

Pack | Pass / Total | Score | Std | CV | p50 latency | p95 latency | Status
---|---:|---:|---:|---:|---:|---:|---
cli-40 (v1.0.2) | 0 / 0 | - | — | — | - | - | skipped; partial — 5 of 40 selected
hermesagent-20 (v1.0.0) | 2 / 3 | 67% | — | — | 33.03s | 68.86s | ok; partial — 3 of 20 selected

TOTAL | 2 / 3 | 67% |  |  |  |  |

Equivalent to: 100/150

<details>
<summary>Raw data</summary>

```
=== benchlocal-cli --custom  (endpoint: http://127.0.0.1:19412/v1, model: bench, thinking=on, 2026-09-27T17:35:50.390429Z) [PARTIAL SELECTION: 8 scenarios] ===

cli-40 (v1.0.2) | 0 / 0 | - | - | skipped; partial — 5 of 40 selected
  [1/3] HA-03 ✓ passed pass@1 (14.3s)
  [2/3] HA-11 ✓ passed pass@1 (33.0s)
  [3/3] HA-19 ✗ verifier_fail fail (68.9s)
hermesagent-20 (v1.0.0) | 2 / 3 | 67% | 33.03s | ok; partial — 3 of 20 selected

Pack | Pass / Total | Score | p50 latency | p95 latency | Status
---|---:|---:|---:|---:|---
cli-40 (v1.0.2) | 0 / 0 | - | - | - | skipped; partial — 5 of 40 selected
hermesagent-20 (v1.0.0) | 2 / 3 | 67% | 33.03s | 68.86s | ok; partial — 3 of 20 selected

TOTAL | 2 / 3 | 67% |  |  |

Completion and extraction diagnostics:

Pack | finish_reason=length | extraction_method | extraction_issue | response_field_used
---|---:|---|---|---
hermesagent-20 | — | — | — | multi_turn=3

Failure breakdown:
- hermesagent-20 HA-19: verifier_fail [fail] (Hermes retried deployment partially, but the corrective-action trace or final success was incomplete.)

Warnings:
- skipping cli-40: sandbox unavailable (failed to start sandbox cli-40: Command '['docker', 'run', '--rm', '-d', '--name', 'benchlocal-cli-40-1790530550958', '-p', '12012:9000', 'benchlocal-sandbox-cli:latest']' returned non-zero exit status 125.). Hint: the sandboxed packs need pre-built Docker images (benchlocal-sandbox-*) that aren't auto-pulled — and the build tooling is NOT in the pip package, it lives in a benchlocal-cli checkout. Build them once: `git clone https://github.com/noonghunna/benchlocal-cli && bash benchlocal-cli/tools/build-sandboxes.sh`. Or run a deterministic-only subset (no Docker needed).
- skipping cli-40: sandbox unavailable
```

</details>
[19:07:10] sandbox port offset 3000
benchlocal-cli: thinking control 'reasoning_effort' (explicit --reasoning-effort)
  [1/5] CLI-03 ✓ passed pass@1 (6.5s)
  [2/5] CLI-11 ✓ passed pass@1 (508.0s)
  [3/5] CLI-19 ✓ passed pass@1 (25.7s)
  [4/5] CLI-27 ✓ passed pass@1 (11.6s)
  [5/5] CLI-35 ✓ passed pass@1 (2.1s)
cli-40 (v1.0.2) | 5 / 5 | 100% | 11.58s | ok; partial — 5 of 40 selected
  [1/3] HA-03 ✓ passed pass@1 (7.9s)
  [2/3] HA-11 ✓ passed pass@1 (23.3s)
  [3/3] HA-19 ✗ verifier_fail fail (37.8s)
hermesagent-20 (v1.0.0) | 2 / 3 | 67% | 23.32s | ok; partial — 3 of 20 selected
## Quality bench, thinking on, benchlocal-cli v0.9.8, repeat = 1

Pack | Pass / Total | Score | Std | CV | p50 latency | p95 latency | Status
---|---:|---:|---:|---:|---:|---:|---
cli-40 (v1.0.2) | 5 / 5 | 100% | — | — | 11.58s | 508.01s | ok; partial — 5 of 40 selected
hermesagent-20 (v1.0.0) | 2 / 3 | 67% | — | — | 23.32s | 37.84s | ok; partial — 3 of 20 selected

TOTAL | 7 / 8 | 88% |  |  |  |  |

Equivalent to: 131/150

<details>
<summary>Raw data</summary>

```
=== benchlocal-cli --custom  (endpoint: http://127.0.0.1:19412/v1, model: bench, thinking=on, 2026-09-27T19:07:10.276781Z) [PARTIAL SELECTION: 8 scenarios] ===

  [1/5] CLI-03 ✓ passed pass@1 (6.5s)
  [2/5] CLI-11 ✓ passed pass@1 (508.0s)
  [3/5] CLI-19 ✓ passed pass@1 (25.7s)
  [4/5] CLI-27 ✓ passed pass@1 (11.6s)
  [5/5] CLI-35 ✓ passed pass@1 (2.1s)
cli-40 (v1.0.2) | 5 / 5 | 100% | 11.58s | ok; partial — 5 of 40 selected
  [1/3] HA-03 ✓ passed pass@1 (7.9s)
  [2/3] HA-11 ✓ passed pass@1 (23.3s)
  [3/3] HA-19 ✗ verifier_fail fail (37.8s)
hermesagent-20 (v1.0.0) | 2 / 3 | 67% | 23.32s | ok; partial — 3 of 20 selected

Pack | Pass / Total | Score | p50 latency | p95 latency | Status
---|---:|---:|---:|---:|---
cli-40 (v1.0.2) | 5 / 5 | 100% | 11.58s | 508.01s | ok; partial — 5 of 40 selected
hermesagent-20 (v1.0.0) | 2 / 3 | 67% | 23.32s | 37.84s | ok; partial — 3 of 20 selected

TOTAL | 7 / 8 | 88% |  |  |

Completion and extraction diagnostics:

Pack | finish_reason=length | extraction_method | extraction_issue | response_field_used
---|---:|---|---|---
cli-40 | 0 / 8 (0.0%) | — | — | message.content=4, multi_turn=1
hermesagent-20 | — | — | — | multi_turn=3

Failure breakdown:
- hermesagent-20 HA-19: verifier_fail [fail] (Hermes retried deployment partially, but the corrective-action trace or final success was incomplete.)
```

</details>
