# benchlocal-cli sandbox log — lcb-v6-30
# container_id: c93a230470ce7c70d39abf12e043f948df29e12ec459a3ddb7909dae220c7495
# captured_at: 2026-08-22T05:30:29Z

=== STDOUT ===

=== STDERR ===
[code-reasoning-sandbox] listening on :9000
[code-reasoning-sandbox] "GET /health HTTP/1.1" 200 -
[code-reasoning-sandbox] "POST /verify HTTP/1.1" 200 -
[code-reasoning-sandbox] "POST /verify HTTP/1.1" 200 -
[code-reasoning-sandbox] "POST /verify HTTP/1.1" 200 -
[code-reasoning-sandbox] "POST /verify HTTP/1.1" 200 -
[code-reasoning-sandbox] "POST /verify HTTP/1.1" 200 -
[code-reasoning-sandbox] "POST /verify HTTP/1.1" 200 -
[code-reasoning-sandbox] "POST /verify HTTP/1.1" 200 -
[code-reasoning-sandbox] "POST /verify HTTP/1.1" 200 -
[code-reasoning-sandbox] "POST /verify HTTP/1.1" 200 -
[code-reasoning-sandbox] "POST /verify HTTP/1.1" 200 -
[code-reasoning-sandbox] "POST /verify HTTP/1.1" 200 -
[code-reasoning-sandbox] "POST /verify HTTP/1.1" 200 -
[code-reasoning-sandbox] "POST /verify HTTP/1.1" 200 -
[code-reasoning-sandbox] "POST /verify HTTP/1.1" 200 -
[code-reasoning-sandbox] "POST /verify HTTP/1.1" 200 -
[code-reasoning-sandbox] "POST /verify HTTP/1.1" 200 -
[code-reasoning-sandbox] "POST /verify HTTP/1.1" 200 -
[code-reasoning-sandbox] "POST /verify HTTP/1.1" 200 -
[code-reasoning-sandbox] "POST /verify HTTP/1.1" 200 -
[code-reasoning-sandbox] "POST /verify HTTP/1.1" 200 -
[code-reasoning-sandbox] "POST /verify HTTP/1.1" 200 -
[code-reasoning-sandbox] "POST /verify HTTP/1.1" 200 -
[code-reasoning-sandbox] "POST /verify HTTP/1.1" 200 -
[code-reasoning-sandbox] "POST /verify HTTP/1.1" 200 -
[code-reasoning-sandbox] "POST /verify HTTP/1.1" 200 -
[code-reasoning-sandbox] "POST /verify HTTP/1.1" 200 -
[code-reasoning-sandbox] "POST /verify HTTP/1.1" 200 -
[code-reasoning-sandbox] "POST /verify HTTP/1.1" 200 -
[code-reasoning-sandbox] "POST /verify HTTP/1.1" 200 -
[code-reasoning-sandbox] "POST /verify HTTP/1.1" 200 -

