# benchlocal-cli sandbox log — cli-40
# container_id: d869df062e70a9bed91056fc090059264ed69d05a4f3cbdc87fe8b7b5054f9f9
# captured_at: 2026-08-19T22:54:22Z

=== STDOUT ===

=== STDERR ===
[cli-sandbox] listening on :9000
[cli-sandbox] "GET /health HTTP/1.1" 200 -
[cli-sandbox] "POST /verify HTTP/1.1" 200 -
[cli-sandbox] "POST /verify HTTP/1.1" 200 -
[cli-sandbox] "POST /verify HTTP/1.1" 200 -
[cli-sandbox] "POST /verify HTTP/1.1" 200 -
[cli-sandbox] "POST /verify HTTP/1.1" 200 -
[cli-sandbox] "POST /verify HTTP/1.1" 200 -
[cli-sandbox] "POST /verify HTTP/1.1" 200 -
[cli-sandbox] "POST /verify HTTP/1.1" 200 -
[cli-sandbox] "POST /verify HTTP/1.1" 200 -
[cli-sandbox] "POST /verify HTTP/1.1" 200 -
[cli-sandbox] "POST /verify HTTP/1.1" 200 -
[cli-sandbox] "POST /verify HTTP/1.1" 200 -
[cli-sandbox] "POST /verify HTTP/1.1" 200 -
[cli-sandbox] "POST /verify HTTP/1.1" 200 -
[cli-sandbox] "POST /verify HTTP/1.1" 200 -
[cli-sandbox] "POST /verify HTTP/1.1" 200 -
[cli-sandbox] "POST /verify HTTP/1.1" 200 -
[cli-sandbox] "POST /verify HTTP/1.1" 200 -
[cli-sandbox] "POST /verify HTTP/1.1" 200 -
[cli-sandbox] "POST /verify HTTP/1.1" 200 -
[cli-sandbox] "POST /verify HTTP/1.1" 200 -
[cli-sandbox] "POST /verify HTTP/1.1" 200 -
[cli-sandbox] "POST /verify HTTP/1.1" 200 -
[cli-sandbox] "POST /verify HTTP/1.1" 200 -
[cli-sandbox] "POST /verify HTTP/1.1" 200 -
[cli-sandbox] "POST /verify HTTP/1.1" 200 -
[cli-sandbox] "POST /verify-start HTTP/1.1" 200 -
[cli-sandbox] "POST /verify-turn HTTP/1.1" 200 -
[cli-sandbox] "POST /verify-turn HTTP/1.1" 200 -
[cli-sandbox] "POST /verify-turn HTTP/1.1" 200 -
[cli-sandbox] "POST /verify-turn HTTP/1.1" 200 -
[cli-sandbox] "POST /verify-turn HTTP/1.1" 200 -
[cli-sandbox] "POST /verify-turn HTTP/1.1" 200 -
[cli-sandbox] "POST /verify-turn HTTP/1.1" 200 -
[cli-sandbox] "POST /verify-start HTTP/1.1" 200 -
[cli-sandbox] "POST /verify-turn HTTP/1.1" 200 -
[cli-sandbox] "POST /verify-turn HTTP/1.1" 200 -
[cli-sandbox] "POST /verify-turn HTTP/1.1" 200 -
[cli-sandbox] "POST /verify-start HTTP/1.1" 200 -
[cli-sandbox] "POST /verify-turn HTTP/1.1" 200 -
[cli-sandbox] "POST /verify-turn HTTP/1.1" 200 -
[cli-sandbox] "POST /verify-turn HTTP/1.1" 200 -
[cli-sandbox] "POST /verify-turn HTTP/1.1" 200 -
[cli-sandbox] "POST /verify-turn HTTP/1.1" 200 -
[cli-sandbox] "POST /verify-start HTTP/1.1" 200 -
[cli-sandbox] "POST /verify-turn HTTP/1.1" 200 -
[cli-sandbox] "POST /verify-turn HTTP/1.1" 200 -
[cli-sandbox] "POST /verify-turn HTTP/1.1" 200 -
[cli-sandbox] "POST /verify-turn HTTP/1.1" 200 -
[cli-sandbox] "POST /verify-start HTTP/1.1" 200 -
[cli-sandbox] "POST /verify-turn HTTP/1.1" 200 -
[cli-sandbox] "POST /verify-turn HTTP/1.1" 200 -
[cli-sandbox] "POST /verify-turn HTTP/1.1" 200 -
[cli-sandbox] "POST /verify-turn HTTP/1.1" 200 -
[cli-sandbox] "POST /verify-turn HTTP/1.1" 200 -
[cli-sandbox] "POST /verify-start HTTP/1.1" 200 -
[cli-sandbox] "POST /verify-turn HTTP/1.1" 200 -
[cli-sandbox] "POST /verify-turn HTTP/1.1" 200 -
[cli-sandbox] "POST /verify-turn HTTP/1.1" 200 -
[cli-sandbox] "POST /verify-start HTTP/1.1" 200 -
[cli-sandbox] "POST /verify-turn HTTP/1.1" 200 -
[cli-sandbox] "POST /verify-turn HTTP/1.1" 200 -
[cli-sandbox] "POST /verify-turn HTTP/1.1" 200 -
[cli-sandbox] "POST /verify-turn HTTP/1.1" 200 -
[cli-sandbox] "POST /verify-turn HTTP/1.1" 200 -
[cli-sandbox] "POST /verify-start HTTP/1.1" 200 -
[cli-sandbox] "POST /verify-turn HTTP/1.1" 200 -
[cli-sandbox] "POST /verify-turn HTTP/1.1" 200 -
[cli-sandbox] "POST /verify-turn HTTP/1.1" 200 -
[cli-sandbox] "POST /verify-turn HTTP/1.1" 200 -
[cli-sandbox] "POST /verify-start HTTP/1.1" 200 -
[cli-sandbox] "POST /verify-turn HTTP/1.1" 200 -
[cli-sandbox] "POST /verify-turn HTTP/1.1" 200 -
[cli-sandbox] "POST /verify-turn HTTP/1.1" 200 -
[cli-sandbox] "POST /verify-turn HTTP/1.1" 200 -
[cli-sandbox] "POST /verify-turn HTTP/1.1" 200 -
[cli-sandbox] "POST /verify-start HTTP/1.1" 200 -
[cli-sandbox] "POST /verify-turn HTTP/1.1" 200 -
[cli-sandbox] "POST /verify-turn HTTP/1.1" 200 -
[cli-sandbox] "POST /verify-turn HTTP/1.1" 200 -
[cli-sandbox] "POST /verify-turn HTTP/1.1" 200 -
[cli-sandbox] "POST /verify-turn HTTP/1.1" 200 -
[cli-sandbox] "POST /verify HTTP/1.1" 200 -
[cli-sandbox] "POST /verify HTTP/1.1" 200 -
[cli-sandbox] "POST /verify HTTP/1.1" 200 -
[cli-sandbox] "POST /verify HTTP/1.1" 200 -
[cli-sandbox] "POST /verify HTTP/1.1" 200 -
[cli-sandbox] "POST /verify HTTP/1.1" 200 -
[cli-sandbox] "POST /verify HTTP/1.1" 200 -
[cli-sandbox] "POST /verify HTTP/1.1" 200 -
[cli-sandbox] "POST /verify HTTP/1.1" 200 -
[cli-sandbox] "POST /verify HTTP/1.1" 200 -
[cli-sandbox] "POST /verify HTTP/1.1" 200 -
[cli-sandbox] "POST /verify HTTP/1.1" 200 -
[cli-sandbox] "POST /verify-start HTTP/1.1" 200 -
[cli-sandbox] "POST /verify-turn HTTP/1.1" 200 -
[cli-sandbox] "POST /verify-turn HTTP/1.1" 200 -
[cli-sandbox] "POST /verify-turn HTTP/1.1" 200 -
[cli-sandbox] "POST /verify-start HTTP/1.1" 200 -
[cli-sandbox] "POST /verify-turn HTTP/1.1" 200 -
[cli-sandbox] "POST /verify-turn HTTP/1.1" 200 -
[cli-sandbox] "POST /verify-turn HTTP/1.1" 200 -
[cli-sandbox] "POST /verify-turn HTTP/1.1" 200 -
[cli-sandbox] "POST /verify-start HTTP/1.1" 200 -
[cli-sandbox] "POST /verify-turn HTTP/1.1" 200 -
[cli-sandbox] "POST /verify-turn HTTP/1.1" 200 -
[cli-sandbox] "POST /verify-turn HTTP/1.1" 200 -
[cli-sandbox] "POST /verify-turn HTTP/1.1" 200 -
[cli-sandbox] "POST /verify-start HTTP/1.1" 200 -
[cli-sandbox] "POST /verify-turn HTTP/1.1" 200 -
[cli-sandbox] "POST /verify-turn HTTP/1.1" 200 -
[cli-sandbox] "POST /verify-turn HTTP/1.1" 200 -
[cli-sandbox] "POST /verify-turn HTTP/1.1" 200 -
[cli-sandbox] "POST /verify-start HTTP/1.1" 200 -
[cli-sandbox] "POST /verify-turn HTTP/1.1" 200 -
[cli-sandbox] "POST /verify-turn HTTP/1.1" 200 -
[cli-sandbox] "POST /verify-turn HTTP/1.1" 200 -
[cli-sandbox] "POST /verify-turn HTTP/1.1" 200 -
[cli-sandbox] "POST /verify-start HTTP/1.1" 200 -
[cli-sandbox] "POST /verify-turn HTTP/1.1" 200 -
[cli-sandbox] "POST /verify-turn HTTP/1.1" 200 -
[cli-sandbox] "POST /verify-turn HTTP/1.1" 200 -
[cli-sandbox] "POST /verify-turn HTTP/1.1" 200 -
[cli-sandbox] "POST /verify-start HTTP/1.1" 200 -
[cli-sandbox] "POST /verify-turn HTTP/1.1" 200 -
[cli-sandbox] "POST /verify-turn HTTP/1.1" 200 -
[cli-sandbox] "POST /verify-turn HTTP/1.1" 200 -
[cli-sandbox] "POST /verify-turn HTTP/1.1" 200 -

