# benchlocal-cli sandbox log — cli-40
# container_id: 743d8c7817afc4abec1f74a23a97d771d390eb82f4794450d140e9dd9a6acf1e
# captured_at: 2026-09-27T18:25:35Z

=== STDOUT ===

=== STDERR ===
[cli-sandbox] listening on :9000
[cli-sandbox] "GET /health HTTP/1.1" 200 -
[cli-sandbox] "POST /verify HTTP/1.1" 200 -
[cli-sandbox] "POST /verify HTTP/1.1" 200 -
[cli-sandbox] "POST /verify HTTP/1.1" 200 -
[cli-sandbox] "POST /verify-start HTTP/1.1" 200 -
[cli-sandbox] "POST /verify-turn HTTP/1.1" 200 -
[cli-sandbox] "POST /verify-turn HTTP/1.1" 200 -
[cli-sandbox] "POST /verify-turn HTTP/1.1" 200 -
[cli-sandbox] "POST /verify-turn HTTP/1.1" 200 -
[cli-sandbox] "POST /verify-turn HTTP/1.1" 200 -
[cli-sandbox] "POST /verify-turn HTTP/1.1" 200 -
[cli-sandbox] "POST /verify-turn HTTP/1.1" 200 -
[cli-sandbox] "POST /verify-turn HTTP/1.1" 200 -
[cli-sandbox] "POST /verify-turn HTTP/1.1" 200 -
[cli-sandbox] "POST /verify-turn HTTP/1.1" 200 -
[cli-sandbox] "POST /verify-turn HTTP/1.1" 200 -
[cli-sandbox] "POST /verify-turn HTTP/1.1" 200 -
[cli-sandbox] "POST /verify-turn HTTP/1.1" 200 -
[cli-sandbox] "POST /verify-turn HTTP/1.1" 200 -
[cli-sandbox] "POST /verify-turn HTTP/1.1" 200 -
[cli-sandbox] "POST /verify-end HTTP/1.1" 200 -
[cli-sandbox] "POST /verify HTTP/1.1" 200 -

